Archive member included to satisfy reference by file (symbol)

d:/rt-threadstudio/platform/env_released/env/tools/gnu_gcc/arm_gcc/mingw/bin/../lib/gcc/arm-none-eabi/5.4.1/armv7-m\libgcc.a(_arm_addsubdf3.o)
                              ./rt-thread/components/libc/compilers/minilibc/math.o (__aeabi_dsub)
d:/rt-threadstudio/platform/env_released/env/tools/gnu_gcc/arm_gcc/mingw/bin/../lib/gcc/arm-none-eabi/5.4.1/armv7-m\libgcc.a(_arm_muldivdf3.o)
                              ./rt-thread/components/libc/compilers/minilibc/math.o (__aeabi_dmul)
d:/rt-threadstudio/platform/env_released/env/tools/gnu_gcc/arm_gcc/mingw/bin/../lib/gcc/arm-none-eabi/5.4.1/armv7-m\libgcc.a(_arm_fixdfsi.o)
                              ./rt-thread/components/libc/compilers/minilibc/math.o (__aeabi_d2iz)
d:/rt-threadstudio/platform/env_released/env/tools/gnu_gcc/arm_gcc/mingw/bin/../lib/gcc/arm-none-eabi/5.4.1/../../../../arm-none-eabi/lib/armv7-m\libg.a(lib_a-exit.o)
                              d:/rt-threadstudio/platform/env_released/env/tools/gnu_gcc/arm_gcc/mingw/bin/../lib/gcc/arm-none-eabi/5.4.1/../../../../arm-none-eabi/lib/armv7-m/crt0.o (exit)
d:/rt-threadstudio/platform/env_released/env/tools/gnu_gcc/arm_gcc/mingw/bin/../lib/gcc/arm-none-eabi/5.4.1/../../../../arm-none-eabi/lib/armv7-m\libg.a(lib_a-impure.o)
                              d:/rt-threadstudio/platform/env_released/env/tools/gnu_gcc/arm_gcc/mingw/bin/../lib/gcc/arm-none-eabi/5.4.1/../../../../arm-none-eabi/lib/armv7-m\libg.a(lib_a-exit.o) (_global_impure_ptr)
d:/rt-threadstudio/platform/env_released/env/tools/gnu_gcc/arm_gcc/mingw/bin/../lib/gcc/arm-none-eabi/5.4.1/../../../../arm-none-eabi/lib/armv7-m\libg.a(lib_a-init.o)
                              d:/rt-threadstudio/platform/env_released/env/tools/gnu_gcc/arm_gcc/mingw/bin/../lib/gcc/arm-none-eabi/5.4.1/../../../../arm-none-eabi/lib/armv7-m/crt0.o (__libc_init_array)
d:/rt-threadstudio/platform/env_released/env/tools/gnu_gcc/arm_gcc/mingw/bin/../lib/gcc/arm-none-eabi/5.4.1/../../../../arm-none-eabi/lib/armv7-m\libg.a(lib_a-__call_atexit.o)
                              d:/rt-threadstudio/platform/env_released/env/tools/gnu_gcc/arm_gcc/mingw/bin/../lib/gcc/arm-none-eabi/5.4.1/../../../../arm-none-eabi/lib/armv7-m\libg.a(lib_a-exit.o) (__call_exitprocs)
d:/rt-threadstudio/platform/env_released/env/tools/gnu_gcc/arm_gcc/mingw/bin/../lib/gcc/arm-none-eabi/5.4.1/../../../../arm-none-eabi/lib/armv7-m\libg.a(lib_a-atexit.o)
                              d:/rt-threadstudio/platform/env_released/env/tools/gnu_gcc/arm_gcc/mingw/bin/../lib/gcc/arm-none-eabi/5.4.1/../../../../arm-none-eabi/lib/armv7-m\libg.a(lib_a-__call_atexit.o) (atexit)
d:/rt-threadstudio/platform/env_released/env/tools/gnu_gcc/arm_gcc/mingw/bin/../lib/gcc/arm-none-eabi/5.4.1/../../../../arm-none-eabi/lib/armv7-m\libg.a(lib_a-fini.o)
                              d:/rt-threadstudio/platform/env_released/env/tools/gnu_gcc/arm_gcc/mingw/bin/../lib/gcc/arm-none-eabi/5.4.1/../../../../arm-none-eabi/lib/armv7-m\libg.a(lib_a-__call_atexit.o) (__libc_fini_array)
d:/rt-threadstudio/platform/env_released/env/tools/gnu_gcc/arm_gcc/mingw/bin/../lib/gcc/arm-none-eabi/5.4.1/../../../../arm-none-eabi/lib/armv7-m\libg.a(lib_a-__atexit.o)
                              d:/rt-threadstudio/platform/env_released/env/tools/gnu_gcc/arm_gcc/mingw/bin/../lib/gcc/arm-none-eabi/5.4.1/../../../../arm-none-eabi/lib/armv7-m\libg.a(lib_a-atexit.o) (__register_exitproc)

Allocating common symbols
Common symbol       size              file

rt_interrupt_to_thread
                    0x4               ./rt-thread/libcpu/arm/cortex-m3/cpuport.o
rt_interrupt_from_thread
                    0x4               ./rt-thread/libcpu/arm/cortex-m3/cpuport.o
shell               0x4               ./rt-thread/components/finsh/shell.o
rt_thread_switch_interrupt_flag
                    0x4               ./rt-thread/libcpu/arm/cortex-m3/cpuport.o
uwTick              0x4               ./libraries/STM32F1xx_HAL_Driver/Src/stm32f1xx_hal.o
pFlash              0x20              ./libraries/STM32F1xx_HAL_Driver/Src/stm32f1xx_hal_flash.o
rt_thread_priority_table
                    0x100             ./rt-thread/src/scheduler.o
rt_object_put_hook  0x4               ./rt-thread/src/object.o
rt_current_priority
                    0x1               ./rt-thread/src/scheduler.o
rt_assert_hook      0x4               ./rt-thread/src/kservice.o
rt_object_take_hook
                    0x4               ./rt-thread/src/object.o
rt_current_thread   0x4               ./rt-thread/src/scheduler.o
rt_thread_ready_priority_group
                    0x4               ./rt-thread/src/scheduler.o
rt_thread_defunct   0x8               ./rt-thread/src/scheduler.o
rt_object_trytake_hook
                    0x4               ./rt-thread/src/object.o

Discarded input sections

[...]
Memory Configuration

Name             Origin             Length             Attributes
ROM              0x08000000         0x00010000         xr
RAM              0x20000000         0x00005000         rw
*default*        0x00000000         0xffffffff

Linker script and memory map

LOAD d:/rt-threadstudio/platform/env_released/env/tools/gnu_gcc/arm_gcc/mingw/bin/../lib/gcc/arm-none-eabi/5.4.1/armv7-m/crti.o
LOAD d:/rt-threadstudio/platform/env_released/env/tools/gnu_gcc/arm_gcc/mingw/bin/../lib/gcc/arm-none-eabi/5.4.1/armv7-m/crtbegin.o
LOAD d:/rt-threadstudio/platform/env_released/env/tools/gnu_gcc/arm_gcc/mingw/bin/../lib/gcc/arm-none-eabi/5.4.1/../../../../arm-none-eabi/lib/armv7-m/crt0.o
LOAD ./rt-thread/src/clock.o
LOAD ./rt-thread/src/components.o
LOAD ./rt-thread/src/device.o
LOAD ./rt-thread/src/idle.o
LOAD ./rt-thread/src/ipc.o
LOAD ./rt-thread/src/irq.o
LOAD ./rt-thread/src/kservice.o
LOAD ./rt-thread/src/mem.o
LOAD ./rt-thread/src/mempool.o
LOAD ./rt-thread/src/object.o
LOAD ./rt-thread/src/scheduler.o
LOAD ./rt-thread/src/signal.o
LOAD ./rt-thread/src/thread.o
LOAD ./rt-thread/src/timer.o
LOAD ./rt-thread/libcpu/arm/cortex-m3/context_gcc.o
LOAD ./rt-thread/libcpu/arm/cortex-m3/cpuport.o
LOAD ./rt-thread/libcpu/arm/common/backtrace.o
LOAD ./rt-thread/libcpu/arm/common/div0.o
LOAD ./rt-thread/libcpu/arm/common/showmem.o
LOAD ./rt-thread/components/libc/compilers/minilibc/ctype.o
LOAD ./rt-thread/components/libc/compilers/minilibc/math.o
LOAD ./rt-thread/components/libc/compilers/minilibc/qsort.o
LOAD ./rt-thread/components/libc/compilers/minilibc/rand.o
LOAD ./rt-thread/components/libc/compilers/minilibc/stdlib.o
LOAD ./rt-thread/components/libc/compilers/minilibc/string.o
LOAD ./rt-thread/components/libc/compilers/minilibc/time.o
LOAD ./rt-thread/components/finsh/cmd.o
LOAD ./rt-thread/components/finsh/msh.o
LOAD ./rt-thread/components/finsh/shell.o
LOAD ./rt-thread/components/drivers/src/completion.o
LOAD ./rt-thread/components/drivers/src/dataqueue.o
LOAD ./rt-thread/components/drivers/src/pipe.o
LOAD ./rt-thread/components/drivers/src/ringblk_buf.o
LOAD ./rt-thread/components/drivers/src/ringbuffer.o
LOAD ./rt-thread/components/drivers/src/waitqueue.o
LOAD ./rt-thread/components/drivers/src/workqueue.o
LOAD ./rt-thread/components/drivers/serial/serial.o
LOAD ./rt-thread/components/drivers/misc/pin.o
LOAD ./rt-thread/components/drivers/i2c/i2c-bit-ops.o
LOAD ./rt-thread/components/drivers/i2c/i2c_core.o
LOAD ./rt-thread/components/drivers/i2c/i2c_dev.o
LOAD ./libraries/STM32F1xx_HAL_Driver/Src/Legacy/stm32f1xx_hal_can.o
LOAD ./libraries/STM32F1xx_HAL_Driver/Src/stm32f1xx_hal.o
LOAD ./libraries/STM32F1xx_HAL_Driver/Src/stm32f1xx_hal_adc.o
LOAD ./libraries/STM32F1xx_HAL_Driver/Src/stm32f1xx_hal_adc_ex.o
LOAD ./libraries/STM32F1xx_HAL_Driver/Src/stm32f1xx_hal_can.o
LOAD ./libraries/STM32F1xx_HAL_Driver/Src/stm32f1xx_hal_cec.o
LOAD ./libraries/STM32F1xx_HAL_Driver/Src/stm32f1xx_hal_cortex.o
LOAD ./libraries/STM32F1xx_HAL_Driver/Src/stm32f1xx_hal_crc.o
LOAD ./libraries/STM32F1xx_HAL_Driver/Src/stm32f1xx_hal_dac.o
LOAD ./libraries/STM32F1xx_HAL_Driver/Src/stm32f1xx_hal_dac_ex.o
LOAD ./libraries/STM32F1xx_HAL_Driver/Src/stm32f1xx_hal_dma.o
LOAD ./libraries/STM32F1xx_HAL_Driver/Src/stm32f1xx_hal_eth.o
LOAD ./libraries/STM32F1xx_HAL_Driver/Src/stm32f1xx_hal_exti.o
LOAD ./libraries/STM32F1xx_HAL_Driver/Src/stm32f1xx_hal_flash.o
LOAD ./libraries/STM32F1xx_HAL_Driver/Src/stm32f1xx_hal_flash_ex.o
LOAD ./libraries/STM32F1xx_HAL_Driver/Src/stm32f1xx_hal_gpio.o
LOAD ./libraries/STM32F1xx_HAL_Driver/Src/stm32f1xx_hal_gpio_ex.o
LOAD ./libraries/STM32F1xx_HAL_Driver/Src/stm32f1xx_hal_hcd.o
LOAD ./libraries/STM32F1xx_HAL_Driver/Src/stm32f1xx_hal_i2c.o
LOAD ./libraries/STM32F1xx_HAL_Driver/Src/stm32f1xx_hal_i2s.o
LOAD ./libraries/STM32F1xx_HAL_Driver/Src/stm32f1xx_hal_irda.o
LOAD ./libraries/STM32F1xx_HAL_Driver/Src/stm32f1xx_hal_iwdg.o
LOAD ./libraries/STM32F1xx_HAL_Driver/Src/stm32f1xx_hal_mmc.o
LOAD ./libraries/STM32F1xx_HAL_Driver/Src/stm32f1xx_hal_nand.o
LOAD ./libraries/STM32F1xx_HAL_Driver/Src/stm32f1xx_hal_nor.o
LOAD ./libraries/STM32F1xx_HAL_Driver/Src/stm32f1xx_hal_pccard.o
LOAD ./libraries/STM32F1xx_HAL_Driver/Src/stm32f1xx_hal_pcd.o
LOAD ./libraries/STM32F1xx_HAL_Driver/Src/stm32f1xx_hal_pcd_ex.o
LOAD ./libraries/STM32F1xx_HAL_Driver/Src/stm32f1xx_hal_pwr.o
LOAD ./libraries/STM32F1xx_HAL_Driver/Src/stm32f1xx_hal_rcc.o
LOAD ./libraries/STM32F1xx_HAL_Driver/Src/stm32f1xx_hal_rcc_ex.o
LOAD ./libraries/STM32F1xx_HAL_Driver/Src/stm32f1xx_hal_rtc.o
LOAD ./libraries/STM32F1xx_HAL_Driver/Src/stm32f1xx_hal_rtc_ex.o
LOAD ./libraries/STM32F1xx_HAL_Driver/Src/stm32f1xx_hal_sd.o
LOAD ./libraries/STM32F1xx_HAL_Driver/Src/stm32f1xx_hal_smartcard.o
LOAD ./libraries/STM32F1xx_HAL_Driver/Src/stm32f1xx_hal_spi.o
LOAD ./libraries/STM32F1xx_HAL_Driver/Src/stm32f1xx_hal_sram.o
LOAD ./libraries/STM32F1xx_HAL_Driver/Src/stm32f1xx_hal_tim.o
LOAD ./libraries/STM32F1xx_HAL_Driver/Src/stm32f1xx_hal_tim_ex.o
LOAD ./libraries/STM32F1xx_HAL_Driver/Src/stm32f1xx_hal_uart.o
LOAD ./libraries/STM32F1xx_HAL_Driver/Src/stm32f1xx_hal_usart.o
LOAD ./libraries/STM32F1xx_HAL_Driver/Src/stm32f1xx_hal_wwdg.o
LOAD ./libraries/CMSIS/Device/ST/STM32F1xx/Source/Templates/gcc/startup_stm32f103xb.o
LOAD ./libraries/CMSIS/Device/ST/STM32F1xx/Source/Templates/system_stm32f1xx.o
LOAD ./drivers/board.o
LOAD ./drivers/drv_common.o
LOAD ./drivers/drv_gpio.o
LOAD ./drivers/drv_soft_i2c.o
LOAD ./drivers/drv_usart.o
LOAD ./applications/main.o
START GROUP
LOAD d:/rt-threadstudio/platform/env_released/env/tools/gnu_gcc/arm_gcc/mingw/bin/../lib/gcc/arm-none-eabi/5.4.1/armv7-m\libgcc.a
LOAD d:/rt-threadstudio/platform/env_released/env/tools/gnu_gcc/arm_gcc/mingw/bin/../lib/gcc/arm-none-eabi/5.4.1/../../../../arm-none-eabi/lib/armv7-m\libg.a
LOAD d:/rt-threadstudio/platform/env_released/env/tools/gnu_gcc/arm_gcc/mingw/bin/../lib/gcc/arm-none-eabi/5.4.1/../../../../arm-none-eabi/lib/armv7-m\libc.a
END GROUP
LOAD d:/rt-threadstudio/platform/env_released/env/tools/gnu_gcc/arm_gcc/mingw/bin/../lib/gcc/arm-none-eabi/5.4.1/armv7-m/crtend.o
LOAD d:/rt-threadstudio/platform/env_released/env/tools/gnu_gcc/arm_gcc/mingw/bin/../lib/gcc/arm-none-eabi/5.4.1/armv7-m/crtn.o
                0x00000200                _system_stack_size = 0x200

.text           0x08000000     0xd528
                0x08000000                . = ALIGN (0x4)
                0x08000000                _stext = .
 *(.isr_vector)
 .isr_vector    0x08000000      0x10c ./libraries/CMSIS/Device/ST/STM32F1xx/Source/Templates/gcc/startup_stm32f103xb.o
                0x08000000                g_pfnVectors
                0x0800010c                . = ALIGN (0x4)
 *(.text)
 .text          0x0800010c       0x5c d:/rt-threadstudio/platform/env_released/env/tools/gnu_gcc/arm_gcc/mingw/bin/../lib/gcc/arm-none-eabi/5.4.1/armv7-m/crtbegin.o
 .text          0x08000168      0x100 ./rt-thread/libcpu/arm/cortex-m3/context_gcc.o
                0x08000168                rt_hw_interrupt_disable
                0x08000170                rt_hw_interrupt_enable
                0x08000176                rt_hw_context_switch_interrupt
                0x08000176                rt_hw_context_switch
                0x08000196                PendSV_Handler
                0x080001d2                rt_hw_context_switch_to
                0x0800020e                rt_hw_interrupt_thread_switch
                0x08000212                HardFault_Handler
                0x08000248                rt_hw_interrupt_check
 *(.text.*)
 .text.rt_tick_get
                0x08000268       0x14 ./rt-thread/src/clock.o
                0x08000268                rt_tick_get
 .text.rt_tick_increase
                0x0800027c       0x58 ./rt-thread/src/clock.o
                0x0800027c                rt_tick_increase
 .text.rt_tick_from_millisecond
                0x080002d4       0x78 ./rt-thread/src/clock.o
                0x080002d4                rt_tick_from_millisecond
 .text.rti_start
                0x0800034c       0x10 ./rt-thread/src/components.o
 .text.rti_board_start
                0x0800035c       0x10 ./rt-thread/src/components.o
 .text.rti_board_end
                0x0800036c       0x10 ./rt-thread/src/components.o
 .text.rti_end  0x0800037c       0x10 ./rt-thread/src/components.o
 .text.rt_components_board_init
                0x0800038c       0x30 ./rt-thread/src/components.o
                0x0800038c                rt_components_board_init
 .text.rt_components_init
                0x080003bc       0x30 ./rt-thread/src/components.o
                0x080003bc                rt_components_init
 .text.entry    0x080003ec       0x10 ./rt-thread/src/components.o
                0x080003ec                entry
 .text.main_thread_entry
                0x080003fc       0x18 ./rt-thread/src/components.o
                0x080003fc                main_thread_entry
 .text.rt_application_init
                0x08000414       0x4c ./rt-thread/src/components.o
                0x08000414                rt_application_init
 .text.rtthread_startup
                0x08000460       0x30 ./rt-thread/src/components.o
                0x08000460                rtthread_startup
 .text.rt_device_register
                0x08000490       0x54 ./rt-thread/src/device.o
                0x08000490                rt_device_register
 .text.rt_device_find
                0x080004e4       0x90 ./rt-thread/src/device.o
                0x080004e4                rt_device_find
 .text.rt_device_open
                0x08000574      0x11c ./rt-thread/src/device.o
                0x08000574                rt_device_open
 .text.rt_device_close
                0x08000690       0x9c ./rt-thread/src/device.o
                0x08000690                rt_device_close
 .text.rt_device_read
                0x0800072c       0x88 ./rt-thread/src/device.o
                0x0800072c                rt_device_read
 .text.rt_device_write
                0x080007b4       0x88 ./rt-thread/src/device.o
                0x080007b4                rt_device_write
 .text.rt_device_set_rx_indicate
                0x0800083c       0x54 ./rt-thread/src/device.o
                0x0800083c                rt_device_set_rx_indicate
 .text.rt_list_remove
                0x08000890       0x34 ./rt-thread/src/idle.o
 .text._has_defunct_thread
                0x080008c4       0x28 ./rt-thread/src/idle.o
 .text.rt_thread_idle_excute
                0x080008ec       0xc8 ./rt-thread/src/idle.o
                0x080008ec                rt_thread_idle_excute
 .text.rt_thread_idle_entry
                0x080009b4       0x3c ./rt-thread/src/idle.o
 .text.rt_thread_idle_init
                0x080009f0       0x74 ./rt-thread/src/idle.o
                0x080009f0                rt_thread_idle_init
 .text.rt_list_init
                0x08000a64       0x20 ./rt-thread/src/ipc.o
 .text.rt_list_insert_before
                0x08000a84       0x30 ./rt-thread/src/ipc.o
 .text.rt_list_isempty
                0x08000ab4       0x24 ./rt-thread/src/ipc.o
 .text.rt_ipc_object_init
                0x08000ad8       0x1c ./rt-thread/src/ipc.o
 .text.rt_ipc_list_suspend
                0x08000af4       0x90 ./rt-thread/src/ipc.o
 .text.rt_ipc_list_resume
                0x08000b84       0x20 ./rt-thread/src/ipc.o
 .text.rt_sem_init
                0x08000ba4       0x68 ./rt-thread/src/ipc.o
                0x08000ba4                rt_sem_init
 .text.rt_sem_take
                0x08000c0c      0x160 ./rt-thread/src/ipc.o
                0x08000c0c                rt_sem_take
 .text.rt_sem_release
                0x08000d6c       0xa0 ./rt-thread/src/ipc.o
                0x08000d6c                rt_sem_release
 .text.rt_mutex_init
                0x08000e0c       0x64 ./rt-thread/src/ipc.o
                0x08000e0c                rt_mutex_init
 .text.rt_mutex_take
                0x08000e70      0x1d0 ./rt-thread/src/ipc.o
                0x08000e70                rt_mutex_take
 .text.rt_mutex_release
                0x08001040      0x190 ./rt-thread/src/ipc.o
                0x08001040                rt_mutex_release
 .text.rt_interrupt_enter
                0x080011d0       0x40 ./rt-thread/src/irq.o
                0x080011d0                rt_interrupt_enter
 .text.rt_interrupt_leave
                0x08001210       0x40 ./rt-thread/src/irq.o
                0x08001210                rt_interrupt_leave
 .text.rt_interrupt_get_nest
                0x08001250       0x28 ./rt-thread/src/irq.o
                0x08001250                rt_interrupt_get_nest
 .text.rt_set_errno
                0x08001278       0x40 ./rt-thread/src/kservice.o
                0x08001278                rt_set_errno
 .text.rt_memset
                0x080012b8       0xb4 ./rt-thread/src/kservice.o
                0x080012b8                rt_memset
                0x080012b8                memset
 .text.rt_memcpy
                0x0800136c       0xd0 ./rt-thread/src/kservice.o
                0x0800136c                rt_memcpy
                0x0800136c                memcpy
 .text.rt_memmove
                0x0800143c       0x80 ./rt-thread/src/kservice.o
                0x0800143c                rt_memmove
                0x0800143c                memmove
 .text.rt_memcmp
                0x080014bc       0x58 ./rt-thread/src/kservice.o
                0x080014bc                rt_memcmp
                0x080014bc                memcmp
 .text.rt_strncpy
                0x08001514       0x64 ./rt-thread/src/kservice.o
                0x08001514                rt_strncpy
 .text.rt_strncmp
                0x08001578       0x4c ./rt-thread/src/kservice.o
                0x08001578                rt_strncmp
 .text.rt_strlen
                0x080015c4       0x2c ./rt-thread/src/kservice.o
                0x080015c4                strlen
                0x080015c4                rt_strlen
 .text.rt_show_version
                0x080015f0       0x44 ./rt-thread/src/kservice.o
                0x080015f0                rt_show_version
 .text.divide   0x08001634       0x68 ./rt-thread/src/kservice.o
 .text.skip_atoi
                0x0800169c       0x40 ./rt-thread/src/kservice.o
 .text.print_number
                0x080016dc      0x1dc ./rt-thread/src/kservice.o
 .text.rt_vsnprintf
                0x080018b8      0x548 ./rt-thread/src/kservice.o
                0x080018b8                rt_vsnprintf
 .text.rt_vsprintf
                0x08001e00       0x24 ./rt-thread/src/kservice.o
                0x08001e00                rt_vsprintf
                0x08001e00                vsprintf
 .text.rt_sprintf
                0x08001e24       0x2c ./rt-thread/src/kservice.o
                0x08001e24                sprintf
                0x08001e24                rt_sprintf
 .text.rt_console_get_device
                0x08001e50       0x14 ./rt-thread/src/kservice.o
                0x08001e50                rt_console_get_device
 .text.rt_console_set_device
                0x08001e64       0x4c ./rt-thread/src/kservice.o
                0x08001e64                rt_console_set_device
 .text.rt_hw_console_output
                0x08001eb0       0x14 ./rt-thread/src/kservice.o
                0x08001eb0                rt_hw_console_output
 .text.rt_kprintf
                0x08001ec4       0x80 ./rt-thread/src/kservice.o
                0x08001ec4                rt_kprintf
 .text.rt_assert_handler
                0x08001f44       0x4c ./rt-thread/src/kservice.o
                0x08001f44                rt_assert_handler
 .text.plug_holes
                0x08001f90      0x100 ./rt-thread/src/mem.o
 .text.rt_system_heap_init
                0x08002090      0x118 ./rt-thread/src/mem.o
                0x08002090                rt_system_heap_init
 .text.rt_malloc
                0x080021a8      0x294 ./rt-thread/src/mem.o
                0x080021a8                rt_malloc
 .text.rt_calloc
                0x0800243c       0x3c ./rt-thread/src/mem.o
                0x0800243c                rt_calloc
 .text.rt_free  0x08002478      0x188 ./rt-thread/src/mem.o
                0x08002478                rt_free
 .text.list_mem
                0x08002600       0x44 ./rt-thread/src/mem.o
                0x08002600                list_mem
 .text.rt_list_insert_after
                0x08002644       0x30 ./rt-thread/src/object.o
 .text.rt_list_remove
                0x08002674       0x34 ./rt-thread/src/object.o
 .text.rt_object_get_information
                0x080026a8       0x48 ./rt-thread/src/object.o
                0x080026a8                rt_object_get_information
 .text.rt_object_init
                0x080026f0       0xc8 ./rt-thread/src/object.o
                0x080026f0                rt_object_init
 .text.rt_object_detach
                0x080027b8       0x5c ./rt-thread/src/object.o
                0x080027b8                rt_object_detach
 .text.rt_object_allocate
                0x08002814       0xd8 ./rt-thread/src/object.o
                0x08002814                rt_object_allocate
 .text.rt_object_delete
                0x080028ec       0x7c ./rt-thread/src/object.o
                0x080028ec                rt_object_delete
 .text.rt_object_is_systemobject
                0x08002968       0x3c ./rt-thread/src/object.o
                0x08002968                rt_object_is_systemobject
 .text.rt_object_get_type
                0x080029a4       0x34 ./rt-thread/src/object.o
                0x080029a4                rt_object_get_type
 .text.rt_list_init
                0x080029d8       0x20 ./rt-thread/src/scheduler.o
 .text.rt_list_insert_before
                0x080029f8       0x30 ./rt-thread/src/scheduler.o
 .text.rt_list_remove
                0x08002a28       0x34 ./rt-thread/src/scheduler.o
 .text.rt_list_isempty
                0x08002a5c       0x24 ./rt-thread/src/scheduler.o
 .text._rt_scheduler_stack_check
                0x08002a80       0x98 ./rt-thread/src/scheduler.o
 .text._get_highest_priority_thread
                0x08002b18       0x38 ./rt-thread/src/scheduler.o
 .text.rt_system_scheduler_init
                0x08002b50       0x40 ./rt-thread/src/scheduler.o
                0x08002b50                rt_system_scheduler_init
 .text.rt_system_scheduler_start
                0x08002b90       0x38 ./rt-thread/src/scheduler.o
                0x08002b90                rt_system_scheduler_start
 .text.rt_schedule
                0x08002bc8      0x188 ./rt-thread/src/scheduler.o
                0x08002bc8                rt_schedule
 .text.rt_schedule_insert_thread
                0x08002d50       0xac ./rt-thread/src/scheduler.o
                0x08002d50                rt_schedule_insert_thread
 .text.rt_schedule_remove_thread
                0x08002dfc       0x70 ./rt-thread/src/scheduler.o
                0x08002dfc                rt_schedule_remove_thread
 .text.rt_enter_critical
                0x08002e6c       0x2c ./rt-thread/src/scheduler.o
                0x08002e6c                rt_enter_critical
 .text.rt_exit_critical
                0x08002e98       0x54 ./rt-thread/src/scheduler.o
                0x08002e98                rt_exit_critical
 .text.rt_list_init
                0x08002eec       0x20 ./rt-thread/src/thread.o
 .text.rt_list_insert_after
                0x08002f0c       0x30 ./rt-thread/src/thread.o
 .text.rt_list_remove
                0x08002f3c       0x34 ./rt-thread/src/thread.o
 .text.rt_thread_exit
                0x08002f70       0x68 ./rt-thread/src/thread.o
                0x08002f70                rt_thread_exit
 .text._rt_thread_init
                0x08002fd8       0xf8 ./rt-thread/src/thread.o
 .text.rt_thread_init
                0x080030d0       0x6c ./rt-thread/src/thread.o
                0x080030d0                rt_thread_init
 .text.rt_thread_self
                0x0800313c       0x14 ./rt-thread/src/thread.o
                0x0800313c                rt_thread_self
 .text.rt_thread_startup
                0x08003150       0xa0 ./rt-thread/src/thread.o
                0x08003150                rt_thread_startup
 .text.rt_thread_create
                0x080031f0       0x64 ./rt-thread/src/thread.o
                0x080031f0                rt_thread_create
 .text.rt_thread_delete
                0x08003254       0xa8 ./rt-thread/src/thread.o
                0x08003254                rt_thread_delete
 .text.rt_thread_yield
                0x080032fc       0x10 ./rt-thread/src/thread.o
                0x080032fc                rt_thread_yield
 .text.rt_thread_sleep
                0x0800330c       0x8c ./rt-thread/src/thread.o
                0x0800330c                rt_thread_sleep
 .text.rt_thread_delay
                0x08003398       0x18 ./rt-thread/src/thread.o
                0x08003398                rt_thread_delay
 .text.rt_thread_mdelay
                0x080033b0       0x20 ./rt-thread/src/thread.o
                0x080033b0                rt_thread_mdelay
 .text.rt_thread_control
                0x080033d0       0xd4 ./rt-thread/src/thread.o
                0x080033d0                rt_thread_control
 .text.rt_thread_suspend
                0x080034a4       0xcc ./rt-thread/src/thread.o
                0x080034a4                rt_thread_suspend
 .text.rt_thread_resume
                0x08003570       0x98 ./rt-thread/src/thread.o
                0x08003570                rt_thread_resume
 .text.rt_thread_timeout
                0x08003608       0x84 ./rt-thread/src/thread.o
                0x08003608                rt_thread_timeout
 .text.rt_list_init
                0x0800368c       0x20 ./rt-thread/src/timer.o
 .text.rt_list_insert_after
                0x080036ac       0x30 ./rt-thread/src/timer.o
 .text.rt_list_remove
                0x080036dc       0x34 ./rt-thread/src/timer.o
 .text.rt_list_isempty
                0x08003710       0x24 ./rt-thread/src/timer.o
 .text._rt_timer_init
                0x08003734       0x68 ./rt-thread/src/timer.o
 .text.rt_timer_list_next_timeout
                0x0800379c       0x30 ./rt-thread/src/timer.o
 .text._rt_timer_remove
                0x080037cc       0x34 ./rt-thread/src/timer.o
 .text.rt_timer_init
                0x08003800       0x48 ./rt-thread/src/timer.o
                0x08003800                rt_timer_init
 .text.rt_timer_detach
                0x08003848       0x7c ./rt-thread/src/timer.o
                0x08003848                rt_timer_detach
 .text.rt_timer_start
                0x080038c4      0x23c ./rt-thread/src/timer.o
                0x080038c4                rt_timer_start
 .text.rt_timer_stop
                0x08003b00       0x94 ./rt-thread/src/timer.o
                0x08003b00                rt_timer_stop
 .text.rt_timer_control
                0x08003b94       0xa0 ./rt-thread/src/timer.o
                0x08003b94                rt_timer_control
 .text.rt_timer_check
                0x08003c34       0xcc ./rt-thread/src/timer.o
                0x08003c34                rt_timer_check
 .text.rt_soft_timer_check
                0x08003d00       0xd8 ./rt-thread/src/timer.o
                0x08003d00                rt_soft_timer_check
 .text.rt_thread_timer_entry
                0x08003dd8       0x58 ./rt-thread/src/timer.o
 .text.rt_system_timer_init
                0x08003e30       0x34 ./rt-thread/src/timer.o
                0x08003e30                rt_system_timer_init
 .text.rt_system_timer_thread_init
                0x08003e64       0x68 ./rt-thread/src/timer.o
                0x08003e64                rt_system_timer_thread_init
 .text.rt_hw_stack_init
                0x08003ecc       0x88 ./rt-thread/libcpu/arm/cortex-m3/cpuport.o
                0x08003ecc                rt_hw_stack_init
 .text.usage_fault_track
                0x08003f54       0xc4 ./rt-thread/libcpu/arm/cortex-m3/cpuport.o
 .text.bus_fault_track
                0x08004018       0xcc ./rt-thread/libcpu/arm/cortex-m3/cpuport.o
 .text.mem_manage_fault_track
                0x080040e4       0xb4 ./rt-thread/libcpu/arm/cortex-m3/cpuport.o
 .text.hard_fault_track
                0x08004198       0x78 ./rt-thread/libcpu/arm/cortex-m3/cpuport.o
 .text.rt_hw_hard_fault_exception
                0x08004210      0x168 ./rt-thread/libcpu/arm/cortex-m3/cpuport.o
                0x08004210                rt_hw_hard_fault_exception
 .text.rt_hw_cpu_reset
                0x08004378       0x1c ./rt-thread/libcpu/arm/cortex-m3/cpuport.o
                0x08004378                rt_hw_cpu_reset
 .text.__rt_ffs
                0x08004394       0x28 ./rt-thread/libcpu/arm/cortex-m3/cpuport.o
                0x08004394                __rt_ffs
 .text.malloc   0x080043bc       0x18 ./rt-thread/components/libc/compilers/minilibc/stdlib.o
                0x080043bc                malloc
 .text.strncpy  0x080043d4       0x20 ./rt-thread/components/libc/compilers/minilibc/string.o
                0x080043d4                strncpy
 .text.strncmp  0x080043f4       0x4c ./rt-thread/components/libc/compilers/minilibc/string.o
                0x080043f4                strncmp
 .text.rt_list_isempty
                0x08004440       0x24 ./rt-thread/components/finsh/cmd.o
 .text.rt_list_len
                0x08004464       0x34 ./rt-thread/components/finsh/cmd.o
 .text.hello    0x08004498       0x14 ./rt-thread/components/finsh/cmd.o
                0x08004498                hello
 .text.version  0x080044ac       0x10 ./rt-thread/components/finsh/cmd.o
                0x080044ac                version
 .text.object_split
                0x080044bc       0x28 ./rt-thread/components/finsh/cmd.o
 .text.list_find_init
                0x080044e4       0x48 ./rt-thread/components/finsh/cmd.o
 .text.list_get_next
                0x0800452c       0xc8 ./rt-thread/components/finsh/cmd.o
 .text.list_thread
                0x080045f4      0x208 ./rt-thread/components/finsh/cmd.o
                0x080045f4                list_thread
 .text.show_wait_queue
                0x080047fc       0x50 ./rt-thread/components/finsh/cmd.o
 .text.list_sem
                0x0800484c      0x12c ./rt-thread/components/finsh/cmd.o
                0x0800484c                list_sem
 .text.list_event
                0x08004978      0x118 ./rt-thread/components/finsh/cmd.o
                0x08004978                list_event
 .text.list_mutex
                0x08004a90       0xe8 ./rt-thread/components/finsh/cmd.o
                0x08004a90                list_mutex
 .text.list_mailbox
                0x08004b78      0x13c ./rt-thread/components/finsh/cmd.o
                0x08004b78                list_mailbox
 .text.list_msgqueue
                0x08004cb4      0x12c ./rt-thread/components/finsh/cmd.o
                0x08004cb4                list_msgqueue
 .text.list_mempool
                0x08004de0      0x144 ./rt-thread/components/finsh/cmd.o
                0x08004de0                list_mempool
 .text.list_timer
                0x08004f24      0x108 ./rt-thread/components/finsh/cmd.o
                0x08004f24                list_timer
 .text.list_device
                0x0800502c       0xf0 ./rt-thread/components/finsh/cmd.o
                0x0800502c                list_device
 .text.list     0x0800511c       0x6c ./rt-thread/components/finsh/cmd.o
                0x0800511c                list
 .text.msh_is_used
                0x08005188       0x10 ./rt-thread/components/finsh/msh.o
                0x08005188                msh_is_used
 .text.msh_help
                0x08005198       0x7c ./rt-thread/components/finsh/msh.o
                0x08005198                msh_help
 .text.cmd_ps   0x08005214       0x18 ./rt-thread/components/finsh/msh.o
                0x08005214                cmd_ps
 .text.cmd_free
                0x0800522c       0x18 ./rt-thread/components/finsh/msh.o
                0x0800522c                cmd_free
 .text.msh_split
                0x08005244      0x170 ./rt-thread/components/finsh/msh.o
 .text.msh_get_cmd
                0x080053b4       0x80 ./rt-thread/components/finsh/msh.o
 .text._msh_exec_cmd
                0x08005434       0xd4 ./rt-thread/components/finsh/msh.o
 .text.msh_exec
                0x08005508       0x84 ./rt-thread/components/finsh/msh.o
                0x08005508                msh_exec
 .text.str_common
                0x0800558c       0x48 ./rt-thread/components/finsh/msh.o
 .text.msh_auto_complete
                0x080055d4       0xd0 ./rt-thread/components/finsh/msh.o
                0x080055d4                msh_auto_complete
 .text.finsh_get_prompt
                0x080056a4       0xa0 ./rt-thread/components/finsh/shell.o
                0x080056a4                finsh_get_prompt
 .text.finsh_set_prompt_mode
                0x08005744       0x48 ./rt-thread/components/finsh/shell.o
                0x08005744                finsh_set_prompt_mode
 .text.finsh_getchar
                0x0800578c       0x5c ./rt-thread/components/finsh/shell.o
 .text.finsh_rx_ind
                0x080057e8       0x3c ./rt-thread/components/finsh/shell.o
 .text.finsh_set_device
                0x08005824       0xd8 ./rt-thread/components/finsh/shell.o
                0x08005824                finsh_set_device
 .text.shell_auto_complete
                0x080058fc       0x40 ./rt-thread/components/finsh/shell.o
 .text.shell_handle_history
                0x0800593c       0x34 ./rt-thread/components/finsh/shell.o
 .text.shell_push_history
                0x08005970      0x160 ./rt-thread/components/finsh/shell.o
 .text.finsh_thread_entry
                0x08005ad0      0x5d8 ./rt-thread/components/finsh/shell.o
                0x08005ad0                finsh_thread_entry
 .text.finsh_system_function_init
                0x080060a8       0x28 ./rt-thread/components/finsh/shell.o
                0x080060a8                finsh_system_function_init
 .text.finsh_system_var_init
                0x080060d0       0x28 ./rt-thread/components/finsh/shell.o
                0x080060d0                finsh_system_var_init
 .text.finsh_system_init
                0x080060f8       0xac ./rt-thread/components/finsh/shell.o
                0x080060f8                finsh_system_init
 .text.rt_list_init
                0x080061a4       0x20 ./rt-thread/components/drivers/src/completion.o
 .text.rt_list_insert_before
                0x080061c4       0x30 ./rt-thread/components/drivers/src/completion.o
 .text.rt_list_isempty
                0x080061f4       0x24 ./rt-thread/components/drivers/src/completion.o
 .text.rt_completion_init
                0x08006218       0x44 ./rt-thread/components/drivers/src/completion.o
                0x08006218                rt_completion_init
 .text.rt_completion_wait
                0x0800625c       0xfc ./rt-thread/components/drivers/src/completion.o
                0x0800625c                rt_completion_wait
 .text.rt_completion_done
                0x08006358       0x70 ./rt-thread/components/drivers/src/completion.o
                0x08006358                rt_completion_done
 .text._serial_poll_rx
                0x080063c8       0x74 ./rt-thread/components/drivers/serial/serial.o
 .text._serial_poll_tx
                0x0800643c       0x7c ./rt-thread/components/drivers/serial/serial.o
 .text._serial_int_rx
                0x080064b8       0xd8 ./rt-thread/components/drivers/serial/serial.o
 .text._serial_int_tx
                0x08006590       0x90 ./rt-thread/components/drivers/serial/serial.o
 .text._serial_check_buffer_size
                0x08006620       0x38 ./rt-thread/components/drivers/serial/serial.o
 .text.rt_serial_init
                0x08006658       0x5c ./rt-thread/components/drivers/serial/serial.o
 .text.rt_serial_open
                0x080066b4      0x20c ./rt-thread/components/drivers/serial/serial.o
 .text.rt_serial_close
                0x080068c0       0xe0 ./rt-thread/components/drivers/serial/serial.o
 .text.rt_serial_read
                0x080069a0       0x68 ./rt-thread/components/drivers/serial/serial.o
 .text.rt_serial_write
                0x08006a08       0x68 ./rt-thread/components/drivers/serial/serial.o
 .text.rt_serial_control
                0x08006a70       0xd0 ./rt-thread/components/drivers/serial/serial.o
 .text.rt_hw_serial_register
                0x08006b40       0x9c ./rt-thread/components/drivers/serial/serial.o
                0x08006b40                rt_hw_serial_register
 .text.rt_hw_serial_isr
                0x08006bdc      0x14c ./rt-thread/components/drivers/serial/serial.o
                0x08006bdc                rt_hw_serial_isr
 .text._pin_read
                0x08006d28       0x60 ./rt-thread/components/drivers/misc/pin.o
 .text._pin_write
                0x08006d88       0x5c ./rt-thread/components/drivers/misc/pin.o
 .text._pin_control
                0x08006de4       0x58 ./rt-thread/components/drivers/misc/pin.o
 .text.rt_device_pin_register
                0x08006e3c       0x74 ./rt-thread/components/drivers/misc/pin.o
                0x08006e3c                rt_device_pin_register
 .text.rt_pin_mode
                0x08006eb0       0x40 ./rt-thread/components/drivers/misc/pin.o
                0x08006eb0                rt_pin_mode
 .text.rt_pin_write
                0x08006ef0       0x40 ./rt-thread/components/drivers/misc/pin.o
                0x08006ef0                rt_pin_write
 .text.rt_pin_read
                0x08006f30       0x3c ./rt-thread/components/drivers/misc/pin.o
                0x08006f30                rt_pin_read
 .text.i2c_delay
                0x08006f6c       0x20 ./rt-thread/components/drivers/i2c/i2c-bit-ops.o
 .text.i2c_delay2
                0x08006f8c       0x1c ./rt-thread/components/drivers/i2c/i2c-bit-ops.o
 .text.SCL_H    0x08006fa8       0x74 ./rt-thread/components/drivers/i2c/i2c-bit-ops.o
 .text.i2c_start
                0x0800701c       0x34 ./rt-thread/components/drivers/i2c/i2c-bit-ops.o
 .text.i2c_restart
                0x08007050       0x4c ./rt-thread/components/drivers/i2c/i2c-bit-ops.o
 .text.i2c_stop
                0x0800709c       0x44 ./rt-thread/components/drivers/i2c/i2c-bit-ops.o
 .text.i2c_waitack
                0x080070e0       0x80 ./rt-thread/components/drivers/i2c/i2c-bit-ops.o
 .text.i2c_writeb
                0x08007160       0x8c ./rt-thread/components/drivers/i2c/i2c-bit-ops.o
 .text.i2c_readb
                0x080071ec       0x88 ./rt-thread/components/drivers/i2c/i2c-bit-ops.o
 .text.i2c_send_bytes
                0x08007274       0x98 ./rt-thread/components/drivers/i2c/i2c-bit-ops.o
 .text.i2c_send_ack_or_nack
                0x0800730c       0x74 ./rt-thread/components/drivers/i2c/i2c-bit-ops.o
 .text.i2c_recv_bytes
                0x08007380       0x7c ./rt-thread/components/drivers/i2c/i2c-bit-ops.o
 .text.i2c_send_address
                0x080073fc       0x64 ./rt-thread/components/drivers/i2c/i2c-bit-ops.o
 .text.i2c_bit_send_address
                0x08007460      0x164 ./rt-thread/components/drivers/i2c/i2c-bit-ops.o
 .text.i2c_bit_xfer
                0x080075c4       0xf0 ./rt-thread/components/drivers/i2c/i2c-bit-ops.o
 .text.rt_i2c_bit_add_bus
                0x080076b4       0x28 ./rt-thread/components/drivers/i2c/i2c-bit-ops.o
                0x080076b4                rt_i2c_bit_add_bus
 .text.rt_i2c_bus_device_register
                0x080076dc       0x64 ./rt-thread/components/drivers/i2c/i2c_core.o
                0x080076dc                rt_i2c_bus_device_register
 .text.rt_i2c_transfer
                0x08007740       0x6c ./rt-thread/components/drivers/i2c/i2c_core.o
                0x08007740                rt_i2c_transfer
 .text.rt_i2c_master_send
                0x080077ac       0x4c ./rt-thread/components/drivers/i2c/i2c_core.o
                0x080077ac                rt_i2c_master_send
 .text.rt_i2c_master_recv
                0x080077f8       0x68 ./rt-thread/components/drivers/i2c/i2c_core.o
                0x080077f8                rt_i2c_master_recv
 .text.rt_i2c_core_init
                0x08007860       0x10 ./rt-thread/components/drivers/i2c/i2c_core.o
                0x08007860                rt_i2c_core_init
 .text.i2c_bus_device_read
                0x08007870       0x64 ./rt-thread/components/drivers/i2c/i2c_dev.o
 .text.i2c_bus_device_write
                0x080078d4       0x64 ./rt-thread/components/drivers/i2c/i2c_dev.o
 .text.i2c_bus_device_control
                0x08007938       0xa8 ./rt-thread/components/drivers/i2c/i2c_dev.o
 .text.rt_i2c_bus_device_device_init
                0x080079e0       0x78 ./rt-thread/components/drivers/i2c/i2c_dev.o
                0x080079e0                rt_i2c_bus_device_device_init
 .text.HAL_Init
                0x08007a58       0x2c ./libraries/STM32F1xx_HAL_Driver/Src/stm32f1xx_hal.o
                0x08007a58                HAL_Init
 .text.HAL_MspInit
                0x08007a84        0xc ./libraries/STM32F1xx_HAL_Driver/Src/stm32f1xx_hal.o
                0x08007a84                HAL_MspInit
 .text.HAL_IncTick
                0x08007a90       0x24 ./libraries/STM32F1xx_HAL_Driver/Src/stm32f1xx_hal.o
                0x08007a90                HAL_IncTick
 .text.__NVIC_SetPriorityGrouping
                0x08007ab4       0x48 ./libraries/STM32F1xx_HAL_Driver/Src/stm32f1xx_hal_cortex.o
 .text.__NVIC_GetPriorityGrouping
                0x08007afc       0x1c ./libraries/STM32F1xx_HAL_Driver/Src/stm32f1xx_hal_cortex.o
 .text.__NVIC_EnableIRQ
                0x08007b18       0x38 ./libraries/STM32F1xx_HAL_Driver/Src/stm32f1xx_hal_cortex.o
 .text.__NVIC_DisableIRQ
                0x08007b50       0x44 ./libraries/STM32F1xx_HAL_Driver/Src/stm32f1xx_hal_cortex.o
 .text.__NVIC_SetPriority
                0x08007b94       0x54 ./libraries/STM32F1xx_HAL_Driver/Src/stm32f1xx_hal_cortex.o
 .text.NVIC_EncodePriority
                0x08007be8       0x60 ./libraries/STM32F1xx_HAL_Driver/Src/stm32f1xx_hal_cortex.o
 .text.SysTick_Config
                0x08007c48       0x44 ./libraries/STM32F1xx_HAL_Driver/Src/stm32f1xx_hal_cortex.o
 .text.HAL_NVIC_SetPriorityGrouping
                0x08007c8c       0x18 ./libraries/STM32F1xx_HAL_Driver/Src/stm32f1xx_hal_cortex.o
                0x08007c8c                HAL_NVIC_SetPriorityGrouping
 .text.HAL_NVIC_SetPriority
                0x08007ca4       0x38 ./libraries/STM32F1xx_HAL_Driver/Src/stm32f1xx_hal_cortex.o
                0x08007ca4                HAL_NVIC_SetPriority
 .text.HAL_NVIC_EnableIRQ
                0x08007cdc       0x1c ./libraries/STM32F1xx_HAL_Driver/Src/stm32f1xx_hal_cortex.o
                0x08007cdc                HAL_NVIC_EnableIRQ
 .text.HAL_NVIC_DisableIRQ
                0x08007cf8       0x1c ./libraries/STM32F1xx_HAL_Driver/Src/stm32f1xx_hal_cortex.o
                0x08007cf8                HAL_NVIC_DisableIRQ
 .text.HAL_SYSTICK_Config
                0x08007d14       0x18 ./libraries/STM32F1xx_HAL_Driver/Src/stm32f1xx_hal_cortex.o
                0x08007d14                HAL_SYSTICK_Config
 .text.HAL_SYSTICK_CLKSourceConfig
                0x08007d2c       0x38 ./libraries/STM32F1xx_HAL_Driver/Src/stm32f1xx_hal_cortex.o
                0x08007d2c                HAL_SYSTICK_CLKSourceConfig
 .text.HAL_DMA_Start_IT
                0x08007d64       0xc0 ./libraries/STM32F1xx_HAL_Driver/Src/stm32f1xx_hal_dma.o
                0x08007d64                HAL_DMA_Start_IT
 .text.DMA_SetConfig
                0x08007e24       0x5c ./libraries/STM32F1xx_HAL_Driver/Src/stm32f1xx_hal_dma.o
 .text.HAL_GPIO_Init
                0x08007e80      0x2b4 ./libraries/STM32F1xx_HAL_Driver/Src/stm32f1xx_hal_gpio.o
                0x08007e80                HAL_GPIO_Init
 .text.HAL_GPIO_DeInit
                0x08008134      0x178 ./libraries/STM32F1xx_HAL_Driver/Src/stm32f1xx_hal_gpio.o
                0x08008134                HAL_GPIO_DeInit
 .text.HAL_GPIO_ReadPin
                0x080082ac       0x30 ./libraries/STM32F1xx_HAL_Driver/Src/stm32f1xx_hal_gpio.o
                0x080082ac                HAL_GPIO_ReadPin
 .text.HAL_GPIO_WritePin
                0x080082dc       0x30 ./libraries/STM32F1xx_HAL_Driver/Src/stm32f1xx_hal_gpio.o
                0x080082dc                HAL_GPIO_WritePin
 .text.HAL_GPIO_EXTI_IRQHandler
                0x0800830c       0x30 ./libraries/STM32F1xx_HAL_Driver/Src/stm32f1xx_hal_gpio.o
                0x0800830c                HAL_GPIO_EXTI_IRQHandler
 .text.HAL_RCC_OscConfig
                0x0800833c      0x4fc ./libraries/STM32F1xx_HAL_Driver/Src/stm32f1xx_hal_rcc.o
                0x0800833c                HAL_RCC_OscConfig
 .text.HAL_RCC_ClockConfig
                0x08008838      0x1d4 ./libraries/STM32F1xx_HAL_Driver/Src/stm32f1xx_hal_rcc.o
                0x08008838                HAL_RCC_ClockConfig
 .text.HAL_RCC_GetSysClockFreq
                0x08008a0c       0xc8 ./libraries/STM32F1xx_HAL_Driver/Src/stm32f1xx_hal_rcc.o
                0x08008a0c                HAL_RCC_GetSysClockFreq
 .text.HAL_RCC_GetHCLKFreq
                0x08008ad4       0x14 ./libraries/STM32F1xx_HAL_Driver/Src/stm32f1xx_hal_rcc.o
                0x08008ad4                HAL_RCC_GetHCLKFreq
 .text.HAL_RCC_GetPCLK1Freq
                0x08008ae8       0x28 ./libraries/STM32F1xx_HAL_Driver/Src/stm32f1xx_hal_rcc.o
                0x08008ae8                HAL_RCC_GetPCLK1Freq
 .text.HAL_RCC_GetPCLK2Freq
                0x08008b10       0x28 ./libraries/STM32F1xx_HAL_Driver/Src/stm32f1xx_hal_rcc.o
                0x08008b10                HAL_RCC_GetPCLK2Freq
 .text.RCC_Delay
                0x08008b38       0x3c ./libraries/STM32F1xx_HAL_Driver/Src/stm32f1xx_hal_rcc.o
 .text.HAL_UART_Init
                0x08008b74       0x9c ./libraries/STM32F1xx_HAL_Driver/Src/stm32f1xx_hal_uart.o
                0x08008b74                HAL_UART_Init
 .text.HAL_UART_MspInit
                0x08008c10       0x14 ./libraries/STM32F1xx_HAL_Driver/Src/stm32f1xx_hal_uart.o
                0x08008c10                HAL_UART_MspInit
 .text.HAL_UART_Transmit_DMA
                0x08008c24       0xd8 ./libraries/STM32F1xx_HAL_Driver/Src/stm32f1xx_hal_uart.o
                0x08008c24                HAL_UART_Transmit_DMA
 .text.HAL_UART_TxCpltCallback
                0x08008cfc       0x14 ./libraries/STM32F1xx_HAL_Driver/Src/stm32f1xx_hal_uart.o
                0x08008cfc                HAL_UART_TxCpltCallback
 .text.HAL_UART_TxHalfCpltCallback
                0x08008d10       0x14 ./libraries/STM32F1xx_HAL_Driver/Src/stm32f1xx_hal_uart.o
                0x08008d10                HAL_UART_TxHalfCpltCallback
 .text.HAL_UART_ErrorCallback
                0x08008d24       0x14 ./libraries/STM32F1xx_HAL_Driver/Src/stm32f1xx_hal_uart.o
                0x08008d24                HAL_UART_ErrorCallback
 .text.UART_DMATransmitCplt
                0x08008d38       0x54 ./libraries/STM32F1xx_HAL_Driver/Src/stm32f1xx_hal_uart.o
 .text.UART_DMATxHalfCplt
                0x08008d8c       0x1c ./libraries/STM32F1xx_HAL_Driver/Src/stm32f1xx_hal_uart.o
 .text.UART_DMAError
                0x08008da8       0x94 ./libraries/STM32F1xx_HAL_Driver/Src/stm32f1xx_hal_uart.o
 .text.UART_EndTxTransfer
                0x08008e3c       0x2c ./libraries/STM32F1xx_HAL_Driver/Src/stm32f1xx_hal_uart.o
 .text.UART_EndRxTransfer
                0x08008e68       0x3c ./libraries/STM32F1xx_HAL_Driver/Src/stm32f1xx_hal_uart.o
 .text.UART_SetConfig
                0x08008ea4      0x1b4 ./libraries/STM32F1xx_HAL_Driver/Src/stm32f1xx_hal_uart.o
 .text.Reset_Handler
                0x08009058       0x44 ./libraries/CMSIS/Device/ST/STM32F1xx/Source/Templates/gcc/startup_stm32f103xb.o
                0x08009058                Reset_Handler
 .text.Default_Handler
                0x0800909c        0x2 ./libraries/CMSIS/Device/ST/STM32F1xx/Source/Templates/gcc/startup_stm32f103xb.o
                0x0800909c                RTC_Alarm_IRQHandler
                0x0800909c                DebugMon_Handler
                0x0800909c                TIM1_CC_IRQHandler
                0x0800909c                PVD_IRQHandler
                0x0800909c                NMI_Handler
                0x0800909c                I2C2_EV_IRQHandler
                0x0800909c                UsageFault_Handler
                0x0800909c                ADC1_2_IRQHandler
                0x0800909c                SPI1_IRQHandler
                0x0800909c                TAMPER_IRQHandler
                0x0800909c                DMA1_Channel4_IRQHandler
                0x0800909c                USART3_IRQHandler
                0x0800909c                RTC_IRQHandler
                0x0800909c                DMA1_Channel7_IRQHandler
                0x0800909c                CAN1_RX1_IRQHandler
                0x0800909c                TIM4_IRQHandler
                0x0800909c                I2C1_EV_IRQHandler
                0x0800909c                DMA1_Channel6_IRQHandler
                0x0800909c                TIM3_IRQHandler
                0x0800909c                RCC_IRQHandler
                0x0800909c                TIM1_TRG_COM_IRQHandler
                0x0800909c                DMA1_Channel1_IRQHandler
                0x0800909c                Default_Handler
                0x0800909c                SPI2_IRQHandler
                0x0800909c                MemManage_Handler
                0x0800909c                SVC_Handler
                0x0800909c                DMA1_Channel5_IRQHandler
                0x0800909c                USB_LP_CAN1_RX0_IRQHandler
                0x0800909c                USB_HP_CAN1_TX_IRQHandler
                0x0800909c                DMA1_Channel3_IRQHandler
                0x0800909c                TIM1_UP_IRQHandler
                0x0800909c                WWDG_IRQHandler
                0x0800909c                TIM2_IRQHandler
                0x0800909c                TIM1_BRK_IRQHandler
                0x0800909c                I2C2_ER_IRQHandler
                0x0800909c                DMA1_Channel2_IRQHandler
                0x0800909c                CAN1_SCE_IRQHandler
                0x0800909c                FLASH_IRQHandler
                0x0800909c                BusFault_Handler
                0x0800909c                USART1_IRQHandler
                0x0800909c                I2C1_ER_IRQHandler
                0x0800909c                USBWakeUp_IRQHandler
 *fill*         0x0800909e        0x2 00000000
 .text.SystemInit
                0x080090a0       0x68 ./libraries/CMSIS/Device/ST/STM32F1xx/Source/Templates/system_stm32f1xx.o
                0x080090a0                SystemInit
 .text.SystemClock_Config
                0x08009108       0x90 ./drivers/board.o
                0x08009108                SystemClock_Config
 .text.clock_information
                0x08009198       0x10 ./drivers/board.o
                0x08009198                clock_information
 .text.reboot   0x080091a8       0x18 ./drivers/drv_common.o
 .text.rt_hw_systick_init
                0x080091c0       0x34 ./drivers/drv_common.o
                0x080091c0                rt_hw_systick_init
 .text.SysTick_Handler
                0x080091f4       0x18 ./drivers/drv_common.o
                0x080091f4                SysTick_Handler
 .text.HAL_GetTick
                0x0800920c       0x24 ./drivers/drv_common.o
                0x0800920c                HAL_GetTick
 .text.HAL_InitTick
                0x08009230       0x14 ./drivers/drv_common.o
                0x08009230                HAL_InitTick
 .text._Error_Handler
                0x08009244        0xc ./drivers/drv_common.o
                0x08009244                _Error_Handler
 .text.rt_hw_board_init
                0x08009250       0x64 ./drivers/drv_common.o
                0x08009250                rt_hw_board_init
 .text.get_pin  0x080092b4       0x44 ./drivers/drv_gpio.o
 .text.stm32_pin_write
                0x080092f8       0x3c ./drivers/drv_gpio.o
 .text.stm32_pin_read
                0x08009334       0x44 ./drivers/drv_gpio.o
 .text.stm32_pin_mode
                0x08009378       0x98 ./drivers/drv_gpio.o
 .text.bit2bitno
                0x08009410       0x3c ./drivers/drv_gpio.o
 .text.get_pin_irq_map
                0x0800944c       0x34 ./drivers/drv_gpio.o
 .text.stm32_pin_attach_irq
                0x08009480      0x148 ./drivers/drv_gpio.o
 .text.stm32_pin_dettach_irq
                0x080095c8       0xd0 ./drivers/drv_gpio.o
 .text.stm32_pin_irq_enable
                0x08009698      0x1e0 ./drivers/drv_gpio.o
 .text.pin_irq_hdr
                0x08009878       0x54 ./drivers/drv_gpio.o
 .text.HAL_GPIO_EXTI_Callback
                0x080098cc       0x24 ./drivers/drv_gpio.o
                0x080098cc                HAL_GPIO_EXTI_Callback
 .text.EXTI0_IRQHandler
                0x080098f0       0x18 ./drivers/drv_gpio.o
                0x080098f0                EXTI0_IRQHandler
 .text.EXTI1_IRQHandler
                0x08009908       0x18 ./drivers/drv_gpio.o
                0x08009908                EXTI1_IRQHandler
 .text.EXTI2_IRQHandler
                0x08009920       0x18 ./drivers/drv_gpio.o
                0x08009920                EXTI2_IRQHandler
 .text.EXTI3_IRQHandler
                0x08009938       0x18 ./drivers/drv_gpio.o
                0x08009938                EXTI3_IRQHandler
 .text.EXTI4_IRQHandler
                0x08009950       0x18 ./drivers/drv_gpio.o
                0x08009950                EXTI4_IRQHandler
 .text.EXTI9_5_IRQHandler
                0x08009968       0x34 ./drivers/drv_gpio.o
                0x08009968                EXTI9_5_IRQHandler
 .text.EXTI15_10_IRQHandler
                0x0800999c       0x40 ./drivers/drv_gpio.o
                0x0800999c                EXTI15_10_IRQHandler
 .text.rt_hw_pin_init
                0x080099dc       0xa0 ./drivers/drv_gpio.o
                0x080099dc                rt_hw_pin_init
 .text.stm32_i2c_gpio_init
                0x08009a7c       0x48 ./drivers/drv_soft_i2c.o
 .text.stm32_set_sda
                0x08009ac4       0x38 ./drivers/drv_soft_i2c.o
 .text.stm32_set_scl
                0x08009afc       0x38 ./drivers/drv_soft_i2c.o
 .text.stm32_get_sda
                0x08009b34       0x20 ./drivers/drv_soft_i2c.o
 .text.stm32_get_scl
                0x08009b54       0x20 ./drivers/drv_soft_i2c.o
 .text.stm32_udelay
                0x08009b74       0x80 ./drivers/drv_soft_i2c.o
 .text.stm32_i2c_bus_unlock
                0x08009bf4       0x6c ./drivers/drv_soft_i2c.o
 .text.rt_hw_i2c_init
                0x08009c60      0x110 ./drivers/drv_soft_i2c.o
                0x08009c60                rt_hw_i2c_init
 .text.__NVIC_EnableIRQ
                0x08009d70       0x38 ./drivers/drv_usart.o
 .text.__NVIC_DisableIRQ
                0x08009da8       0x44 ./drivers/drv_usart.o
 .text.stm32_uart_clk_enable
                0x08009dec       0x48 ./drivers/drv_usart.o
 .text.stm32_gpio_clk_enable
                0x08009e34      0x118 ./drivers/drv_usart.o
 .text.stm32_get_pin
                0x08009f4c       0x38 ./drivers/drv_usart.o
 .text.stm32_gpio_configure
                0x08009f84      0x25c ./drivers/drv_usart.o
 .text.stm32_configure
                0x0800a1e0      0x12c ./drivers/drv_usart.o
 .text.stm32_control
                0x0800a30c       0x80 ./drivers/drv_usart.o
 .text.stm32_putc
                0x0800a38c       0x58 ./drivers/drv_usart.o
 .text.stm32_getc
                0x0800a3e4       0x50 ./drivers/drv_usart.o
 .text.stm32_dma_transmit
                0x0800a434       0x64 ./drivers/drv_usart.o
 .text.uart_isr
                0x0800a498      0x160 ./drivers/drv_usart.o
 .text.USART2_IRQHandler
                0x0800a5f8       0x1c ./drivers/drv_usart.o
                0x0800a5f8                USART2_IRQHandler
 .text.stm32_uart_get_dma_config
                0x0800a614       0x18 ./drivers/drv_usart.o
 .text.rt_hw_usart_init
                0x0800a62c       0xf8 ./drivers/drv_usart.o
                0x0800a62c                rt_hw_usart_init
 .text.main     0x0800a724       0x30 ./applications/main.o
                0x0800a724                main
 .text.startup.register_fini
                0x0800a754       0x14 d:/rt-threadstudio/platform/env_released/env/tools/gnu_gcc/arm_gcc/mingw/bin/../lib/gcc/arm-none-eabi/5.4.1/../../../../arm-none-eabi/lib/armv7-m\libg.a(lib_a-__call_atexit.o)
 .text.atexit   0x0800a768        0xc d:/rt-threadstudio/platform/env_released/env/tools/gnu_gcc/arm_gcc/mingw/bin/../lib/gcc/arm-none-eabi/5.4.1/../../../../arm-none-eabi/lib/armv7-m\libg.a(lib_a-atexit.o)
                0x0800a768                atexit
 .text.__libc_fini_array
                0x0800a774       0x28 d:/rt-threadstudio/platform/env_released/env/tools/gnu_gcc/arm_gcc/mingw/bin/../lib/gcc/arm-none-eabi/5.4.1/../../../../arm-none-eabi/lib/armv7-m\libg.a(lib_a-fini.o)
                0x0800a774                __libc_fini_array
 .text.__register_exitproc
                0x0800a79c       0xa4 d:/rt-threadstudio/platform/env_released/env/tools/gnu_gcc/arm_gcc/mingw/bin/../lib/gcc/arm-none-eabi/5.4.1/../../../../arm-none-eabi/lib/armv7-m\libg.a(lib_a-__atexit.o)
                0x0800a79c                __register_exitproc
 *(.rodata)
 .rodata        0x0800a840       0x17 ./rt-thread/src/components.o
 *fill*         0x0800a857        0x1 00000000
 .rodata        0x0800a858      0x10c ./rt-thread/src/device.o
 .rodata        0x0800a964       0x34 ./rt-thread/src/idle.o
 .rodata        0x0800a998      0x476 ./rt-thread/src/ipc.o
 *fill*         0x0800ae0e        0x2 00000000
 .rodata        0x0800ae10       0xc7 ./rt-thread/src/kservice.o
 *fill*         0x0800aed7        0x1 00000000
 .rodata        0x0800aed8      0x2fa ./rt-thread/src/mem.o
 *fill*         0x0800b1d2        0x2 00000000
 .rodata        0x0800b1d4       0x91 ./rt-thread/src/object.o
 *fill*         0x0800b265        0x3 00000000
 .rodata        0x0800b268       0x65 ./rt-thread/src/scheduler.o
 *fill*         0x0800b2cd        0x3 00000000
 .rodata        0x0800b2d0      0x1b7 ./rt-thread/src/thread.o
 *fill*         0x0800b487        0x1 00000000
 .rodata        0x0800b488       0xde ./rt-thread/src/timer.o
 *fill*         0x0800b566        0x2 00000000
 .rodata        0x0800b568      0x2be ./rt-thread/libcpu/arm/cortex-m3/cpuport.o
 *fill*         0x0800b826        0x2 00000000
 .rodata        0x0800b828      0x631 ./rt-thread/components/finsh/cmd.o
 *fill*         0x0800be59        0x3 00000000
 .rodata        0x0800be5c       0x80 ./rt-thread/components/finsh/msh.o
 .rodata        0x0800bedc       0x99 ./rt-thread/components/finsh/shell.o
 *fill*         0x0800bf75        0x3 00000000
 .rodata        0x0800bf78       0x72 ./rt-thread/components/drivers/src/completion.o
 *fill*         0x0800bfea        0x2 00000000
 .rodata        0x0800bfec       0xd7 ./rt-thread/components/drivers/serial/serial.o
 *fill*         0x0800c0c3        0x1 00000000
 .rodata        0x0800c0c4       0x27 ./rt-thread/components/drivers/misc/pin.o
 *fill*         0x0800c0eb        0x1 00000000
 .rodata        0x0800c0ec       0xc0 ./rt-thread/components/drivers/i2c/i2c-bit-ops.o
 .rodata        0x0800c1ac       0x97 ./rt-thread/components/drivers/i2c/i2c_core.o
 *fill*         0x0800c243        0x1 00000000
 .rodata        0x0800c244       0x22 ./rt-thread/components/drivers/i2c/i2c_dev.o
 *fill*         0x0800c266        0x2 00000000
 .rodata        0x0800c268       0x12 ./libraries/STM32F1xx_HAL_Driver/Src/stm32f1xx_hal_rcc.o
 *fill*         0x0800c27a        0x2 00000000
 .rodata        0x0800c27c       0x13 ./drivers/board.o
 *fill*         0x0800c28f        0x1 00000000
 .rodata        0x0800c290        0xe ./drivers/drv_common.o
 *fill*         0x0800c29e        0x2 00000000
 .rodata        0x0800c2a0        0x4 ./drivers/drv_gpio.o
 .rodata        0x0800c2a4       0x49 ./drivers/drv_soft_i2c.o
 *fill*         0x0800c2ed        0x3 00000000
 .rodata        0x0800c2f0       0xf8 ./drivers/drv_usart.o
 *(.rodata*)
 .rodata.__FUNCTION__.5304
                0x0800c3e8       0x14 ./rt-thread/src/components.o
 .rodata.__FUNCTION__.5196
                0x0800c3fc        0xf ./rt-thread/src/device.o
 *fill*         0x0800c40b        0x1 00000000
 .rodata.__FUNCTION__.5220
                0x0800c40c        0xf ./rt-thread/src/device.o
 *fill*         0x0800c41b        0x1 00000000
 .rodata.__FUNCTION__.5225
                0x0800c41c       0x10 ./rt-thread/src/device.o
 .rodata.__FUNCTION__.5232
                0x0800c42c        0xf ./rt-thread/src/device.o
 *fill*         0x0800c43b        0x1 00000000
 .rodata.__FUNCTION__.5239
                0x0800c43c       0x10 ./rt-thread/src/device.o
 .rodata.__FUNCTION__.5252
                0x0800c44c       0x1a ./rt-thread/src/device.o
 *fill*         0x0800c466        0x2 00000000
 .rodata.__FUNCTION__.5287
                0x0800c468       0x16 ./rt-thread/src/idle.o
 *fill*         0x0800c47e        0x2 00000000
 .rodata.__FUNCTION__.5292
                0x0800c480        0xc ./rt-thread/src/ipc.o
 .rodata.__FUNCTION__.5316
                0x0800c48c        0xc ./rt-thread/src/ipc.o
 .rodata.__FUNCTION__.5327
                0x0800c498        0xf ./rt-thread/src/ipc.o
 *fill*         0x0800c4a7        0x1 00000000
 .rodata.__FUNCTION__.5341
                0x0800c4a8        0xe ./rt-thread/src/ipc.o
 *fill*         0x0800c4b6        0x2 00000000
 .rodata.__FUNCTION__.5365
                0x0800c4b8        0xe ./rt-thread/src/ipc.o
 *fill*         0x0800c4c6        0x2 00000000
 .rodata.__FUNCTION__.5374
                0x0800c4c8       0x11 ./rt-thread/src/ipc.o
 *fill*         0x0800c4d9        0x3 00000000
 .rodata.large_digits.5426
                0x0800c4dc       0x11 ./rt-thread/src/kservice.o
 *fill*         0x0800c4ed        0x3 00000000
 .rodata.small_digits.5425
                0x0800c4f0       0x11 ./rt-thread/src/kservice.o
 *fill*         0x0800c501        0x3 00000000
 .rodata.name   0x0800c504       0x2a ./rt-thread/src/mem.o
                0x0800c504                __fsym_list_mem_name
                0x0800c510                __fsym_list_mem_desc
 *fill*         0x0800c52e        0x2 00000000
 .rodata.__FUNCTION__.5283
                0x0800c530        0xb ./rt-thread/src/mem.o
 *fill*         0x0800c53b        0x1 00000000
 .rodata.__FUNCTION__.5292
                0x0800c53c       0x14 ./rt-thread/src/mem.o
 .rodata.__FUNCTION__.5301
                0x0800c550        0xa ./rt-thread/src/mem.o
 *fill*         0x0800c55a        0x2 00000000
 .rodata.__FUNCTION__.5330
                0x0800c55c        0x8 ./rt-thread/src/mem.o
 .rodata.__FUNCTION__.5312
                0x0800c564        0xf ./rt-thread/src/object.o
 *fill*         0x0800c573        0x1 00000000
 .rodata.__FUNCTION__.5321
                0x0800c574       0x11 ./rt-thread/src/object.o
 *fill*         0x0800c585        0x3 00000000
 .rodata.__FUNCTION__.5330
                0x0800c588       0x13 ./rt-thread/src/object.o
 *fill*         0x0800c59b        0x1 00000000
 .rodata.__FUNCTION__.5335
                0x0800c59c       0x11 ./rt-thread/src/object.o
 *fill*         0x0800c5ad        0x3 00000000
 .rodata.__FUNCTION__.5339
                0x0800c5b0       0x1a ./rt-thread/src/object.o
 *fill*         0x0800c5ca        0x2 00000000
 .rodata.__FUNCTION__.5343
                0x0800c5cc       0x13 ./rt-thread/src/object.o
 *fill*         0x0800c5df        0x1 00000000
 .rodata.__FUNCTION__.5270
                0x0800c5e0       0x1a ./rt-thread/src/scheduler.o
 *fill*         0x0800c5fa        0x2 00000000
 .rodata.__FUNCTION__.5311
                0x0800c5fc       0x1a ./rt-thread/src/scheduler.o
 *fill*         0x0800c616        0x2 00000000
 .rodata.__FUNCTION__.5317
                0x0800c618       0x1a ./rt-thread/src/scheduler.o
 *fill*         0x0800c632        0x2 00000000
 .rodata.__FUNCTION__.5287
                0x0800c634       0x10 ./rt-thread/src/thread.o
 .rodata.__FUNCTION__.5299
                0x0800c644        0xf ./rt-thread/src/thread.o
 *fill*         0x0800c653        0x1 00000000
 .rodata.__FUNCTION__.5308
                0x0800c654       0x12 ./rt-thread/src/thread.o
 *fill*         0x0800c666        0x2 00000000
 .rodata.__FUNCTION__.5329
                0x0800c668       0x11 ./rt-thread/src/thread.o
 *fill*         0x0800c679        0x3 00000000
 .rodata.__FUNCTION__.5338
                0x0800c67c       0x10 ./rt-thread/src/thread.o
 .rodata.__FUNCTION__.5359
                0x0800c68c       0x12 ./rt-thread/src/thread.o
 *fill*         0x0800c69e        0x2 00000000
 .rodata.__FUNCTION__.5370
                0x0800c6a0       0x12 ./rt-thread/src/thread.o
 *fill*         0x0800c6b2        0x2 00000000
 .rodata.__FUNCTION__.5375
                0x0800c6b4       0x11 ./rt-thread/src/thread.o
 *fill*         0x0800c6c5        0x3 00000000
 .rodata.__FUNCTION__.5380
                0x0800c6c8       0x12 ./rt-thread/src/thread.o
 *fill*         0x0800c6da        0x2 00000000
 .rodata.__FUNCTION__.5304
                0x0800c6dc        0xe ./rt-thread/src/timer.o
 *fill*         0x0800c6ea        0x2 00000000
 .rodata.__FUNCTION__.5309
                0x0800c6ec       0x10 ./rt-thread/src/timer.o
 .rodata.__FUNCTION__.5333
                0x0800c6fc        0xf ./rt-thread/src/timer.o
 *fill*         0x0800c70b        0x1 00000000
 .rodata.__FUNCTION__.5350
                0x0800c70c        0xe ./rt-thread/src/timer.o
 *fill*         0x0800c71a        0x2 00000000
 .rodata.__FUNCTION__.5356
                0x0800c71c       0x11 ./rt-thread/src/timer.o
 *fill*         0x0800c72d        0x3 00000000
 .rodata.name   0x0800c730      0x37a ./rt-thread/components/finsh/cmd.o
                0x0800c730                __fsym_hello_name
                0x0800c738                __fsym_hello_desc
                0x0800c748                __fsym_version_name
                0x0800c750                __fsym_version_desc
                0x0800c774                __fsym___cmd_version_name
                0x0800c784                __fsym___cmd_version_desc
                0x0800c7a8                __fsym_list_thread_name
                0x0800c7b4                __fsym_list_thread_desc
                0x0800c7c0                __fsym___cmd_list_thread_name
                0x0800c7d4                __fsym___cmd_list_thread_desc
                0x0800c7e0                __fsym_list_sem_name
                0x0800c7ec                __fsym_list_sem_desc
                0x0800c808                __fsym___cmd_list_sem_name
                0x0800c818                __fsym___cmd_list_sem_desc
                0x0800c834                __fsym_list_event_name
                0x0800c840                __fsym_list_event_desc
                0x0800c858                __fsym___cmd_list_event_name
                0x0800c86c                __fsym___cmd_list_event_desc
                0x0800c884                __fsym_list_mutex_name
                0x0800c890                __fsym_list_mutex_desc
                0x0800c8a8                __fsym___cmd_list_mutex_name
                0x0800c8bc                __fsym___cmd_list_mutex_desc
                0x0800c8d4                __fsym_list_mailbox_name
                0x0800c8e4                __fsym_list_mailbox_desc
                0x0800c8fc                __fsym___cmd_list_mailbox_name
                0x0800c910                __fsym___cmd_list_mailbox_desc
                0x0800c928                __fsym_list_msgqueue_name
                0x0800c938                __fsym_list_msgqueue_desc
                0x0800c958                __fsym___cmd_list_msgqueue_name
                0x0800c96c                __fsym___cmd_list_msgqueue_desc
                0x0800c98c                __fsym_list_mempool_name
                0x0800c99c                __fsym_list_mempool_desc
                0x0800c9b8                __fsym___cmd_list_mempool_name
                0x0800c9cc                __fsym___cmd_list_mempool_desc
                0x0800c9e8                __fsym_list_timer_name
                0x0800c9f4                __fsym_list_timer_desc
                0x0800ca0c                __fsym___cmd_list_timer_name
                0x0800ca20                __fsym___cmd_list_timer_desc
                0x0800ca38                __fsym_list_device_name
                0x0800ca44                __fsym_list_device_desc
                0x0800ca5c                __fsym___cmd_list_device_name
                0x0800ca70                __fsym___cmd_list_device_desc
                0x0800ca88                __fsym_list_name
                0x0800ca90                __fsym_list_desc
 *fill*         0x0800caaa        0x2 00000000
 .rodata.device_type_str
                0x0800caac       0x58 ./rt-thread/components/finsh/cmd.o
 .rodata.name   0x0800cb04       0x7d ./rt-thread/components/finsh/msh.o
                0x0800cb04                __fsym___cmd_help_name
                0x0800cb10                __fsym___cmd_help_desc
                0x0800cb28                __fsym___cmd_ps_name
                0x0800cb34                __fsym___cmd_ps_desc
                0x0800cb50                __fsym___cmd_free_name
                0x0800cb5c                __fsym___cmd_free_desc
 *fill*         0x0800cb81        0x3 00000000
 .rodata.__FUNCTION__.5537
                0x0800cb84        0xe ./rt-thread/components/finsh/msh.o
 *fill*         0x0800cb92        0x2 00000000
 .rodata.__FUNCTION__.5543
                0x0800cb94       0x16 ./rt-thread/components/finsh/shell.o
 *fill*         0x0800cbaa        0x2 00000000
 .rodata.__FUNCTION__.5548
                0x0800cbac        0xe ./rt-thread/components/finsh/shell.o
 *fill*         0x0800cbba        0x2 00000000
 .rodata.__FUNCTION__.5556
                0x0800cbbc        0xd ./rt-thread/components/finsh/shell.o
 *fill*         0x0800cbc9        0x3 00000000
 .rodata.__FUNCTION__.5561
                0x0800cbcc       0x11 ./rt-thread/components/finsh/shell.o
 *fill*         0x0800cbdd        0x3 00000000
 .rodata.__FUNCTION__.5724
                0x0800cbe0       0x13 ./rt-thread/components/drivers/src/completion.o
 *fill*         0x0800cbf3        0x1 00000000
 .rodata.__FUNCTION__.5732
                0x0800cbf4       0x13 ./rt-thread/components/drivers/src/completion.o
 *fill*         0x0800cc07        0x1 00000000
 .rodata.__FUNCTION__.5739
                0x0800cc08       0x13 ./rt-thread/components/drivers/src/completion.o
 *fill*         0x0800cc1b        0x1 00000000
 .rodata.__FUNCTION__.5774
                0x0800cc1c        0xf ./rt-thread/components/drivers/serial/serial.o
 *fill*         0x0800cc2b        0x1 00000000
 .rodata.__FUNCTION__.5781
                0x0800cc2c        0xf ./rt-thread/components/drivers/serial/serial.o
 *fill*         0x0800cc3b        0x1 00000000
 .rodata.__FUNCTION__.5788
                0x0800cc3c       0x10 ./rt-thread/components/drivers/serial/serial.o
 .rodata.__FUNCTION__.5798
                0x0800cc4c        0xf ./rt-thread/components/drivers/serial/serial.o
 *fill*         0x0800cc5b        0x1 00000000
 .rodata.__FUNCTION__.5748
                0x0800cc5c        0xf ./rt-thread/components/drivers/serial/serial.o
 *fill*         0x0800cc6b        0x1 00000000
 .rodata.__FUNCTION__.5727
                0x0800cc6c       0x10 ./rt-thread/components/drivers/serial/serial.o
 .rodata.__FUNCTION__.5806
                0x0800cc7c       0x10 ./rt-thread/components/drivers/serial/serial.o
 .rodata.__FUNCTION__.5761
                0x0800cc8c        0xf ./rt-thread/components/drivers/serial/serial.o
 *fill*         0x0800cc9b        0x1 00000000
 .rodata.__FUNCTION__.5737
                0x0800cc9c       0x10 ./rt-thread/components/drivers/serial/serial.o
 .rodata.__FUNCTION__.5814
                0x0800ccac       0x12 ./rt-thread/components/drivers/serial/serial.o
 *fill*         0x0800ccbe        0x2 00000000
 .rodata.__FUNCTION__.5829
                0x0800ccc0       0x16 ./rt-thread/components/drivers/serial/serial.o
 *fill*         0x0800ccd6        0x2 00000000
 .rodata.__FUNCTION__.5838
                0x0800ccd8       0x11 ./rt-thread/components/drivers/serial/serial.o
 *fill*         0x0800cce9        0x3 00000000
 .rodata.name   0x0800ccec       0x6e ./rt-thread/components/drivers/misc/pin.o
                0x0800ccec                __fsym_pinMode_name
                0x0800ccf4                __fsym_pinMode_desc
                0x0800cd0c                __fsym_pinWrite_name
                0x0800cd18                __fsym_pinWrite_desc
                0x0800cd34                __fsym_pinRead_name
                0x0800cd3c                __fsym_pinRead_desc
 *fill*         0x0800cd5a        0x2 00000000
 .rodata.__FUNCTION__.5879
                0x0800cd5c        0xa ./rt-thread/components/drivers/misc/pin.o
 *fill*         0x0800cd66        0x2 00000000
 .rodata.__FUNCTION__.5888
                0x0800cd68        0xb ./rt-thread/components/drivers/misc/pin.o
 *fill*         0x0800cd73        0x1 00000000
 .rodata.__FUNCTION__.5896
                0x0800cd74        0xd ./rt-thread/components/drivers/misc/pin.o
 *fill*         0x0800cd81        0x3 00000000
 .rodata.__FUNCTION__.5923
                0x0800cd84        0xc ./rt-thread/components/drivers/misc/pin.o
 .rodata.__FUNCTION__.5931
                0x0800cd90        0xd ./rt-thread/components/drivers/misc/pin.o
 *fill*         0x0800cd9d        0x3 00000000
 .rodata.__FUNCTION__.5938
                0x0800cda0        0xc ./rt-thread/components/drivers/misc/pin.o
 .rodata.i2c_bit_bus_ops
                0x0800cdac        0xc ./rt-thread/components/drivers/i2c/i2c-bit-ops.o
 .rodata.__FUNCTION__.5680
                0x0800cdb8       0x13 ./rt-thread/components/drivers/i2c/i2c_core.o
 *fill*         0x0800cdcb        0x1 00000000
 .rodata.__FUNCTION__.5655
                0x0800cdcc       0x14 ./rt-thread/components/drivers/i2c/i2c_dev.o
 .rodata.__FUNCTION__.5665
                0x0800cde0       0x15 ./rt-thread/components/drivers/i2c/i2c_dev.o
 *fill*         0x0800cdf5        0x3 00000000
 .rodata.__FUNCTION__.5674
                0x0800cdf8       0x17 ./rt-thread/components/drivers/i2c/i2c_dev.o
 *fill*         0x0800ce0f        0x1 00000000
 .rodata.__FUNCTION__.5686
                0x0800ce10       0x1e ./rt-thread/components/drivers/i2c/i2c_dev.o
 *fill*         0x0800ce2e        0x2 00000000
 .rodata.AHBPrescTable
                0x0800ce30       0x10 ./libraries/CMSIS/Device/ST/STM32F1xx/Source/Templates/system_stm32f1xx.o
                0x0800ce30                AHBPrescTable
 .rodata.APBPrescTable
                0x0800ce40        0x8 ./libraries/CMSIS/Device/ST/STM32F1xx/Source/Templates/system_stm32f1xx.o
                0x0800ce40                APBPrescTable
 .rodata.name   0x0800ce48       0x1e ./drivers/drv_common.o
                0x0800ce48                __fsym___cmd_reboot_name
                0x0800ce58                __fsym___cmd_reboot_desc
 *fill*         0x0800ce66        0x2 00000000
 .rodata.pins   0x0800ce68      0x3c0 ./drivers/drv_gpio.o
 .rodata.pin_irq_map
                0x0800d228       0x40 ./drivers/drv_gpio.o
 .rodata._stm32_pin_ops
                0x0800d268       0x18 ./drivers/drv_gpio.o
 .rodata.stm32_bit_ops_default
                0x0800d280       0x20 ./drivers/drv_soft_i2c.o
 .rodata.__FUNCTION__.7103
                0x0800d2a0        0xf ./drivers/drv_soft_i2c.o
 *fill*         0x0800d2af        0x1 00000000
 .rodata.stm32_uart_ops
                0x0800d2b0       0x14 ./drivers/drv_usart.o
 .rodata.__FUNCTION__.7069
                0x0800d2c4       0x16 ./drivers/drv_usart.o
 *fill*         0x0800d2da        0x2 00000000
 .rodata.uart_remaps.7100
                0x0800d2dc       0x38 ./drivers/drv_usart.o
 .rodata.__FUNCTION__.7104
                0x0800d314       0x15 ./drivers/drv_usart.o
 *fill*         0x0800d329        0x3 00000000
 .rodata.__FUNCTION__.7122
                0x0800d32c       0x10 ./drivers/drv_usart.o
 .rodata.__FUNCTION__.7142
                0x0800d33c        0xe ./drivers/drv_usart.o
 *fill*         0x0800d34a        0x2 00000000
 .rodata.__FUNCTION__.7151
                0x0800d34c        0xb ./drivers/drv_usart.o
 *fill*         0x0800d357        0x1 00000000
 .rodata.__FUNCTION__.7160
                0x0800d358        0xb ./drivers/drv_usart.o
 *fill*         0x0800d363        0x1 00000000
 .rodata.__FUNCTION__.7168
                0x0800d364       0x13 ./drivers/drv_usart.o
 *fill*         0x0800d377        0x1 00000000
 .rodata.__FUNCTION__.7174
                0x0800d378        0x9 ./drivers/drv_usart.o
 *fill*         0x0800d381        0x3 00000000
 .rodata.__FUNCTION__.7192
                0x0800d384       0x11 ./drivers/drv_usart.o
 *fill*         0x0800d395        0x3 00000000
 .rodata._global_impure_ptr
                0x0800d398        0x4 d:/rt-threadstudio/platform/env_released/env/tools/gnu_gcc/arm_gcc/mingw/bin/../lib/gcc/arm-none-eabi/5.4.1/../../../../arm-none-eabi/lib/armv7-m\libg.a(lib_a-impure.o)
                0x0800d398                _global_impure_ptr
 *(.glue_7)
 .glue_7        0x0800d39c        0x0 linker stubs
 *(.glue_7t)
 .glue_7t       0x0800d39c        0x0 linker stubs
 *(.gnu.linkonce.t*)
                0x0800d39c                . = ALIGN (0x4)
                0x0800d39c                __fsymtab_start = .
 *(FSymTab)
 FSymTab        0x0800d39c        0xc ./rt-thread/src/mem.o
                0x0800d39c                __fsym_list_mem
 FSymTab        0x0800d3a8      0x108 ./rt-thread/components/finsh/cmd.o
                0x0800d3a8                __fsym_hello
                0x0800d3b4                __fsym_version
                0x0800d3c0                __fsym___cmd_version
                0x0800d3cc                __fsym_list_thread
                0x0800d3d8                __fsym___cmd_list_thread
                0x0800d3e4                __fsym_list_sem
                0x0800d3f0                __fsym___cmd_list_sem
                0x0800d3fc                __fsym_list_event
                0x0800d408                __fsym___cmd_list_event
                0x0800d414                __fsym_list_mutex
                0x0800d420                __fsym___cmd_list_mutex
                0x0800d42c                __fsym_list_mailbox
                0x0800d438                __fsym___cmd_list_mailbox
                0x0800d444                __fsym_list_msgqueue
                0x0800d450                __fsym___cmd_list_msgqueue
                0x0800d45c                __fsym_list_mempool
                0x0800d468                __fsym___cmd_list_mempool
                0x0800d474                __fsym_list_timer
                0x0800d480                __fsym___cmd_list_timer
                0x0800d48c                __fsym_list_device
                0x0800d498                __fsym___cmd_list_device
                0x0800d4a4                __fsym_list
 FSymTab        0x0800d4b0       0x24 ./rt-thread/components/finsh/msh.o
                0x0800d4b0                __fsym___cmd_help
                0x0800d4bc                __fsym___cmd_ps
                0x0800d4c8                __fsym___cmd_free
 FSymTab        0x0800d4d4       0x24 ./rt-thread/components/drivers/misc/pin.o
                0x0800d4d4                __fsym_pinMode
                0x0800d4e0                __fsym_pinWrite
                0x0800d4ec                __fsym_pinRead
 FSymTab        0x0800d4f8        0xc ./drivers/drv_common.o
                0x0800d4f8                __fsym___cmd_reboot
                0x0800d504                __fsymtab_end = .
                0x0800d504                . = ALIGN (0x4)
                0x0800d504                __vsymtab_start = .
 *(VSymTab)
                0x0800d504                __vsymtab_end = .
                0x0800d504                . = ALIGN (0x4)
                0x0800d504                __rt_utest_tc_tab_start = .
 *(UtestTcTab)
                0x0800d504                __rt_utest_tc_tab_end = .
                0x0800d504                . = ALIGN (0x4)
                0x0800d504                __rtatcmdtab_start = .
 *(RtAtCmdTab)
                0x0800d504                __rtatcmdtab_end = .
                0x0800d504                . = ALIGN (0x4)
                0x0800d504                . = ALIGN (0x4)
                0x0800d504                __rt_init_start = .
 *(SORT(.rti_fn*))
 .rti_fn.0      0x0800d504        0x4 ./rt-thread/src/components.o
                0x0800d504                __rt_init_rti_start
 .rti_fn.0.end  0x0800d508        0x4 ./rt-thread/src/components.o
                0x0800d508                __rt_init_rti_board_start
 .rti_fn.1      0x0800d50c        0x4 ./drivers/board.o
                0x0800d50c                __rt_init_clock_information
 .rti_fn.1.end  0x0800d510        0x4 ./rt-thread/src/components.o
                0x0800d510                __rt_init_rti_board_end
 .rti_fn.4      0x0800d514        0x4 ./rt-thread/components/drivers/i2c/i2c_core.o
                0x0800d514                __rt_init_rt_i2c_core_init
 .rti_fn.6      0x0800d518        0x4 ./rt-thread/components/finsh/shell.o
                0x0800d518                __rt_init_finsh_system_init
 .rti_fn.6.end  0x0800d51c        0x4 ./rt-thread/src/components.o
                0x0800d51c                __rt_init_rti_end
                0x0800d520                __rt_init_end = .
                0x0800d520                . = ALIGN (0x4)
                [!provide]                PROVIDE (__ctors_start__, .)
 *(SORT(.init_array.*))
 .init_array.00000
                0x0800d520        0x4 d:/rt-threadstudio/platform/env_released/env/tools/gnu_gcc/arm_gcc/mingw/bin/../lib/gcc/arm-none-eabi/5.4.1/../../../../arm-none-eabi/lib/armv7-m\libg.a(lib_a-__call_atexit.o)
 *(.init_array)
 .init_array    0x0800d524        0x4 d:/rt-threadstudio/platform/env_released/env/tools/gnu_gcc/arm_gcc/mingw/bin/../lib/gcc/arm-none-eabi/5.4.1/armv7-m/crtbegin.o
                [!provide]                PROVIDE (__ctors_end__, .)
                0x0800d528                . = ALIGN (0x4)
                0x0800d528                _etext = .
                0x0800d528                __exidx_start = .

.vfp11_veneer   0x0800d528        0x0
 .vfp11_veneer  0x0800d528        0x0 linker stubs

.v4_bx          0x0800d528        0x0
 .v4_bx         0x0800d528        0x0 linker stubs

.init           0x0800d528        0x4
 .init          0x0800d528        0x4 d:/rt-threadstudio/platform/env_released/env/tools/gnu_gcc/arm_gcc/mingw/bin/../lib/gcc/arm-none-eabi/5.4.1/armv7-m/crti.o
                0x0800d528                _init

.fini           0x0800d52c        0x4
 .fini          0x0800d52c        0x4 d:/rt-threadstudio/platform/env_released/env/tools/gnu_gcc/arm_gcc/mingw/bin/../lib/gcc/arm-none-eabi/5.4.1/armv7-m/crti.o
                0x0800d52c                _fini

.iplt           0x0800d530        0x0
 .iplt          0x0800d530        0x0 d:/rt-threadstudio/platform/env_released/env/tools/gnu_gcc/arm_gcc/mingw/bin/../lib/gcc/arm-none-eabi/5.4.1/armv7-m/crtbegin.o

.eh_frame       0x0800d530        0x0
 .eh_frame      0x0800d530        0x0 d:/rt-threadstudio/platform/env_released/env/tools/gnu_gcc/arm_gcc/mingw/bin/../lib/gcc/arm-none-eabi/5.4.1/armv7-m/crtbegin.o

.rel.dyn        0x0800d530        0x0
 .rel.iplt      0x0800d530        0x0 d:/rt-threadstudio/platform/env_released/env/tools/gnu_gcc/arm_gcc/mingw/bin/../lib/gcc/arm-none-eabi/5.4.1/armv7-m/crtbegin.o

.ARM.exidx      0x0800d530        0x0
 *(.ARM.exidx* .gnu.linkonce.armexidx.*)
                0x0800d530                _sidata = .
                0x0800d530                __exidx_end = .

.data           0x20000000      0x5a0 load address 0x0800d530
                0x20000000                . = ALIGN (0x4)
                0x20000000                _sdata = .
 *(.data)
 *(.data.*)
 .data.rt_object_container
                0x20000000       0x90 ./rt-thread/src/object.o
 .data.uwTickPrio
                0x20000090        0x4 ./libraries/STM32F1xx_HAL_Driver/Src/stm32f1xx_hal.o
                0x20000090                uwTickPrio
 .data.uwTickFreq
                0x20000094        0x1 ./libraries/STM32F1xx_HAL_Driver/Src/stm32f1xx_hal.o
                0x20000094                uwTickFreq
 *fill*         0x20000095        0x3 
 .data.SystemCoreClock
                0x20000098        0x4 ./libraries/CMSIS/Device/ST/STM32F1xx/Source/Templates/system_stm32f1xx.o
                0x20000098                SystemCoreClock
 .data.pin_irq_hdr_tab
                0x2000009c       0xc0 ./drivers/drv_gpio.o
 .data.uart_config
                0x2000015c       0x1c ./drivers/drv_usart.o
 .data.impure_data
                0x20000178      0x428 d:/rt-threadstudio/platform/env_released/env/tools/gnu_gcc/arm_gcc/mingw/bin/../lib/gcc/arm-none-eabi/5.4.1/../../../../arm-none-eabi/lib/armv7-m\libg.a(lib_a-impure.o)
 *(.gnu.linkonce.d*)
                [!provide]                PROVIDE (__dtors_start__, .)
 *(SORT(.dtors.*))
 *(.dtors)
                [!provide]                PROVIDE (__dtors_end__, .)
                0x200005a0                . = ALIGN (0x4)
                0x200005a0                _edata = .

.jcr            0x200005a0        0x0 load address 0x0800dad0
 .jcr           0x200005a0        0x0 d:/rt-threadstudio/platform/env_released/env/tools/gnu_gcc/arm_gcc/mingw/bin/../lib/gcc/arm-none-eabi/5.4.1/armv7-m/crtbegin.o

.igot.plt       0x200005a0        0x0 load address 0x0800dad0
 .igot.plt      0x200005a0        0x0 d:/rt-threadstudio/platform/env_released/env/tools/gnu_gcc/arm_gcc/mingw/bin/../lib/gcc/arm-none-eabi/5.4.1/armv7-m/crtbegin.o

.stack          0x200005a0      0x200 load address 0x0800dad0
                0x200005a0                . = ALIGN (0x4)
                0x200005a0                _sstack = .
                0x200007a0                . = (. + _system_stack_size)
 *fill*         0x200005a0      0x200 
                0x200007a0                . = ALIGN (0x4)
                0x200007a0                _estack = .
                0x200007a0                __bss_start = .

.bss            0x200007a0      0xbfc load address 0x0800dcd0
                0x200007a0                . = ALIGN (0x4)
                0x200007a0                _sbss = .
 *(.bss)
 .bss           0x200007a0       0x1c d:/rt-threadstudio/platform/env_released/env/tools/gnu_gcc/arm_gcc/mingw/bin/../lib/gcc/arm-none-eabi/5.4.1/armv7-m/crtbegin.o
 *(.bss.*)
 .bss.rt_tick   0x200007bc        0x4 ./rt-thread/src/clock.o
 .bss.idle      0x200007c0       0x80 ./rt-thread/src/idle.o
 .bss.rt_thread_stack
                0x20000840      0x100 ./rt-thread/src/idle.o
 .bss.idle_hook_list
                0x20000940       0x10 ./rt-thread/src/idle.o
 .bss.rt_interrupt_enter_hook
                0x20000950        0x4 ./rt-thread/src/irq.o
 .bss.rt_interrupt_leave_hook
                0x20000954        0x4 ./rt-thread/src/irq.o
 .bss.rt_interrupt_nest
                0x20000958        0x1 ./rt-thread/src/irq.o
                0x20000958                rt_interrupt_nest
 *fill*         0x20000959        0x3 
 .bss.__rt_errno
                0x2000095c        0x4 ./rt-thread/src/kservice.o
 .bss._console_device
                0x20000960        0x4 ./rt-thread/src/kservice.o
 .bss.rt_log_buf.5536
                0x20000964      0x100 ./rt-thread/src/kservice.o
 .bss.rt_malloc_hook
                0x20000a64        0x4 ./rt-thread/src/mem.o
 .bss.rt_free_hook
                0x20000a68        0x4 ./rt-thread/src/mem.o
 .bss.heap_ptr  0x20000a6c        0x4 ./rt-thread/src/mem.o
 .bss.heap_end  0x20000a70        0x4 ./rt-thread/src/mem.o
 .bss.lfree     0x20000a74        0x4 ./rt-thread/src/mem.o
 .bss.heap_sem  0x20000a78       0x20 ./rt-thread/src/mem.o
 .bss.mem_size_aligned
                0x20000a98        0x4 ./rt-thread/src/mem.o
 .bss.used_mem  0x20000a9c        0x4 ./rt-thread/src/mem.o
 .bss.max_mem   0x20000aa0        0x4 ./rt-thread/src/mem.o
 .bss.rt_object_attach_hook
                0x20000aa4        0x4 ./rt-thread/src/object.o
 .bss.rt_object_detach_hook
                0x20000aa8        0x4 ./rt-thread/src/object.o
 .bss.rt_scheduler_lock_nest
                0x20000aac        0x2 ./rt-thread/src/scheduler.o
 *fill*         0x20000aae        0x2 
 .bss.rt_scheduler_hook
                0x20000ab0        0x4 ./rt-thread/src/scheduler.o
 .bss.rt_thread_suspend_hook
                0x20000ab4        0x4 ./rt-thread/src/thread.o
 .bss.rt_thread_resume_hook
                0x20000ab8        0x4 ./rt-thread/src/thread.o
 .bss.rt_thread_inited_hook
                0x20000abc        0x4 ./rt-thread/src/thread.o
 .bss.rt_timer_list
                0x20000ac0        0x8 ./rt-thread/src/timer.o
 .bss.rt_soft_timer_list
                0x20000ac8        0x8 ./rt-thread/src/timer.o
 .bss.timer_thread
                0x20000ad0       0x80 ./rt-thread/src/timer.o
 .bss.timer_thread_stack
                0x20000b50      0x200 ./rt-thread/src/timer.o
 .bss.rt_timer_enter_hook
                0x20000d50        0x4 ./rt-thread/src/timer.o
 .bss.rt_timer_exit_hook
                0x20000d54        0x4 ./rt-thread/src/timer.o
 .bss.random_nr.5332
                0x20000d58        0x4 ./rt-thread/src/timer.o
 .bss.rt_exception_hook
                0x20000d5c        0x4 ./rt-thread/libcpu/arm/cortex-m3/cpuport.o
 .bss._syscall_table_begin
                0x20000d60        0x4 ./rt-thread/components/finsh/shell.o
                0x20000d60                _syscall_table_begin
 .bss._syscall_table_end
                0x20000d64        0x4 ./rt-thread/components/finsh/shell.o
                0x20000d64                _syscall_table_end
 .bss._sysvar_table_begin
                0x20000d68        0x4 ./rt-thread/components/finsh/shell.o
                0x20000d68                _sysvar_table_begin
 .bss._sysvar_table_end
                0x20000d6c        0x4 ./rt-thread/components/finsh/shell.o
                0x20000d6c                _sysvar_table_end
 .bss.finsh_prompt_custom
                0x20000d70        0x4 ./rt-thread/components/finsh/shell.o
 .bss.finsh_prompt.5535
                0x20000d74      0x101 ./rt-thread/components/finsh/shell.o
 *fill*         0x20000e75        0x3 
 .bss.already_output.5768
                0x20000e78        0x4 ./rt-thread/components/drivers/serial/serial.o
 .bss._hw_pin   0x20000e7c       0x44 ./rt-thread/components/drivers/misc/pin.o
 .bss.pin_irq_enable_mask
                0x20000ec0        0x4 ./drivers/drv_gpio.o
 .bss.soft_i2c_config
                0x20000ec4        0x8 ./drivers/drv_soft_i2c.o
 .bss.i2c_obj   0x20000ecc      0x2f8 ./drivers/drv_soft_i2c.o
 .bss.i2c_cnt.7102
                0x200011c4        0x1 ./drivers/drv_soft_i2c.o
 *fill*         0x200011c5        0x3 
 .bss.uart_obj  0x200011c8       0x9c ./drivers/drv_usart.o
 *(COMMON)
 COMMON         0x20001264        0x4 ./rt-thread/src/kservice.o
                0x20001264                rt_assert_hook
 COMMON         0x20001268        0xc ./rt-thread/src/object.o
                0x20001268                rt_object_put_hook
                0x2000126c                rt_object_take_hook
                0x20001270                rt_object_trytake_hook
 COMMON         0x20001274      0x114 ./rt-thread/src/scheduler.o
                0x20001274                rt_thread_priority_table
                0x20001374                rt_current_priority
                0x20001378                rt_current_thread
                0x2000137c                rt_thread_ready_priority_group
                0x20001380                rt_thread_defunct
 COMMON         0x20001388        0xc ./rt-thread/libcpu/arm/cortex-m3/cpuport.o
                0x20001388                rt_interrupt_to_thread
                0x2000138c                rt_interrupt_from_thread
                0x20001390                rt_thread_switch_interrupt_flag
 COMMON         0x20001394        0x4 ./rt-thread/components/finsh/shell.o
                0x20001394                shell
 COMMON         0x20001398        0x4 ./libraries/STM32F1xx_HAL_Driver/Src/stm32f1xx_hal.o
                0x20001398                uwTick
                0x2000139c                . = ALIGN (0x4)
                0x2000139c                _ebss = .
 *(.bss.init)
                0x2000139c                __bss_end = .
                0x2000139c                _end = .

.stab
 *(.stab)

.stabstr
 *(.stabstr)

.stab.excl
 *(.stab.excl)

.stab.exclstr
 *(.stab.exclstr)

.stab.index
 *(.stab.index)

.stab.indexstr
 *(.stab.indexstr)

.comment        0x00000000       0x6e
 *(.comment)
 .comment       0x00000000       0x6e ./rt-thread/src/clock.o
                                 0x6f (size before relaxing)
 .comment       0x0000006e       0x6f ./rt-thread/src/components.o
 .comment       0x0000006e       0x6f ./rt-thread/src/device.o
 .comment       0x0000006e       0x6f ./rt-thread/src/idle.o
 .comment       0x0000006e       0x6f ./rt-thread/src/ipc.o
 .comment       0x0000006e       0x6f ./rt-thread/src/irq.o
 .comment       0x0000006e       0x6f ./rt-thread/src/kservice.o
 .comment       0x0000006e       0x6f ./rt-thread/src/mem.o
 .comment       0x0000006e       0x6f ./rt-thread/src/object.o
 .comment       0x0000006e       0x6f ./rt-thread/src/scheduler.o
 .comment       0x0000006e       0x6f ./rt-thread/src/thread.o
 .comment       0x0000006e       0x6f ./rt-thread/src/timer.o
 .comment       0x0000006e       0x6f ./rt-thread/libcpu/arm/cortex-m3/cpuport.o
 .comment       0x0000006e       0x6f ./rt-thread/components/libc/compilers/minilibc/stdlib.o
 .comment       0x0000006e       0x6f ./rt-thread/components/libc/compilers/minilibc/string.o
 .comment       0x0000006e       0x6f ./rt-thread/components/finsh/cmd.o
 .comment       0x0000006e       0x6f ./rt-thread/components/finsh/msh.o
 .comment       0x0000006e       0x6f ./rt-thread/components/finsh/shell.o
 .comment       0x0000006e       0x6f ./rt-thread/components/drivers/src/completion.o
 .comment       0x0000006e       0x6f ./rt-thread/components/drivers/serial/serial.o
 .comment       0x0000006e       0x6f ./rt-thread/components/drivers/misc/pin.o
 .comment       0x0000006e       0x6f ./rt-thread/components/drivers/i2c/i2c-bit-ops.o
 .comment       0x0000006e       0x6f ./rt-thread/components/drivers/i2c/i2c_core.o
 .comment       0x0000006e       0x6f ./rt-thread/components/drivers/i2c/i2c_dev.o
 .comment       0x0000006e       0x6f ./libraries/STM32F1xx_HAL_Driver/Src/stm32f1xx_hal.o
 .comment       0x0000006e       0x6f ./libraries/STM32F1xx_HAL_Driver/Src/stm32f1xx_hal_cortex.o
 .comment       0x0000006e       0x6f ./libraries/STM32F1xx_HAL_Driver/Src/stm32f1xx_hal_dma.o
 .comment       0x0000006e       0x6f ./libraries/STM32F1xx_HAL_Driver/Src/stm32f1xx_hal_gpio.o
 .comment       0x0000006e       0x6f ./libraries/STM32F1xx_HAL_Driver/Src/stm32f1xx_hal_rcc.o
 .comment       0x0000006e       0x6f ./libraries/STM32F1xx_HAL_Driver/Src/stm32f1xx_hal_uart.o
 .comment       0x0000006e       0x6f ./libraries/CMSIS/Device/ST/STM32F1xx/Source/Templates/system_stm32f1xx.o
 .comment       0x0000006e       0x6f ./drivers/board.o
 .comment       0x0000006e       0x6f ./drivers/drv_common.o
 .comment       0x0000006e       0x6f ./drivers/drv_gpio.o
 .comment       0x0000006e       0x6f ./drivers/drv_soft_i2c.o
 .comment       0x0000006e       0x6f ./drivers/drv_usart.o
 .comment       0x0000006e       0x6f ./applications/main.o

.ARM.attributes
                0x00000000       0x29
 .ARM.attributes
                0x00000000       0x1d d:/rt-threadstudio/platform/env_released/env/tools/gnu_gcc/arm_gcc/mingw/bin/../lib/gcc/arm-none-eabi/5.4.1/armv7-m/crti.o
 .ARM.attributes
                0x0000001d       0x2d d:/rt-threadstudio/platform/env_released/env/tools/gnu_gcc/arm_gcc/mingw/bin/../lib/gcc/arm-none-eabi/5.4.1/armv7-m/crtbegin.o
 .ARM.attributes
                0x0000004a       0x33 ./rt-thread/src/clock.o
 .ARM.attributes
                0x0000007d       0x33 ./rt-thread/src/components.o
 .ARM.attributes
                0x000000b0       0x33 ./rt-thread/src/device.o
 .ARM.attributes
                0x000000e3       0x33 ./rt-thread/src/idle.o
 .ARM.attributes
                0x00000116       0x33 ./rt-thread/src/ipc.o
 .ARM.attributes
                0x00000149       0x33 ./rt-thread/src/irq.o
 .ARM.attributes
                0x0000017c       0x33 ./rt-thread/src/kservice.o
 .ARM.attributes
                0x000001af       0x33 ./rt-thread/src/mem.o
 .ARM.attributes
                0x000001e2       0x33 ./rt-thread/src/object.o
 .ARM.attributes
                0x00000215       0x33 ./rt-thread/src/scheduler.o
 .ARM.attributes
                0x00000248       0x33 ./rt-thread/src/thread.o
 .ARM.attributes
                0x0000027b       0x33 ./rt-thread/src/timer.o
 .ARM.attributes
                0x000002ae       0x21 ./rt-thread/libcpu/arm/cortex-m3/context_gcc.o
 .ARM.attributes
                0x000002cf       0x33 ./rt-thread/libcpu/arm/cortex-m3/cpuport.o
 .ARM.attributes
                0x00000302       0x33 ./rt-thread/components/libc/compilers/minilibc/stdlib.o
 .ARM.attributes
                0x00000335       0x33 ./rt-thread/components/libc/compilers/minilibc/string.o
 .ARM.attributes
                0x00000368       0x33 ./rt-thread/components/finsh/cmd.o
 .ARM.attributes
                0x0000039b       0x33 ./rt-thread/components/finsh/msh.o
 .ARM.attributes
                0x000003ce       0x33 ./rt-thread/components/finsh/shell.o
 .ARM.attributes
                0x00000401       0x33 ./rt-thread/components/drivers/src/completion.o
 .ARM.attributes
                0x00000434       0x33 ./rt-thread/components/drivers/serial/serial.o
 .ARM.attributes
                0x00000467       0x33 ./rt-thread/components/drivers/misc/pin.o
 .ARM.attributes
                0x0000049a       0x33 ./rt-thread/components/drivers/i2c/i2c-bit-ops.o
 .ARM.attributes
                0x000004cd       0x33 ./rt-thread/components/drivers/i2c/i2c_core.o
 .ARM.attributes
                0x00000500       0x33 ./rt-thread/components/drivers/i2c/i2c_dev.o
 .ARM.attributes
                0x00000533       0x33 ./libraries/STM32F1xx_HAL_Driver/Src/stm32f1xx_hal.o
 .ARM.attributes
                0x00000566       0x33 ./libraries/STM32F1xx_HAL_Driver/Src/stm32f1xx_hal_cortex.o
 .ARM.attributes
                0x00000599       0x33 ./libraries/STM32F1xx_HAL_Driver/Src/stm32f1xx_hal_dma.o
 .ARM.attributes
                0x000005cc       0x33 ./libraries/STM32F1xx_HAL_Driver/Src/stm32f1xx_hal_gpio.o
 .ARM.attributes
                0x000005ff       0x33 ./libraries/STM32F1xx_HAL_Driver/Src/stm32f1xx_hal_rcc.o
 .ARM.attributes
                0x00000632       0x33 ./libraries/STM32F1xx_HAL_Driver/Src/stm32f1xx_hal_uart.o
 .ARM.attributes