Archive member included to satisfy reference by file (symbol)

d:/rt-threadstudio/platform/env_released/env/tools/gnu_gcc/arm_gcc/mingw/bin/../lib/gcc/arm-none-eabi/5.4.1/armv7-m\libgcc.a(_arm_addsubdf3.o)
                              ./rt-thread/components/libc/compilers/minilibc/math.o (__aeabi_dsub)
d:/rt-threadstudio/platform/env_released/env/tools/gnu_gcc/arm_gcc/mingw/bin/../lib/gcc/arm-none-eabi/5.4.1/armv7-m\libgcc.a(_arm_muldivdf3.o)
                              ./rt-thread/components/libc/compilers/minilibc/math.o (__aeabi_dmul)
d:/rt-threadstudio/platform/env_released/env/tools/gnu_gcc/arm_gcc/mingw/bin/../lib/gcc/arm-none-eabi/5.4.1/armv7-m\libgcc.a(_arm_fixdfsi.o)
                              ./rt-thread/components/libc/compilers/minilibc/math.o (__aeabi_d2iz)
d:/rt-threadstudio/platform/env_released/env/tools/gnu_gcc/arm_gcc/mingw/bin/../lib/gcc/arm-none-eabi/5.4.1/../../../../arm-none-eabi/lib/armv7-m\libg.a(lib_a-exit.o)
                              d:/rt-threadstudio/platform/env_released/env/tools/gnu_gcc/arm_gcc/mingw/bin/../lib/gcc/arm-none-eabi/5.4.1/../../../../arm-none-eabi/lib/armv7-m/crt0.o (exit)
d:/rt-threadstudio/platform/env_released/env/tools/gnu_gcc/arm_gcc/mingw/bin/../lib/gcc/arm-none-eabi/5.4.1/../../../../arm-none-eabi/lib/armv7-m\libg.a(lib_a-impure.o)
                              d:/rt-threadstudio/platform/env_released/env/tools/gnu_gcc/arm_gcc/mingw/bin/../lib/gcc/arm-none-eabi/5.4.1/../../../../arm-none-eabi/lib/armv7-m\libg.a(lib_a-exit.o) (_global_impure_ptr)
d:/rt-threadstudio/platform/env_released/env/tools/gnu_gcc/arm_gcc/mingw/bin/../lib/gcc/arm-none-eabi/5.4.1/../../../../arm-none-eabi/lib/armv7-m\libg.a(lib_a-init.o)
                              d:/rt-threadstudio/platform/env_released/env/tools/gnu_gcc/arm_gcc/mingw/bin/../lib/gcc/arm-none-eabi/5.4.1/../../../../arm-none-eabi/lib/armv7-m/crt0.o (__libc_init_array)
d:/rt-threadstudio/platform/env_released/env/tools/gnu_gcc/arm_gcc/mingw/bin/../lib/gcc/arm-none-eabi/5.4.1/../../../../arm-none-eabi/lib/armv7-m\libg.a(lib_a-__call_atexit.o)
                              d:/rt-threadstudio/platform/env_released/env/tools/gnu_gcc/arm_gcc/mingw/bin/../lib/gcc/arm-none-eabi/5.4.1/../../../../arm-none-eabi/lib/armv7-m\libg.a(lib_a-exit.o) (__call_exitprocs)
d:/rt-threadstudio/platform/env_released/env/tools/gnu_gcc/arm_gcc/mingw/bin/../lib/gcc/arm-none-eabi/5.4.1/../../../../arm-none-eabi/lib/armv7-m\libg.a(lib_a-atexit.o)
                              d:/rt-threadstudio/platform/env_released/env/tools/gnu_gcc/arm_gcc/mingw/bin/../lib/gcc/arm-none-eabi/5.4.1/../../../../arm-none-eabi/lib/armv7-m\libg.a(lib_a-__call_atexit.o) (atexit)
d:/rt-threadstudio/platform/env_released/env/tools/gnu_gcc/arm_gcc/mingw/bin/../lib/gcc/arm-none-eabi/5.4.1/../../../../arm-none-eabi/lib/armv7-m\libg.a(lib_a-fini.o)
                              d:/rt-threadstudio/platform/env_released/env/tools/gnu_gcc/arm_gcc/mingw/bin/../lib/gcc/arm-none-eabi/5.4.1/../../../../arm-none-eabi/lib/armv7-m\libg.a(lib_a-__call_atexit.o) (__libc_fini_array)
d:/rt-threadstudio/platform/env_released/env/tools/gnu_gcc/arm_gcc/mingw/bin/../lib/gcc/arm-none-eabi/5.4.1/../../../../arm-none-eabi/lib/armv7-m\libg.a(lib_a-__atexit.o)
                              d:/rt-threadstudio/platform/env_released/env/tools/gnu_gcc/arm_gcc/mingw/bin/../lib/gcc/arm-none-eabi/5.4.1/../../../../arm-none-eabi/lib/armv7-m\libg.a(lib_a-atexit.o) (__register_exitproc)

Allocating common symbols
Common symbol       size              file

rt_interrupt_to_thread
                    0x4               ./rt-thread/libcpu/arm/cortex-m3/cpuport.o
rt_interrupt_from_thread
                    0x4               ./rt-thread/libcpu/arm/cortex-m3/cpuport.o
shell               0x4               ./rt-thread/components/finsh/shell.o
rt_thread_switch_interrupt_flag
                    0x4               ./rt-thread/libcpu/arm/cortex-m3/cpuport.o
uwTick              0x4               ./libraries/STM32F1xx_HAL_Driver/Src/stm32f1xx_hal.o
pFlash              0x20              ./libraries/STM32F1xx_HAL_Driver/Src/stm32f1xx_hal_flash.o
rt_thread_priority_table
                    0x100             ./rt-thread/src/scheduler.o
rt_object_put_hook  0x4               ./rt-thread/src/object.o
rt_current_priority
                    0x1               ./rt-thread/src/scheduler.o
rt_assert_hook      0x4               ./rt-thread/src/kservice.o
rt_object_take_hook
                    0x4               ./rt-thread/src/object.o
rt_current_thread   0x4               ./rt-thread/src/scheduler.o
rt_thread_ready_priority_group
                    0x4               ./rt-thread/src/scheduler.o
rt_thread_defunct   0x8               ./rt-thread/src/scheduler.o
rt_object_trytake_hook
                    0x4               ./rt-thread/src/object.o

Discarded input sections

[...]
Memory Configuration

Name             Origin             Length             Attributes
ROM              0x08000000         0x00010000         xr
RAM              0x20000000         0x00005000         rw
*default*        0x00000000         0xffffffff

Linker script and memory map

LOAD d:/rt-threadstudio/platform/env_released/env/tools/gnu_gcc/arm_gcc/mingw/bin/../lib/gcc/arm-none-eabi/5.4.1/armv7-m/crti.o
LOAD d:/rt-threadstudio/platform/env_released/env/tools/gnu_gcc/arm_gcc/mingw/bin/../lib/gcc/arm-none-eabi/5.4.1/armv7-m/crtbegin.o
LOAD d:/rt-threadstudio/platform/env_released/env/tools/gnu_gcc/arm_gcc/mingw/bin/../lib/gcc/arm-none-eabi/5.4.1/../../../../arm-none-eabi/lib/armv7-m/crt0.o
LOAD ./rt-thread/src/clock.o
LOAD ./rt-thread/src/components.o
LOAD ./rt-thread/src/device.o
LOAD ./rt-thread/src/idle.o
LOAD ./rt-thread/src/ipc.o
LOAD ./rt-thread/src/irq.o
LOAD ./rt-thread/src/kservice.o
LOAD ./rt-thread/src/mem.o
LOAD ./rt-thread/src/mempool.o
LOAD ./rt-thread/src/object.o
LOAD ./rt-thread/src/scheduler.o
LOAD ./rt-thread/src/signal.o
LOAD ./rt-thread/src/thread.o
LOAD ./rt-thread/src/timer.o
LOAD ./rt-thread/libcpu/arm/cortex-m3/context_gcc.o
LOAD ./rt-thread/libcpu/arm/cortex-m3/cpuport.o
LOAD ./rt-thread/libcpu/arm/common/backtrace.o
LOAD ./rt-thread/libcpu/arm/common/div0.o
LOAD ./rt-thread/libcpu/arm/common/showmem.o
LOAD ./rt-thread/components/libc/compilers/minilibc/ctype.o
LOAD ./rt-thread/components/libc/compilers/minilibc/math.o
LOAD ./rt-thread/components/libc/compilers/minilibc/qsort.o
LOAD ./rt-thread/components/libc/compilers/minilibc/rand.o
LOAD ./rt-thread/components/libc/compilers/minilibc/stdlib.o
LOAD ./rt-thread/components/libc/compilers/minilibc/string.o
LOAD ./rt-thread/components/libc/compilers/minilibc/time.o
LOAD ./rt-thread/components/finsh/cmd.o
LOAD ./rt-thread/components/finsh/msh.o
LOAD ./rt-thread/components/finsh/shell.o
LOAD ./rt-thread/components/drivers/src/completion.o
LOAD ./rt-thread/components/drivers/src/dataqueue.o
LOAD ./rt-thread/components/drivers/src/pipe.o
LOAD ./rt-thread/components/drivers/src/ringblk_buf.o
LOAD ./rt-thread/components/drivers/src/ringbuffer.o
LOAD ./rt-thread/components/drivers/src/waitqueue.o
LOAD ./rt-thread/components/drivers/src/workqueue.o
LOAD ./rt-thread/components/drivers/serial/serial.o
LOAD ./rt-thread/components/drivers/misc/pin.o
LOAD ./libraries/STM32F1xx_HAL_Driver/Src/Legacy/stm32f1xx_hal_can.o
LOAD ./libraries/STM32F1xx_HAL_Driver/Src/stm32f1xx_hal.o
LOAD ./libraries/STM32F1xx_HAL_Driver/Src/stm32f1xx_hal_adc.o
LOAD ./libraries/STM32F1xx_HAL_Driver/Src/stm32f1xx_hal_adc_ex.o
LOAD ./libraries/STM32F1xx_HAL_Driver/Src/stm32f1xx_hal_can.o
LOAD ./libraries/STM32F1xx_HAL_Driver/Src/stm32f1xx_hal_cec.o
LOAD ./libraries/STM32F1xx_HAL_Driver/Src/stm32f1xx_hal_cortex.o
LOAD ./libraries/STM32F1xx_HAL_Driver/Src/stm32f1xx_hal_crc.o
LOAD ./libraries/STM32F1xx_HAL_Driver/Src/stm32f1xx_hal_dac.o
LOAD ./libraries/STM32F1xx_HAL_Driver/Src/stm32f1xx_hal_dac_ex.o
LOAD ./libraries/STM32F1xx_HAL_Driver/Src/stm32f1xx_hal_dma.o
LOAD ./libraries/STM32F1xx_HAL_Driver/Src/stm32f1xx_hal_eth.o
LOAD ./libraries/STM32F1xx_HAL_Driver/Src/stm32f1xx_hal_exti.o
LOAD ./libraries/STM32F1xx_HAL_Driver/Src/stm32f1xx_hal_flash.o
LOAD ./libraries/STM32F1xx_HAL_Driver/Src/stm32f1xx_hal_flash_ex.o
LOAD ./libraries/STM32F1xx_HAL_Driver/Src/stm32f1xx_hal_gpio.o
LOAD ./libraries/STM32F1xx_HAL_Driver/Src/stm32f1xx_hal_gpio_ex.o
LOAD ./libraries/STM32F1xx_HAL_Driver/Src/stm32f1xx_hal_hcd.o
LOAD ./libraries/STM32F1xx_HAL_Driver/Src/stm32f1xx_hal_i2c.o
LOAD ./libraries/STM32F1xx_HAL_Driver/Src/stm32f1xx_hal_i2s.o
LOAD ./libraries/STM32F1xx_HAL_Driver/Src/stm32f1xx_hal_irda.o
LOAD ./libraries/STM32F1xx_HAL_Driver/Src/stm32f1xx_hal_iwdg.o
LOAD ./libraries/STM32F1xx_HAL_Driver/Src/stm32f1xx_hal_mmc.o
LOAD ./libraries/STM32F1xx_HAL_Driver/Src/stm32f1xx_hal_nand.o
LOAD ./libraries/STM32F1xx_HAL_Driver/Src/stm32f1xx_hal_nor.o
LOAD ./libraries/STM32F1xx_HAL_Driver/Src/stm32f1xx_hal_pccard.o
LOAD ./libraries/STM32F1xx_HAL_Driver/Src/stm32f1xx_hal_pcd.o
LOAD ./libraries/STM32F1xx_HAL_Driver/Src/stm32f1xx_hal_pcd_ex.o
LOAD ./libraries/STM32F1xx_HAL_Driver/Src/stm32f1xx_hal_pwr.o
LOAD ./libraries/STM32F1xx_HAL_Driver/Src/stm32f1xx_hal_rcc.o
LOAD ./libraries/STM32F1xx_HAL_Driver/Src/stm32f1xx_hal_rcc_ex.o
LOAD ./libraries/STM32F1xx_HAL_Driver/Src/stm32f1xx_hal_rtc.o
LOAD ./libraries/STM32F1xx_HAL_Driver/Src/stm32f1xx_hal_rtc_ex.o
LOAD ./libraries/STM32F1xx_HAL_Driver/Src/stm32f1xx_hal_sd.o
LOAD ./libraries/STM32F1xx_HAL_Driver/Src/stm32f1xx_hal_smartcard.o
LOAD ./libraries/STM32F1xx_HAL_Driver/Src/stm32f1xx_hal_spi.o
LOAD ./libraries/STM32F1xx_HAL_Driver/Src/stm32f1xx_hal_sram.o
LOAD ./libraries/STM32F1xx_HAL_Driver/Src/stm32f1xx_hal_tim.o
LOAD ./libraries/STM32F1xx_HAL_Driver/Src/stm32f1xx_hal_tim_ex.o
LOAD ./libraries/STM32F1xx_HAL_Driver/Src/stm32f1xx_hal_uart.o
LOAD ./libraries/STM32F1xx_HAL_Driver/Src/stm32f1xx_hal_usart.o
LOAD ./libraries/STM32F1xx_HAL_Driver/Src/stm32f1xx_hal_wwdg.o
LOAD ./libraries/CMSIS/Device/ST/STM32F1xx/Source/Templates/gcc/startup_stm32f103xb.o
LOAD ./libraries/CMSIS/Device/ST/STM32F1xx/Source/Templates/system_stm32f1xx.o
LOAD ./drivers/board.o
LOAD ./drivers/drv_common.o
LOAD ./drivers/drv_gpio.o
LOAD ./drivers/drv_usart.o
LOAD ./applications/main.o
START GROUP
LOAD d:/rt-threadstudio/platform/env_released/env/tools/gnu_gcc/arm_gcc/mingw/bin/../lib/gcc/arm-none-eabi/5.4.1/armv7-m\libgcc.a
LOAD d:/rt-threadstudio/platform/env_released/env/tools/gnu_gcc/arm_gcc/mingw/bin/../lib/gcc/arm-none-eabi/5.4.1/../../../../arm-none-eabi/lib/armv7-m\libg.a
LOAD d:/rt-threadstudio/platform/env_released/env/tools/gnu_gcc/arm_gcc/mingw/bin/../lib/gcc/arm-none-eabi/5.4.1/../../../../arm-none-eabi/lib/armv7-m\libc.a
END GROUP
LOAD d:/rt-threadstudio/platform/env_released/env/tools/gnu_gcc/arm_gcc/mingw/bin/../lib/gcc/arm-none-eabi/5.4.1/armv7-m/crtend.o
LOAD d:/rt-threadstudio/platform/env_released/env/tools/gnu_gcc/arm_gcc/mingw/bin/../lib/gcc/arm-none-eabi/5.4.1/armv7-m/crtn.o
                0x00000200                _system_stack_size = 0x200

.text           0x08000000     0xbf7c
                0x08000000                . = ALIGN (0x4)
                0x08000000                _stext = .
 *(.isr_vector)
 .isr_vector    0x08000000      0x10c ./libraries/CMSIS/Device/ST/STM32F1xx/Source/Templates/gcc/startup_stm32f103xb.o
                0x08000000                g_pfnVectors
                0x0800010c                . = ALIGN (0x4)
 *(.text)
 .text          0x0800010c       0x5c d:/rt-threadstudio/platform/env_released/env/tools/gnu_gcc/arm_gcc/mingw/bin/../lib/gcc/arm-none-eabi/5.4.1/armv7-m/crtbegin.o
 .text          0x08000168      0x100 ./rt-thread/libcpu/arm/cortex-m3/context_gcc.o
                0x08000168                rt_hw_interrupt_disable
                0x08000170                rt_hw_interrupt_enable
                0x08000176                rt_hw_context_switch_interrupt
                0x08000176                rt_hw_context_switch
                0x08000196                PendSV_Handler
                0x080001d2                rt_hw_context_switch_to
                0x0800020e                rt_hw_interrupt_thread_switch
                0x08000212                HardFault_Handler
                0x08000248                rt_hw_interrupt_check
 *(.text.*)
 .text.rt_tick_get
                0x08000268       0x14 ./rt-thread/src/clock.o
                0x08000268                rt_tick_get
 .text.rt_tick_increase
                0x0800027c       0x58 ./rt-thread/src/clock.o
                0x0800027c                rt_tick_increase
 .text.rt_tick_from_millisecond
                0x080002d4       0x78 ./rt-thread/src/clock.o
                0x080002d4                rt_tick_from_millisecond
 .text.rti_start
                0x0800034c       0x10 ./rt-thread/src/components.o
 .text.rti_board_start
                0x0800035c       0x10 ./rt-thread/src/components.o
 .text.rti_board_end
                0x0800036c       0x10 ./rt-thread/src/components.o
 .text.rti_end  0x0800037c       0x10 ./rt-thread/src/components.o
 .text.rt_components_board_init
                0x0800038c       0x30 ./rt-thread/src/components.o
                0x0800038c                rt_components_board_init
 .text.rt_components_init
                0x080003bc       0x30 ./rt-thread/src/components.o
                0x080003bc                rt_components_init
 .text.entry    0x080003ec       0x10 ./rt-thread/src/components.o
                0x080003ec                entry
 .text.main_thread_entry
                0x080003fc       0x18 ./rt-thread/src/components.o
                0x080003fc                main_thread_entry
 .text.rt_application_init
                0x08000414       0x4c ./rt-thread/src/components.o
                0x08000414                rt_application_init
 .text.rtthread_startup
                0x08000460       0x30 ./rt-thread/src/components.o
                0x08000460                rtthread_startup
 .text.rt_device_register
                0x08000490       0x54 ./rt-thread/src/device.o
                0x08000490                rt_device_register
 .text.rt_device_find
                0x080004e4       0x90 ./rt-thread/src/device.o
                0x080004e4                rt_device_find
 .text.rt_device_open
                0x08000574      0x11c ./rt-thread/src/device.o
                0x08000574                rt_device_open
 .text.rt_device_close
                0x08000690       0x9c ./rt-thread/src/device.o
                0x08000690                rt_device_close
 .text.rt_device_read
                0x0800072c       0x88 ./rt-thread/src/device.o
                0x0800072c                rt_device_read
 .text.rt_device_write
                0x080007b4       0x88 ./rt-thread/src/device.o
                0x080007b4                rt_device_write
 .text.rt_device_set_rx_indicate
                0x0800083c       0x54 ./rt-thread/src/device.o
                0x0800083c                rt_device_set_rx_indicate
 .text.rt_list_remove
                0x08000890       0x34 ./rt-thread/src/idle.o
 .text._has_defunct_thread
                0x080008c4       0x28 ./rt-thread/src/idle.o
 .text.rt_thread_idle_excute
                0x080008ec       0xc8 ./rt-thread/src/idle.o
                0x080008ec                rt_thread_idle_excute
 .text.rt_thread_idle_entry
                0x080009b4       0x3c ./rt-thread/src/idle.o
 .text.rt_thread_idle_init
                0x080009f0       0x74 ./rt-thread/src/idle.o
                0x080009f0                rt_thread_idle_init
 .text.rt_list_init
                0x08000a64       0x20 ./rt-thread/src/ipc.o
 .text.rt_list_insert_before
                0x08000a84       0x30 ./rt-thread/src/ipc.o
 .text.rt_list_isempty
                0x08000ab4       0x24 ./rt-thread/src/ipc.o
 .text.rt_ipc_object_init
                0x08000ad8       0x1c ./rt-thread/src/ipc.o
 .text.rt_ipc_list_suspend
                0x08000af4       0x90 ./rt-thread/src/ipc.o
 .text.rt_ipc_list_resume
                0x08000b84       0x20 ./rt-thread/src/ipc.o
 .text.rt_sem_init
                0x08000ba4       0x68 ./rt-thread/src/ipc.o
                0x08000ba4                rt_sem_init
 .text.rt_sem_take
                0x08000c0c      0x160 ./rt-thread/src/ipc.o
                0x08000c0c                rt_sem_take
 .text.rt_sem_release
                0x08000d6c       0xa0 ./rt-thread/src/ipc.o
                0x08000d6c                rt_sem_release
 .text.rt_interrupt_enter
                0x08000e0c       0x40 ./rt-thread/src/irq.o
                0x08000e0c                rt_interrupt_enter
 .text.rt_interrupt_leave
                0x08000e4c       0x40 ./rt-thread/src/irq.o
                0x08000e4c                rt_interrupt_leave
 .text.rt_interrupt_get_nest
                0x08000e8c       0x28 ./rt-thread/src/irq.o
                0x08000e8c                rt_interrupt_get_nest
 .text.rt_set_errno
                0x08000eb4       0x40 ./rt-thread/src/kservice.o
                0x08000eb4                rt_set_errno
 .text.rt_memset
                0x08000ef4       0xb4 ./rt-thread/src/kservice.o
                0x08000ef4                rt_memset
                0x08000ef4                memset
 .text.rt_memcpy
                0x08000fa8       0xd0 ./rt-thread/src/kservice.o
                0x08000fa8                rt_memcpy
                0x08000fa8                memcpy
 .text.rt_memmove
                0x08001078       0x80 ./rt-thread/src/kservice.o
                0x08001078                rt_memmove
                0x08001078                memmove
 .text.rt_memcmp
                0x080010f8       0x58 ./rt-thread/src/kservice.o
                0x080010f8                rt_memcmp
                0x080010f8                memcmp
 .text.rt_strncpy
                0x08001150       0x64 ./rt-thread/src/kservice.o
                0x08001150                rt_strncpy
 .text.rt_strncmp
                0x080011b4       0x4c ./rt-thread/src/kservice.o
                0x080011b4                rt_strncmp
 .text.rt_strlen
                0x08001200       0x2c ./rt-thread/src/kservice.o
                0x08001200                strlen
                0x08001200                rt_strlen
 .text.rt_show_version
                0x0800122c       0x44 ./rt-thread/src/kservice.o
                0x0800122c                rt_show_version
 .text.divide   0x08001270       0x68 ./rt-thread/src/kservice.o
 .text.skip_atoi
                0x080012d8       0x40 ./rt-thread/src/kservice.o
 .text.print_number
                0x08001318      0x1dc ./rt-thread/src/kservice.o
 .text.rt_vsnprintf
                0x080014f4      0x548 ./rt-thread/src/kservice.o
                0x080014f4                rt_vsnprintf
 .text.rt_vsprintf
                0x08001a3c       0x24 ./rt-thread/src/kservice.o
                0x08001a3c                rt_vsprintf
                0x08001a3c                vsprintf
 .text.rt_sprintf
                0x08001a60       0x2c ./rt-thread/src/kservice.o
                0x08001a60                sprintf
                0x08001a60                rt_sprintf
 .text.rt_console_get_device
                0x08001a8c       0x14 ./rt-thread/src/kservice.o
                0x08001a8c                rt_console_get_device
 .text.rt_console_set_device
                0x08001aa0       0x4c ./rt-thread/src/kservice.o
                0x08001aa0                rt_console_set_device
 .text.rt_hw_console_output
                0x08001aec       0x14 ./rt-thread/src/kservice.o
                0x08001aec                rt_hw_console_output
 .text.rt_kprintf
                0x08001b00       0x80 ./rt-thread/src/kservice.o
                0x08001b00                rt_kprintf
 .text.rt_assert_handler
                0x08001b80       0x4c ./rt-thread/src/kservice.o
                0x08001b80                rt_assert_handler
 .text.plug_holes
                0x08001bcc      0x100 ./rt-thread/src/mem.o
 .text.rt_system_heap_init
                0x08001ccc      0x118 ./rt-thread/src/mem.o
                0x08001ccc                rt_system_heap_init
 .text.rt_malloc
                0x08001de4      0x294 ./rt-thread/src/mem.o
                0x08001de4                rt_malloc
 .text.rt_calloc
                0x08002078       0x3c ./rt-thread/src/mem.o
                0x08002078                rt_calloc
 .text.rt_free  0x080020b4      0x188 ./rt-thread/src/mem.o
                0x080020b4                rt_free
 .text.list_mem
                0x0800223c       0x44 ./rt-thread/src/mem.o
                0x0800223c                list_mem
 .text.rt_list_insert_after
                0x08002280       0x30 ./rt-thread/src/object.o
 .text.rt_list_remove
                0x080022b0       0x34 ./rt-thread/src/object.o
 .text.rt_object_get_information
                0x080022e4       0x48 ./rt-thread/src/object.o
                0x080022e4                rt_object_get_information
 .text.rt_object_init
                0x0800232c       0xc8 ./rt-thread/src/object.o
                0x0800232c                rt_object_init
 .text.rt_object_detach
                0x080023f4       0x5c ./rt-thread/src/object.o
                0x080023f4                rt_object_detach
 .text.rt_object_allocate
                0x08002450       0xd8 ./rt-thread/src/object.o
                0x08002450                rt_object_allocate
 .text.rt_object_delete
                0x08002528       0x7c ./rt-thread/src/object.o
                0x08002528                rt_object_delete
 .text.rt_object_is_systemobject
                0x080025a4       0x3c ./rt-thread/src/object.o
                0x080025a4                rt_object_is_systemobject
 .text.rt_object_get_type
                0x080025e0       0x34 ./rt-thread/src/object.o
                0x080025e0                rt_object_get_type
 .text.rt_list_init
                0x08002614       0x20 ./rt-thread/src/scheduler.o
 .text.rt_list_insert_before
                0x08002634       0x30 ./rt-thread/src/scheduler.o
 .text.rt_list_remove
                0x08002664       0x34 ./rt-thread/src/scheduler.o
 .text.rt_list_isempty
                0x08002698       0x24 ./rt-thread/src/scheduler.o
 .text._rt_scheduler_stack_check
                0x080026bc       0x98 ./rt-thread/src/scheduler.o
 .text._get_highest_priority_thread
                0x08002754       0x38 ./rt-thread/src/scheduler.o
 .text.rt_system_scheduler_init
                0x0800278c       0x40 ./rt-thread/src/scheduler.o
                0x0800278c                rt_system_scheduler_init
 .text.rt_system_scheduler_start
                0x080027cc       0x38 ./rt-thread/src/scheduler.o
                0x080027cc                rt_system_scheduler_start
 .text.rt_schedule
                0x08002804      0x188 ./rt-thread/src/scheduler.o
                0x08002804                rt_schedule
 .text.rt_schedule_insert_thread
                0x0800298c       0xac ./rt-thread/src/scheduler.o
                0x0800298c                rt_schedule_insert_thread
 .text.rt_schedule_remove_thread
                0x08002a38       0x70 ./rt-thread/src/scheduler.o
                0x08002a38                rt_schedule_remove_thread
 .text.rt_enter_critical
                0x08002aa8       0x2c ./rt-thread/src/scheduler.o
                0x08002aa8                rt_enter_critical
 .text.rt_exit_critical
                0x08002ad4       0x54 ./rt-thread/src/scheduler.o
                0x08002ad4                rt_exit_critical
 .text.rt_list_init
                0x08002b28       0x20 ./rt-thread/src/thread.o
 .text.rt_list_insert_after
                0x08002b48       0x30 ./rt-thread/src/thread.o
 .text.rt_list_remove
                0x08002b78       0x34 ./rt-thread/src/thread.o
 .text.rt_thread_exit
                0x08002bac       0x68 ./rt-thread/src/thread.o
                0x08002bac                rt_thread_exit
 .text._rt_thread_init
                0x08002c14       0xf8 ./rt-thread/src/thread.o
 .text.rt_thread_init
                0x08002d0c       0x6c ./rt-thread/src/thread.o
                0x08002d0c                rt_thread_init
 .text.rt_thread_self
                0x08002d78       0x14 ./rt-thread/src/thread.o
                0x08002d78                rt_thread_self
 .text.rt_thread_startup
                0x08002d8c       0xa0 ./rt-thread/src/thread.o
                0x08002d8c                rt_thread_startup
 .text.rt_thread_create
                0x08002e2c       0x64 ./rt-thread/src/thread.o
                0x08002e2c                rt_thread_create
 .text.rt_thread_yield
                0x08002e90       0x10 ./rt-thread/src/thread.o
                0x08002e90                rt_thread_yield
 .text.rt_thread_sleep
                0x08002ea0       0x8c ./rt-thread/src/thread.o
                0x08002ea0                rt_thread_sleep
 .text.rt_thread_delay
                0x08002f2c       0x18 ./rt-thread/src/thread.o
                0x08002f2c                rt_thread_delay
 .text.rt_thread_mdelay
                0x08002f44       0x20 ./rt-thread/src/thread.o
                0x08002f44                rt_thread_mdelay
 .text.rt_thread_suspend
                0x08002f64       0xcc ./rt-thread/src/thread.o
                0x08002f64                rt_thread_suspend
 .text.rt_thread_resume
                0x08003030       0x98 ./rt-thread/src/thread.o
                0x08003030                rt_thread_resume
 .text.rt_thread_timeout
                0x080030c8       0x84 ./rt-thread/src/thread.o
                0x080030c8                rt_thread_timeout
 .text.rt_list_init
                0x0800314c       0x20 ./rt-thread/src/timer.o
 .text.rt_list_insert_after
                0x0800316c       0x30 ./rt-thread/src/timer.o
 .text.rt_list_remove
                0x0800319c       0x34 ./rt-thread/src/timer.o
 .text.rt_list_isempty
                0x080031d0       0x24 ./rt-thread/src/timer.o
 .text._rt_timer_init
                0x080031f4       0x68 ./rt-thread/src/timer.o
 .text.rt_timer_list_next_timeout
                0x0800325c       0x30 ./rt-thread/src/timer.o
 .text._rt_timer_remove
                0x0800328c       0x34 ./rt-thread/src/timer.o
 .text.rt_timer_init
                0x080032c0       0x48 ./rt-thread/src/timer.o
                0x080032c0                rt_timer_init
 .text.rt_timer_detach
                0x08003308       0x7c ./rt-thread/src/timer.o
                0x08003308                rt_timer_detach
 .text.rt_timer_start
                0x08003384      0x23c ./rt-thread/src/timer.o
                0x08003384                rt_timer_start
 .text.rt_timer_stop
                0x080035c0       0x94 ./rt-thread/src/timer.o
                0x080035c0                rt_timer_stop
 .text.rt_timer_control
                0x08003654       0xa0 ./rt-thread/src/timer.o
                0x08003654                rt_timer_control
 .text.rt_timer_check
                0x080036f4       0xcc ./rt-thread/src/timer.o
                0x080036f4                rt_timer_check
 .text.rt_soft_timer_check
                0x080037c0       0xd8 ./rt-thread/src/timer.o
                0x080037c0                rt_soft_timer_check
 .text.rt_thread_timer_entry
                0x08003898       0x58 ./rt-thread/src/timer.o
 .text.rt_system_timer_init
                0x080038f0       0x34 ./rt-thread/src/timer.o
                0x080038f0                rt_system_timer_init
 .text.rt_system_timer_thread_init
                0x08003924       0x68 ./rt-thread/src/timer.o
                0x08003924                rt_system_timer_thread_init
 .text.rt_hw_stack_init
                0x0800398c       0x88 ./rt-thread/libcpu/arm/cortex-m3/cpuport.o
                0x0800398c                rt_hw_stack_init
 .text.usage_fault_track
                0x08003a14       0xc4 ./rt-thread/libcpu/arm/cortex-m3/cpuport.o
 .text.bus_fault_track
                0x08003ad8       0xcc ./rt-thread/libcpu/arm/cortex-m3/cpuport.o
 .text.mem_manage_fault_track
                0x08003ba4       0xb4 ./rt-thread/libcpu/arm/cortex-m3/cpuport.o
 .text.hard_fault_track
                0x08003c58       0x78 ./rt-thread/libcpu/arm/cortex-m3/cpuport.o
 .text.rt_hw_hard_fault_exception
                0x08003cd0      0x168 ./rt-thread/libcpu/arm/cortex-m3/cpuport.o
                0x08003cd0                rt_hw_hard_fault_exception
 .text.rt_hw_cpu_reset
                0x08003e38       0x1c ./rt-thread/libcpu/arm/cortex-m3/cpuport.o
                0x08003e38                rt_hw_cpu_reset
 .text.__rt_ffs
                0x08003e54       0x28 ./rt-thread/libcpu/arm/cortex-m3/cpuport.o
                0x08003e54                __rt_ffs
 .text.malloc   0x08003e7c       0x18 ./rt-thread/components/libc/compilers/minilibc/stdlib.o
                0x08003e7c                malloc
 .text.strncpy  0x08003e94       0x20 ./rt-thread/components/libc/compilers/minilibc/string.o
                0x08003e94                strncpy
 .text.strncmp  0x08003eb4       0x4c ./rt-thread/components/libc/compilers/minilibc/string.o
                0x08003eb4                strncmp
 .text.rt_list_isempty
                0x08003f00       0x24 ./rt-thread/components/finsh/cmd.o
 .text.rt_list_len
                0x08003f24       0x34 ./rt-thread/components/finsh/cmd.o
 .text.hello    0x08003f58       0x14 ./rt-thread/components/finsh/cmd.o
                0x08003f58                hello
 .text.version  0x08003f6c       0x10 ./rt-thread/components/finsh/cmd.o
                0x08003f6c                version
 .text.object_split
                0x08003f7c       0x28 ./rt-thread/components/finsh/cmd.o
 .text.list_find_init
                0x08003fa4       0x48 ./rt-thread/components/finsh/cmd.o
 .text.list_get_next
                0x08003fec       0xc8 ./rt-thread/components/finsh/cmd.o
 .text.list_thread
                0x080040b4      0x208 ./rt-thread/components/finsh/cmd.o
                0x080040b4                list_thread
 .text.show_wait_queue
                0x080042bc       0x50 ./rt-thread/components/finsh/cmd.o
 .text.list_sem
                0x0800430c      0x12c ./rt-thread/components/finsh/cmd.o
                0x0800430c                list_sem
 .text.list_event
                0x08004438      0x118 ./rt-thread/components/finsh/cmd.o
                0x08004438                list_event
 .text.list_mutex
                0x08004550       0xe8 ./rt-thread/components/finsh/cmd.o
                0x08004550                list_mutex
 .text.list_mailbox
                0x08004638      0x13c ./rt-thread/components/finsh/cmd.o
                0x08004638                list_mailbox
 .text.list_msgqueue
                0x08004774      0x12c ./rt-thread/components/finsh/cmd.o
                0x08004774                list_msgqueue
 .text.list_mempool
                0x080048a0      0x144 ./rt-thread/components/finsh/cmd.o
                0x080048a0                list_mempool
 .text.list_timer
                0x080049e4      0x108 ./rt-thread/components/finsh/cmd.o
                0x080049e4                list_timer
 .text.list_device
                0x08004aec       0xf0 ./rt-thread/components/finsh/cmd.o
                0x08004aec                list_device
 .text.list     0x08004bdc       0x6c ./rt-thread/components/finsh/cmd.o
                0x08004bdc                list
 .text.msh_is_used
                0x08004c48       0x10 ./rt-thread/components/finsh/msh.o
                0x08004c48                msh_is_used
 .text.msh_help
                0x08004c58       0x7c ./rt-thread/components/finsh/msh.o
                0x08004c58                msh_help
 .text.cmd_ps   0x08004cd4       0x18 ./rt-thread/components/finsh/msh.o
                0x08004cd4                cmd_ps
 .text.cmd_free
                0x08004cec       0x18 ./rt-thread/components/finsh/msh.o
                0x08004cec                cmd_free
 .text.msh_split
                0x08004d04      0x170 ./rt-thread/components/finsh/msh.o
 .text.msh_get_cmd
                0x08004e74       0x80 ./rt-thread/components/finsh/msh.o
 .text._msh_exec_cmd
                0x08004ef4       0xd4 ./rt-thread/components/finsh/msh.o
 .text.msh_exec
                0x08004fc8       0x84 ./rt-thread/components/finsh/msh.o
                0x08004fc8                msh_exec
 .text.str_common
                0x0800504c       0x48 ./rt-thread/components/finsh/msh.o
 .text.msh_auto_complete
                0x08005094       0xd0 ./rt-thread/components/finsh/msh.o
                0x08005094                msh_auto_complete
 .text.finsh_get_prompt
                0x08005164       0xa0 ./rt-thread/components/finsh/shell.o
                0x08005164                finsh_get_prompt
 .text.finsh_set_prompt_mode
                0x08005204       0x48 ./rt-thread/components/finsh/shell.o
                0x08005204                finsh_set_prompt_mode
 .text.finsh_getchar
                0x0800524c       0x5c ./rt-thread/components/finsh/shell.o
 .text.finsh_rx_ind
                0x080052a8       0x3c ./rt-thread/components/finsh/shell.o
 .text.finsh_set_device
                0x080052e4       0xd8 ./rt-thread/components/finsh/shell.o
                0x080052e4                finsh_set_device
 .text.shell_auto_complete
                0x080053bc       0x40 ./rt-thread/components/finsh/shell.o
 .text.shell_handle_history
                0x080053fc       0x34 ./rt-thread/components/finsh/shell.o
 .text.shell_push_history
                0x08005430      0x160 ./rt-thread/components/finsh/shell.o
 .text.finsh_thread_entry
                0x08005590      0x5d8 ./rt-thread/components/finsh/shell.o
                0x08005590                finsh_thread_entry
 .text.finsh_system_function_init
                0x08005b68       0x28 ./rt-thread/components/finsh/shell.o
                0x08005b68                finsh_system_function_init
 .text.finsh_system_var_init
                0x08005b90       0x28 ./rt-thread/components/finsh/shell.o
                0x08005b90                finsh_system_var_init
 .text.finsh_system_init
                0x08005bb8       0xac ./rt-thread/components/finsh/shell.o
                0x08005bb8                finsh_system_init
 .text.rt_list_init
                0x08005c64       0x20 ./rt-thread/components/drivers/src/completion.o
 .text.rt_list_insert_before
                0x08005c84       0x30 ./rt-thread/components/drivers/src/completion.o
 .text.rt_list_isempty
                0x08005cb4       0x24 ./rt-thread/components/drivers/src/completion.o
 .text.rt_completion_init
                0x08005cd8       0x44 ./rt-thread/components/drivers/src/completion.o
                0x08005cd8                rt_completion_init
 .text.rt_completion_wait
                0x08005d1c       0xfc ./rt-thread/components/drivers/src/completion.o
                0x08005d1c                rt_completion_wait
 .text.rt_completion_done
                0x08005e18       0x70 ./rt-thread/components/drivers/src/completion.o
                0x08005e18                rt_completion_done
 .text._serial_poll_rx
                0x08005e88       0x74 ./rt-thread/components/drivers/serial/serial.o
 .text._serial_poll_tx
                0x08005efc       0x7c ./rt-thread/components/drivers/serial/serial.o
 .text._serial_int_rx
                0x08005f78       0xd8 ./rt-thread/components/drivers/serial/serial.o
 .text._serial_int_tx
                0x08006050       0x90 ./rt-thread/components/drivers/serial/serial.o
 .text._serial_check_buffer_size
                0x080060e0       0x38 ./rt-thread/components/drivers/serial/serial.o
 .text.rt_serial_init
                0x08006118       0x5c ./rt-thread/components/drivers/serial/serial.o
 .text.rt_serial_open
                0x08006174      0x20c ./rt-thread/components/drivers/serial/serial.o
 .text.rt_serial_close
                0x08006380       0xe0 ./rt-thread/components/drivers/serial/serial.o
 .text.rt_serial_read
                0x08006460       0x68 ./rt-thread/components/drivers/serial/serial.o
 .text.rt_serial_write
                0x080064c8       0x68 ./rt-thread/components/drivers/serial/serial.o
 .text.rt_serial_control
                0x08006530       0xd0 ./rt-thread/components/drivers/serial/serial.o
 .text.rt_hw_serial_register
                0x08006600       0x9c ./rt-thread/components/drivers/serial/serial.o
                0x08006600                rt_hw_serial_register
 .text.rt_hw_serial_isr
                0x0800669c      0x14c ./rt-thread/components/drivers/serial/serial.o
                0x0800669c                rt_hw_serial_isr
 .text._pin_read
                0x080067e8       0x60 ./rt-thread/components/drivers/misc/pin.o
 .text._pin_write
                0x08006848       0x5c ./rt-thread/components/drivers/misc/pin.o
 .text._pin_control
                0x080068a4       0x58 ./rt-thread/components/drivers/misc/pin.o
 .text.rt_device_pin_register
                0x080068fc       0x74 ./rt-thread/components/drivers/misc/pin.o
                0x080068fc                rt_device_pin_register
 .text.rt_pin_mode
                0x08006970       0x40 ./rt-thread/components/drivers/misc/pin.o
                0x08006970                rt_pin_mode
 .text.rt_pin_write
                0x080069b0       0x40 ./rt-thread/components/drivers/misc/pin.o
                0x080069b0                rt_pin_write
 .text.rt_pin_read
                0x080069f0       0x3c ./rt-thread/components/drivers/misc/pin.o
                0x080069f0                rt_pin_read
 .text.HAL_Init
                0x08006a2c       0x2c ./libraries/STM32F1xx_HAL_Driver/Src/stm32f1xx_hal.o
                0x08006a2c                HAL_Init
 .text.HAL_MspInit
                0x08006a58        0xc ./libraries/STM32F1xx_HAL_Driver/Src/stm32f1xx_hal.o
                0x08006a58                HAL_MspInit
 .text.HAL_IncTick
                0x08006a64       0x24 ./libraries/STM32F1xx_HAL_Driver/Src/stm32f1xx_hal.o
                0x08006a64                HAL_IncTick
 .text.__NVIC_SetPriorityGrouping
                0x08006a88       0x48 ./libraries/STM32F1xx_HAL_Driver/Src/stm32f1xx_hal_cortex.o
 .text.__NVIC_GetPriorityGrouping
                0x08006ad0       0x1c ./libraries/STM32F1xx_HAL_Driver/Src/stm32f1xx_hal_cortex.o
 .text.__NVIC_EnableIRQ
                0x08006aec       0x38 ./libraries/STM32F1xx_HAL_Driver/Src/stm32f1xx_hal_cortex.o
 .text.__NVIC_DisableIRQ
                0x08006b24       0x44 ./libraries/STM32F1xx_HAL_Driver/Src/stm32f1xx_hal_cortex.o
 .text.__NVIC_SetPriority
                0x08006b68       0x54 ./libraries/STM32F1xx_HAL_Driver/Src/stm32f1xx_hal_cortex.o
 .text.NVIC_EncodePriority
                0x08006bbc       0x60 ./libraries/STM32F1xx_HAL_Driver/Src/stm32f1xx_hal_cortex.o
 .text.SysTick_Config
                0x08006c1c       0x44 ./libraries/STM32F1xx_HAL_Driver/Src/stm32f1xx_hal_cortex.o
 .text.HAL_NVIC_SetPriorityGrouping
                0x08006c60       0x18 ./libraries/STM32F1xx_HAL_Driver/Src/stm32f1xx_hal_cortex.o
                0x08006c60                HAL_NVIC_SetPriorityGrouping
 .text.HAL_NVIC_SetPriority
                0x08006c78       0x38 ./libraries/STM32F1xx_HAL_Driver/Src/stm32f1xx_hal_cortex.o
                0x08006c78                HAL_NVIC_SetPriority
 .text.HAL_NVIC_EnableIRQ
                0x08006cb0       0x1c ./libraries/STM32F1xx_HAL_Driver/Src/stm32f1xx_hal_cortex.o
                0x08006cb0                HAL_NVIC_EnableIRQ
 .text.HAL_NVIC_DisableIRQ
                0x08006ccc       0x1c ./libraries/STM32F1xx_HAL_Driver/Src/stm32f1xx_hal_cortex.o
                0x08006ccc                HAL_NVIC_DisableIRQ
 .text.HAL_SYSTICK_Config
                0x08006ce8       0x18 ./libraries/STM32F1xx_HAL_Driver/Src/stm32f1xx_hal_cortex.o
                0x08006ce8                HAL_SYSTICK_Config
 .text.HAL_SYSTICK_CLKSourceConfig
                0x08006d00       0x38 ./libraries/STM32F1xx_HAL_Driver/Src/stm32f1xx_hal_cortex.o
                0x08006d00                HAL_SYSTICK_CLKSourceConfig
 .text.HAL_DMA_Start_IT
                0x08006d38       0xc0 ./libraries/STM32F1xx_HAL_Driver/Src/stm32f1xx_hal_dma.o
                0x08006d38                HAL_DMA_Start_IT
 .text.DMA_SetConfig
                0x08006df8       0x5c ./libraries/STM32F1xx_HAL_Driver/Src/stm32f1xx_hal_dma.o
 .text.HAL_GPIO_Init
                0x08006e54      0x2b4 ./libraries/STM32F1xx_HAL_Driver/Src/stm32f1xx_hal_gpio.o
                0x08006e54                HAL_GPIO_Init
 .text.HAL_GPIO_DeInit
                0x08007108      0x178 ./libraries/STM32F1xx_HAL_Driver/Src/stm32f1xx_hal_gpio.o
                0x08007108                HAL_GPIO_DeInit
 .text.HAL_GPIO_ReadPin
                0x08007280       0x30 ./libraries/STM32F1xx_HAL_Driver/Src/stm32f1xx_hal_gpio.o
                0x08007280                HAL_GPIO_ReadPin
 .text.HAL_GPIO_WritePin
                0x080072b0       0x30 ./libraries/STM32F1xx_HAL_Driver/Src/stm32f1xx_hal_gpio.o
                0x080072b0                HAL_GPIO_WritePin
 .text.HAL_GPIO_EXTI_IRQHandler
                0x080072e0       0x30 ./libraries/STM32F1xx_HAL_Driver/Src/stm32f1xx_hal_gpio.o
                0x080072e0                HAL_GPIO_EXTI_IRQHandler
 .text.HAL_RCC_OscConfig
                0x08007310      0x4fc ./libraries/STM32F1xx_HAL_Driver/Src/stm32f1xx_hal_rcc.o
                0x08007310                HAL_RCC_OscConfig
 .text.HAL_RCC_ClockConfig
                0x0800780c      0x1d4 ./libraries/STM32F1xx_HAL_Driver/Src/stm32f1xx_hal_rcc.o
                0x0800780c                HAL_RCC_ClockConfig
 .text.HAL_RCC_GetSysClockFreq
                0x080079e0       0xc8 ./libraries/STM32F1xx_HAL_Driver/Src/stm32f1xx_hal_rcc.o
                0x080079e0                HAL_RCC_GetSysClockFreq
 .text.HAL_RCC_GetHCLKFreq
                0x08007aa8       0x14 ./libraries/STM32F1xx_HAL_Driver/Src/stm32f1xx_hal_rcc.o
                0x08007aa8                HAL_RCC_GetHCLKFreq
 .text.HAL_RCC_GetPCLK1Freq
                0x08007abc       0x28 ./libraries/STM32F1xx_HAL_Driver/Src/stm32f1xx_hal_rcc.o
                0x08007abc                HAL_RCC_GetPCLK1Freq
 .text.HAL_RCC_GetPCLK2Freq
                0x08007ae4       0x28 ./libraries/STM32F1xx_HAL_Driver/Src/stm32f1xx_hal_rcc.o
                0x08007ae4                HAL_RCC_GetPCLK2Freq
 .text.RCC_Delay
                0x08007b0c       0x3c ./libraries/STM32F1xx_HAL_Driver/Src/stm32f1xx_hal_rcc.o
 .text.HAL_UART_Init
                0x08007b48       0x9c ./libraries/STM32F1xx_HAL_Driver/Src/stm32f1xx_hal_uart.o
                0x08007b48                HAL_UART_Init
 .text.HAL_UART_MspInit
                0x08007be4       0x14 ./libraries/STM32F1xx_HAL_Driver/Src/stm32f1xx_hal_uart.o
                0x08007be4                HAL_UART_MspInit
 .text.HAL_UART_Transmit_DMA
                0x08007bf8       0xd8 ./libraries/STM32F1xx_HAL_Driver/Src/stm32f1xx_hal_uart.o
                0x08007bf8                HAL_UART_Transmit_DMA
 .text.HAL_UART_TxCpltCallback
                0x08007cd0       0x14 ./libraries/STM32F1xx_HAL_Driver/Src/stm32f1xx_hal_uart.o
                0x08007cd0                HAL_UART_TxCpltCallback
 .text.HAL_UART_TxHalfCpltCallback
                0x08007ce4       0x14 ./libraries/STM32F1xx_HAL_Driver/Src/stm32f1xx_hal_uart.o
                0x08007ce4                HAL_UART_TxHalfCpltCallback
 .text.HAL_UART_ErrorCallback
                0x08007cf8       0x14 ./libraries/STM32F1xx_HAL_Driver/Src/stm32f1xx_hal_uart.o
                0x08007cf8                HAL_UART_ErrorCallback
 .text.UART_DMATransmitCplt
                0x08007d0c       0x54 ./libraries/STM32F1xx_HAL_Driver/Src/stm32f1xx_hal_uart.o
 .text.UART_DMATxHalfCplt
                0x08007d60       0x1c ./libraries/STM32F1xx_HAL_Driver/Src/stm32f1xx_hal_uart.o
 .text.UART_DMAError
                0x08007d7c       0x94 ./libraries/STM32F1xx_HAL_Driver/Src/stm32f1xx_hal_uart.o
 .text.UART_EndTxTransfer
                0x08007e10       0x2c ./libraries/STM32F1xx_HAL_Driver/Src/stm32f1xx_hal_uart.o
 .text.UART_EndRxTransfer
                0x08007e3c       0x3c ./libraries/STM32F1xx_HAL_Driver/Src/stm32f1xx_hal_uart.o
 .text.UART_SetConfig
                0x08007e78      0x1b4 ./libraries/STM32F1xx_HAL_Driver/Src/stm32f1xx_hal_uart.o
 .text.Reset_Handler
                0x0800802c       0x44 ./libraries/CMSIS/Device/ST/STM32F1xx/Source/Templates/gcc/startup_stm32f103xb.o
                0x0800802c                Reset_Handler
 .text.Default_Handler
                0x08008070        0x2 ./libraries/CMSIS/Device/ST/STM32F1xx/Source/Templates/gcc/startup_stm32f103xb.o
                0x08008070                RTC_Alarm_IRQHandler
                0x08008070                DebugMon_Handler
                0x08008070                TIM1_CC_IRQHandler
                0x08008070                PVD_IRQHandler
                0x08008070                NMI_Handler
                0x08008070                I2C2_EV_IRQHandler
                0x08008070                UsageFault_Handler
                0x08008070                ADC1_2_IRQHandler
                0x08008070                SPI1_IRQHandler
                0x08008070                TAMPER_IRQHandler
                0x08008070                DMA1_Channel4_IRQHandler
                0x08008070                USART3_IRQHandler
                0x08008070                RTC_IRQHandler
                0x08008070                DMA1_Channel7_IRQHandler
                0x08008070                CAN1_RX1_IRQHandler
                0x08008070                TIM4_IRQHandler
                0x08008070                I2C1_EV_IRQHandler
                0x08008070                DMA1_Channel6_IRQHandler
                0x08008070                TIM3_IRQHandler
                0x08008070                RCC_IRQHandler
                0x08008070                TIM1_TRG_COM_IRQHandler
                0x08008070                DMA1_Channel1_IRQHandler
                0x08008070                Default_Handler
                0x08008070                SPI2_IRQHandler
                0x08008070                MemManage_Handler
                0x08008070                SVC_Handler
                0x08008070                DMA1_Channel5_IRQHandler
                0x08008070                USB_LP_CAN1_RX0_IRQHandler
                0x08008070                USB_HP_CAN1_TX_IRQHandler
                0x08008070                DMA1_Channel3_IRQHandler
                0x08008070                TIM1_UP_IRQHandler
                0x08008070                WWDG_IRQHandler
                0x08008070                TIM2_IRQHandler
                0x08008070                TIM1_BRK_IRQHandler
                0x08008070                I2C2_ER_IRQHandler
                0x08008070                DMA1_Channel2_IRQHandler
                0x08008070                CAN1_SCE_IRQHandler
                0x08008070                FLASH_IRQHandler
                0x08008070                BusFault_Handler
                0x08008070                USART1_IRQHandler
                0x08008070                I2C1_ER_IRQHandler
                0x08008070                USBWakeUp_IRQHandler
 *fill*         0x08008072        0x2 00000000
 .text.SystemInit
                0x08008074       0x68 ./libraries/CMSIS/Device/ST/STM32F1xx/Source/Templates/system_stm32f1xx.o
                0x08008074                SystemInit
 .text.SystemClock_Config
                0x080080dc       0x90 ./drivers/board.o
                0x080080dc                SystemClock_Config
 .text.clock_information
                0x0800816c       0x10 ./drivers/board.o
                0x0800816c                clock_information
 .text.reboot   0x0800817c       0x18 ./drivers/drv_common.o
 .text.rt_hw_systick_init
                0x08008194       0x34 ./drivers/drv_common.o
                0x08008194                rt_hw_systick_init
 .text.SysTick_Handler
                0x080081c8       0x18 ./drivers/drv_common.o
                0x080081c8                SysTick_Handler
 .text.HAL_GetTick
                0x080081e0       0x24 ./drivers/drv_common.o
                0x080081e0                HAL_GetTick
 .text.HAL_InitTick
                0x08008204       0x14 ./drivers/drv_common.o
                0x08008204                HAL_InitTick
 .text._Error_Handler
                0x08008218        0xc ./drivers/drv_common.o
                0x08008218                _Error_Handler
 .text.rt_hw_board_init
                0x08008224       0x54 ./drivers/drv_common.o
                0x08008224                rt_hw_board_init
 .text.get_pin  0x08008278       0x44 ./drivers/drv_gpio.o
 .text.stm32_pin_write
                0x080082bc       0x3c ./drivers/drv_gpio.o
 .text.stm32_pin_read
                0x080082f8       0x44 ./drivers/drv_gpio.o
 .text.stm32_pin_mode
                0x0800833c       0x98 ./drivers/drv_gpio.o
 .text.bit2bitno
                0x080083d4       0x3c ./drivers/drv_gpio.o
 .text.get_pin_irq_map
                0x08008410       0x34 ./drivers/drv_gpio.o
 .text.stm32_pin_attach_irq
                0x08008444      0x148 ./drivers/drv_gpio.o
 .text.stm32_pin_dettach_irq
                0x0800858c       0xd0 ./drivers/drv_gpio.o
 .text.stm32_pin_irq_enable
                0x0800865c      0x1e0 ./drivers/drv_gpio.o
 .text.pin_irq_hdr
                0x0800883c       0x54 ./drivers/drv_gpio.o
 .text.HAL_GPIO_EXTI_Callback
                0x08008890       0x24 ./drivers/drv_gpio.o
                0x08008890                HAL_GPIO_EXTI_Callback
 .text.EXTI0_IRQHandler
                0x080088b4       0x18 ./drivers/drv_gpio.o
                0x080088b4                EXTI0_IRQHandler
 .text.EXTI1_IRQHandler
                0x080088cc       0x18 ./drivers/drv_gpio.o
                0x080088cc                EXTI1_IRQHandler
 .text.EXTI2_IRQHandler
                0x080088e4       0x18 ./drivers/drv_gpio.o
                0x080088e4                EXTI2_IRQHandler
 .text.EXTI3_IRQHandler
                0x080088fc       0x18 ./drivers/drv_gpio.o
                0x080088fc                EXTI3_IRQHandler
 .text.EXTI4_IRQHandler
                0x08008914       0x18 ./drivers/drv_gpio.o
                0x08008914                EXTI4_IRQHandler
 .text.EXTI9_5_IRQHandler
                0x0800892c       0x34 ./drivers/drv_gpio.o
                0x0800892c                EXTI9_5_IRQHandler
 .text.EXTI15_10_IRQHandler
                0x08008960       0x40 ./drivers/drv_gpio.o
                0x08008960                EXTI15_10_IRQHandler
 .text.rt_hw_pin_init
                0x080089a0       0xa0 ./drivers/drv_gpio.o
                0x080089a0                rt_hw_pin_init
 .text.__NVIC_EnableIRQ
                0x08008a40       0x38 ./drivers/drv_usart.o
 .text.__NVIC_DisableIRQ
                0x08008a78       0x44 ./drivers/drv_usart.o
 .text.stm32_uart_clk_enable
                0x08008abc       0x48 ./drivers/drv_usart.o
 .text.stm32_gpio_clk_enable
                0x08008b04      0x118 ./drivers/drv_usart.o
 .text.stm32_get_pin
                0x08008c1c       0x38 ./drivers/drv_usart.o
 .text.stm32_gpio_configure
                0x08008c54      0x25c ./drivers/drv_usart.o
 .text.stm32_configure
                0x08008eb0      0x12c ./drivers/drv_usart.o
 .text.stm32_control
                0x08008fdc       0x80 ./drivers/drv_usart.o
 .text.stm32_putc
                0x0800905c       0x58 ./drivers/drv_usart.o
 .text.stm32_getc
                0x080090b4       0x50 ./drivers/drv_usart.o
 .text.stm32_dma_transmit
                0x08009104       0x64 ./drivers/drv_usart.o
 .text.uart_isr
                0x08009168      0x160 ./drivers/drv_usart.o
 .text.USART2_IRQHandler
                0x080092c8       0x1c ./drivers/drv_usart.o
                0x080092c8                USART2_IRQHandler
 .text.stm32_uart_get_dma_config
                0x080092e4       0x18 ./drivers/drv_usart.o
 .text.rt_hw_usart_init
                0x080092fc       0xf8 ./drivers/drv_usart.o
                0x080092fc                rt_hw_usart_init
 .text.main     0x080093f4       0x6c ./applications/main.o
                0x080093f4                main
 .text.startup.register_fini
                0x08009460       0x14 d:/rt-threadstudio/platform/env_released/env/tools/gnu_gcc/arm_gcc/mingw/bin/../lib/gcc/arm-none-eabi/5.4.1/../../../../arm-none-eabi/lib/armv7-m\libg.a(lib_a-__call_atexit.o)
 .text.atexit   0x08009474        0xc d:/rt-threadstudio/platform/env_released/env/tools/gnu_gcc/arm_gcc/mingw/bin/../lib/gcc/arm-none-eabi/5.4.1/../../../../arm-none-eabi/lib/armv7-m\libg.a(lib_a-atexit.o)
                0x08009474                atexit
 .text.__libc_fini_array
                0x08009480       0x28 d:/rt-threadstudio/platform/env_released/env/tools/gnu_gcc/arm_gcc/mingw/bin/../lib/gcc/arm-none-eabi/5.4.1/../../../../arm-none-eabi/lib/armv7-m\libg.a(lib_a-fini.o)
                0x08009480                __libc_fini_array
 .text.__register_exitproc
                0x080094a8       0xa4 d:/rt-threadstudio/platform/env_released/env/tools/gnu_gcc/arm_gcc/mingw/bin/../lib/gcc/arm-none-eabi/5.4.1/../../../../arm-none-eabi/lib/armv7-m\libg.a(lib_a-__atexit.o)
                0x080094a8                __register_exitproc
 *(.rodata)
 .rodata        0x0800954c       0x17 ./rt-thread/src/components.o
 *fill*         0x08009563        0x1 00000000
 .rodata        0x08009564      0x10c ./rt-thread/src/device.o
 .rodata        0x08009670       0x34 ./rt-thread/src/idle.o
 .rodata        0x080096a4      0x476 ./rt-thread/src/ipc.o
 *fill*         0x08009b1a        0x2 00000000
 .rodata        0x08009b1c       0xc7 ./rt-thread/src/kservice.o
 *fill*         0x08009be3        0x1 00000000
 .rodata        0x08009be4      0x2fa ./rt-thread/src/mem.o
 *fill*         0x08009ede        0x2 00000000
 .rodata        0x08009ee0       0x91 ./rt-thread/src/object.o
 *fill*         0x08009f71        0x3 00000000
 .rodata        0x08009f74       0x65 ./rt-thread/src/scheduler.o
 *fill*         0x08009fd9        0x3 00000000
 .rodata        0x08009fdc      0x1b7 ./rt-thread/src/thread.o
 *fill*         0x0800a193        0x1 00000000
 .rodata        0x0800a194       0xde ./rt-thread/src/timer.o
 *fill*         0x0800a272        0x2 00000000
 .rodata        0x0800a274      0x2be ./rt-thread/libcpu/arm/cortex-m3/cpuport.o
 *fill*         0x0800a532        0x2 00000000
 .rodata        0x0800a534      0x631 ./rt-thread/components/finsh/cmd.o
 *fill*         0x0800ab65        0x3 00000000
 .rodata        0x0800ab68       0x80 ./rt-thread/components/finsh/msh.o
 .rodata        0x0800abe8       0x99 ./rt-thread/components/finsh/shell.o
 *fill*         0x0800ac81        0x3 00000000
 .rodata        0x0800ac84       0x72 ./rt-thread/components/drivers/src/completion.o
 *fill*         0x0800acf6        0x2 00000000
 .rodata        0x0800acf8       0xd7 ./rt-thread/components/drivers/serial/serial.o
 *fill*         0x0800adcf        0x1 00000000
 .rodata        0x0800add0       0x27 ./rt-thread/components/drivers/misc/pin.o
 *fill*         0x0800adf7        0x1 00000000
 .rodata        0x0800adf8       0x12 ./libraries/STM32F1xx_HAL_Driver/Src/stm32f1xx_hal_rcc.o
 *fill*         0x0800ae0a        0x2 00000000
 .rodata        0x0800ae0c       0x13 ./drivers/board.o
 *fill*         0x0800ae1f        0x1 00000000
 .rodata        0x0800ae20        0x6 ./drivers/drv_common.o
 *fill*         0x0800ae26        0x2 00000000
 .rodata        0x0800ae28        0x4 ./drivers/drv_gpio.o
 .rodata        0x0800ae2c       0xf8 ./drivers/drv_usart.o
 .rodata        0x0800af24       0x2a ./applications/main.o
 *(.rodata*)
 *fill*         0x0800af4e        0x2 00000000
 .rodata.__FUNCTION__.5304
                0x0800af50       0x14 ./rt-thread/src/components.o
 .rodata.__FUNCTION__.5196
                0x0800af64        0xf ./rt-thread/src/device.o
 *fill*         0x0800af73        0x1 00000000
 .rodata.__FUNCTION__.5220
                0x0800af74        0xf ./rt-thread/src/device.o
 *fill*         0x0800af83        0x1 00000000
 .rodata.__FUNCTION__.5225
                0x0800af84       0x10 ./rt-thread/src/device.o
 .rodata.__FUNCTION__.5232
                0x0800af94        0xf ./rt-thread/src/device.o
 *fill*         0x0800afa3        0x1 00000000
 .rodata.__FUNCTION__.5239
                0x0800afa4       0x10 ./rt-thread/src/device.o
 .rodata.__FUNCTION__.5252
                0x0800afb4       0x1a ./rt-thread/src/device.o
 *fill*         0x0800afce        0x2 00000000
 .rodata.__FUNCTION__.5287
                0x0800afd0       0x16 ./rt-thread/src/idle.o
 *fill*         0x0800afe6        0x2 00000000
 .rodata.__FUNCTION__.5292
                0x0800afe8        0xc ./rt-thread/src/ipc.o
 .rodata.__FUNCTION__.5316
                0x0800aff4        0xc ./rt-thread/src/ipc.o
 .rodata.__FUNCTION__.5327
                0x0800b000        0xf ./rt-thread/src/ipc.o
 *fill*         0x0800b00f        0x1 00000000
 .rodata.large_digits.5426
                0x0800b010       0x11 ./rt-thread/src/kservice.o
 *fill*         0x0800b021        0x3 00000000
 .rodata.small_digits.5425
                0x0800b024       0x11 ./rt-thread/src/kservice.o
 *fill*         0x0800b035        0x3 00000000
 .rodata.name   0x0800b038       0x2a ./rt-thread/src/mem.o
                0x0800b038                __fsym_list_mem_name
                0x0800b044                __fsym_list_mem_desc
 *fill*         0x0800b062        0x2 00000000
 .rodata.__FUNCTION__.5283
                0x0800b064        0xb ./rt-thread/src/mem.o
 *fill*         0x0800b06f        0x1 00000000
 .rodata.__FUNCTION__.5292
                0x0800b070       0x14 ./rt-thread/src/mem.o
 .rodata.__FUNCTION__.5301
                0x0800b084        0xa ./rt-thread/src/mem.o
 *fill*         0x0800b08e        0x2 00000000
 .rodata.__FUNCTION__.5330
                0x0800b090        0x8 ./rt-thread/src/mem.o
 .rodata.__FUNCTION__.5312
                0x0800b098        0xf ./rt-thread/src/object.o
 *fill*         0x0800b0a7        0x1 00000000
 .rodata.__FUNCTION__.5321
                0x0800b0a8       0x11 ./rt-thread/src/object.o
 *fill*         0x0800b0b9        0x3 00000000
 .rodata.__FUNCTION__.5330
                0x0800b0bc       0x13 ./rt-thread/src/object.o
 *fill*         0x0800b0cf        0x1 00000000
 .rodata.__FUNCTION__.5335
                0x0800b0d0       0x11 ./rt-thread/src/object.o
 *fill*         0x0800b0e1        0x3 00000000
 .rodata.__FUNCTION__.5339
                0x0800b0e4       0x1a ./rt-thread/src/object.o
 *fill*         0x0800b0fe        0x2 00000000
 .rodata.__FUNCTION__.5343
                0x0800b100       0x13 ./rt-thread/src/object.o
 *fill*         0x0800b113        0x1 00000000
 .rodata.__FUNCTION__.5270
                0x0800b114       0x1a ./rt-thread/src/scheduler.o
 *fill*         0x0800b12e        0x2 00000000
 .rodata.__FUNCTION__.5311
                0x0800b130       0x1a ./rt-thread/src/scheduler.o
 *fill*         0x0800b14a        0x2 00000000
 .rodata.__FUNCTION__.5317
                0x0800b14c       0x1a ./rt-thread/src/scheduler.o
 *fill*         0x0800b166        0x2 00000000
 .rodata.__FUNCTION__.5287
                0x0800b168       0x10 ./rt-thread/src/thread.o
 .rodata.__FUNCTION__.5299
                0x0800b178        0xf ./rt-thread/src/thread.o
 *fill*         0x0800b187        0x1 00000000
 .rodata.__FUNCTION__.5308
                0x0800b188       0x12 ./rt-thread/src/thread.o
 *fill*         0x0800b19a        0x2 00000000
 .rodata.__FUNCTION__.5338
                0x0800b19c       0x10 ./rt-thread/src/thread.o
 .rodata.__FUNCTION__.5370
                0x0800b1ac       0x12 ./rt-thread/src/thread.o
 *fill*         0x0800b1be        0x2 00000000
 .rodata.__FUNCTION__.5375
                0x0800b1c0       0x11 ./rt-thread/src/thread.o
 *fill*         0x0800b1d1        0x3 00000000
 .rodata.__FUNCTION__.5380
                0x0800b1d4       0x12 ./rt-thread/src/thread.o
 *fill*         0x0800b1e6        0x2 00000000
 .rodata.__FUNCTION__.5304
                0x0800b1e8        0xe ./rt-thread/src/timer.o
 *fill*         0x0800b1f6        0x2 00000000
 .rodata.__FUNCTION__.5309
                0x0800b1f8       0x10 ./rt-thread/src/timer.o
 .rodata.__FUNCTION__.5333
                0x0800b208        0xf ./rt-thread/src/timer.o
 *fill*         0x0800b217        0x1 00000000
 .rodata.__FUNCTION__.5350
                0x0800b218        0xe ./rt-thread/src/timer.o
 *fill*         0x0800b226        0x2 00000000
 .rodata.__FUNCTION__.5356
                0x0800b228       0x11 ./rt-thread/src/timer.o
 *fill*         0x0800b239        0x3 00000000
 .rodata.name   0x0800b23c      0x37a ./rt-thread/components/finsh/cmd.o
                0x0800b23c                __fsym_hello_name
                0x0800b244                __fsym_hello_desc
                0x0800b254                __fsym_version_name
                0x0800b25c                __fsym_version_desc
                0x0800b280                __fsym___cmd_version_name
                0x0800b290                __fsym___cmd_version_desc
                0x0800b2b4                __fsym_list_thread_name
                0x0800b2c0                __fsym_list_thread_desc
                0x0800b2cc                __fsym___cmd_list_thread_name
                0x0800b2e0                __fsym___cmd_list_thread_desc
                0x0800b2ec                __fsym_list_sem_name
                0x0800b2f8                __fsym_list_sem_desc
                0x0800b314                __fsym___cmd_list_sem_name
                0x0800b324                __fsym___cmd_list_sem_desc
                0x0800b340                __fsym_list_event_name
                0x0800b34c                __fsym_list_event_desc
                0x0800b364                __fsym___cmd_list_event_name
                0x0800b378                __fsym___cmd_list_event_desc
                0x0800b390                __fsym_list_mutex_name
                0x0800b39c                __fsym_list_mutex_desc
                0x0800b3b4                __fsym___cmd_list_mutex_name
                0x0800b3c8                __fsym___cmd_list_mutex_desc
                0x0800b3e0                __fsym_list_mailbox_name
                0x0800b3f0                __fsym_list_mailbox_desc
                0x0800b408                __fsym___cmd_list_mailbox_name
                0x0800b41c                __fsym___cmd_list_mailbox_desc
                0x0800b434                __fsym_list_msgqueue_name
                0x0800b444                __fsym_list_msgqueue_desc
                0x0800b464                __fsym___cmd_list_msgqueue_name
                0x0800b478                __fsym___cmd_list_msgqueue_desc
                0x0800b498                __fsym_list_mempool_name
                0x0800b4a8                __fsym_list_mempool_desc
                0x0800b4c4                __fsym___cmd_list_mempool_name
                0x0800b4d8                __fsym___cmd_list_mempool_desc
                0x0800b4f4                __fsym_list_timer_name
                0x0800b500                __fsym_list_timer_desc
                0x0800b518                __fsym___cmd_list_timer_name
                0x0800b52c                __fsym___cmd_list_timer_desc
                0x0800b544                __fsym_list_device_name
                0x0800b550                __fsym_list_device_desc
                0x0800b568                __fsym___cmd_list_device_name
                0x0800b57c                __fsym___cmd_list_device_desc
                0x0800b594                __fsym_list_name
                0x0800b59c                __fsym_list_desc
 *fill*         0x0800b5b6        0x2 00000000
 .rodata.device_type_str
                0x0800b5b8       0x58 ./rt-thread/components/finsh/cmd.o
 .rodata.name   0x0800b610       0x7d ./rt-thread/components/finsh/msh.o
                0x0800b610                __fsym___cmd_help_name
                0x0800b61c                __fsym___cmd_help_desc
                0x0800b634                __fsym___cmd_ps_name
                0x0800b640                __fsym___cmd_ps_desc
                0x0800b65c                __fsym___cmd_free_name
                0x0800b668                __fsym___cmd_free_desc
 *fill*         0x0800b68d        0x3 00000000
 .rodata.__FUNCTION__.5537
                0x0800b690        0xe ./rt-thread/components/finsh/msh.o
 *fill*         0x0800b69e        0x2 00000000
 .rodata.__FUNCTION__.5543
                0x0800b6a0       0x16 ./rt-thread/components/finsh/shell.o
 *fill*         0x0800b6b6        0x2 00000000
 .rodata.__FUNCTION__.5548
                0x0800b6b8        0xe ./rt-thread/components/finsh/shell.o
 *fill*         0x0800b6c6        0x2 00000000
 .rodata.__FUNCTION__.5556
                0x0800b6c8        0xd ./rt-thread/components/finsh/shell.o
 *fill*         0x0800b6d5        0x3 00000000
 .rodata.__FUNCTION__.5561
                0x0800b6d8       0x11 ./rt-thread/components/finsh/shell.o
 *fill*         0x0800b6e9        0x3 00000000
 .rodata.__FUNCTION__.5645
                0x0800b6ec       0x13 ./rt-thread/components/drivers/src/completion.o
 *fill*         0x0800b6ff        0x1 00000000
 .rodata.__FUNCTION__.5653
                0x0800b700       0x13 ./rt-thread/components/drivers/src/completion.o
 *fill*         0x0800b713        0x1 00000000
 .rodata.__FUNCTION__.5660
                0x0800b714       0x13 ./rt-thread/components/drivers/src/completion.o
 *fill*         0x0800b727        0x1 00000000
 .rodata.__FUNCTION__.5695
                0x0800b728        0xf ./rt-thread/components/drivers/serial/serial.o
 *fill*         0x0800b737        0x1 00000000
 .rodata.__FUNCTION__.5702
                0x0800b738        0xf ./rt-thread/components/drivers/serial/serial.o
 *fill*         0x0800b747        0x1 00000000
 .rodata.__FUNCTION__.5709
                0x0800b748       0x10 ./rt-thread/components/drivers/serial/serial.o
 .rodata.__FUNCTION__.5719
                0x0800b758        0xf ./rt-thread/components/drivers/serial/serial.o
 *fill*         0x0800b767        0x1 00000000
 .rodata.__FUNCTION__.5669
                0x0800b768        0xf ./rt-thread/components/drivers/serial/serial.o
 *fill*         0x0800b777        0x1 00000000
 .rodata.__FUNCTION__.5648
                0x0800b778       0x10 ./rt-thread/components/drivers/serial/serial.o
 .rodata.__FUNCTION__.5727
                0x0800b788       0x10 ./rt-thread/components/drivers/serial/serial.o
 .rodata.__FUNCTION__.5682
                0x0800b798        0xf ./rt-thread/components/drivers/serial/serial.o
 *fill*         0x0800b7a7        0x1 00000000
 .rodata.__FUNCTION__.5658
                0x0800b7a8       0x10 ./rt-thread/components/drivers/serial/serial.o
 .rodata.__FUNCTION__.5735
                0x0800b7b8       0x12 ./rt-thread/components/drivers/serial/serial.o
 *fill*         0x0800b7ca        0x2 00000000
 .rodata.__FUNCTION__.5750
                0x0800b7cc       0x16 ./rt-thread/components/drivers/serial/serial.o
 *fill*         0x0800b7e2        0x2 00000000
 .rodata.__FUNCTION__.5759
                0x0800b7e4       0x11 ./rt-thread/components/drivers/serial/serial.o
 *fill*         0x0800b7f5        0x3 00000000
 .rodata.name   0x0800b7f8       0x6e ./rt-thread/components/drivers/misc/pin.o
                0x0800b7f8                __fsym_pinMode_name
                0x0800b800                __fsym_pinMode_desc
                0x0800b818                __fsym_pinWrite_name
                0x0800b824                __fsym_pinWrite_desc
                0x0800b840                __fsym_pinRead_name
                0x0800b848                __fsym_pinRead_desc
 *fill*         0x0800b866        0x2 00000000
 .rodata.__FUNCTION__.5800
                0x0800b868        0xa ./rt-thread/components/drivers/misc/pin.o
 *fill*         0x0800b872        0x2 00000000
 .rodata.__FUNCTION__.5809
                0x0800b874        0xb ./rt-thread/components/drivers/misc/pin.o
 *fill*         0x0800b87f        0x1 00000000
 .rodata.__FUNCTION__.5817
                0x0800b880        0xd ./rt-thread/components/drivers/misc/pin.o
 *fill*         0x0800b88d        0x3 00000000
 .rodata.__FUNCTION__.5844
                0x0800b890        0xc ./rt-thread/components/drivers/misc/pin.o
 .rodata.__FUNCTION__.5852
                0x0800b89c        0xd ./rt-thread/components/drivers/misc/pin.o
 *fill*         0x0800b8a9        0x3 00000000
 .rodata.__FUNCTION__.5859
                0x0800b8ac        0xc ./rt-thread/components/drivers/misc/pin.o
 .rodata.AHBPrescTable
                0x0800b8b8       0x10 ./libraries/CMSIS/Device/ST/STM32F1xx/Source/Templates/system_stm32f1xx.o
                0x0800b8b8                AHBPrescTable
 .rodata.APBPrescTable
                0x0800b8c8        0x8 ./libraries/CMSIS/Device/ST/STM32F1xx/Source/Templates/system_stm32f1xx.o
                0x0800b8c8                APBPrescTable
 .rodata.name   0x0800b8d0       0x1e ./drivers/drv_common.o
                0x0800b8d0                __fsym___cmd_reboot_name
                0x0800b8e0                __fsym___cmd_reboot_desc
 *fill*         0x0800b8ee        0x2 00000000
 .rodata.pins   0x0800b8f0      0x3c0 ./drivers/drv_gpio.o
 .rodata.pin_irq_map
                0x0800bcb0       0x40 ./drivers/drv_gpio.o
 .rodata._stm32_pin_ops
                0x0800bcf0       0x18 ./drivers/drv_gpio.o
 .rodata.stm32_uart_ops
                0x0800bd08       0x14 ./drivers/drv_usart.o
 .rodata.__FUNCTION__.6990
                0x0800bd1c       0x16 ./drivers/drv_usart.o
 *fill*         0x0800bd32        0x2 00000000
 .rodata.uart_remaps.7021
                0x0800bd34       0x38 ./drivers/drv_usart.o
 .rodata.__FUNCTION__.7025
                0x0800bd6c       0x15 ./drivers/drv_usart.o
 *fill*         0x0800bd81        0x3 00000000
 .rodata.__FUNCTION__.7043
                0x0800bd84       0x10 ./drivers/drv_usart.o
 .rodata.__FUNCTION__.7063
                0x0800bd94        0xe ./drivers/drv_usart.o
 *fill*         0x0800bda2        0x2 00000000
 .rodata.__FUNCTION__.7072
                0x0800bda4        0xb ./drivers/drv_usart.o
 *fill*         0x0800bdaf        0x1 00000000
 .rodata.__FUNCTION__.7081
                0x0800bdb0        0xb ./drivers/drv_usart.o
 *fill*         0x0800bdbb        0x1 00000000
 .rodata.__FUNCTION__.7089
                0x0800bdbc       0x13 ./drivers/drv_usart.o
 *fill*         0x0800bdcf        0x1 00000000
 .rodata.__FUNCTION__.7095
                0x0800bdd0        0x9 ./drivers/drv_usart.o
 *fill*         0x0800bdd9        0x3 00000000
 .rodata.__FUNCTION__.7113
                0x0800bddc       0x11 ./drivers/drv_usart.o
 *fill*         0x0800bded        0x3 00000000
 .rodata._global_impure_ptr
                0x0800bdf0        0x4 d:/rt-threadstudio/platform/env_released/env/tools/gnu_gcc/arm_gcc/mingw/bin/../lib/gcc/arm-none-eabi/5.4.1/../../../../arm-none-eabi/lib/armv7-m\libg.a(lib_a-impure.o)
                0x0800bdf0                _global_impure_ptr
 *(.glue_7)
 .glue_7        0x0800bdf4        0x0 linker stubs
 *(.glue_7t)
 .glue_7t       0x0800bdf4        0x0 linker stubs
 *(.gnu.linkonce.t*)
                0x0800bdf4                . = ALIGN (0x4)
                0x0800bdf4                __fsymtab_start = .
 *(FSymTab)
 FSymTab        0x0800bdf4        0xc ./rt-thread/src/mem.o
                0x0800bdf4                __fsym_list_mem
 FSymTab        0x0800be00      0x108 ./rt-thread/components/finsh/cmd.o
                0x0800be00                __fsym_hello
                0x0800be0c                __fsym_version
                0x0800be18                __fsym___cmd_version
                0x0800be24                __fsym_list_thread
                0x0800be30                __fsym___cmd_list_thread
                0x0800be3c                __fsym_list_sem
                0x0800be48                __fsym___cmd_list_sem
                0x0800be54                __fsym_list_event
                0x0800be60                __fsym___cmd_list_event
                0x0800be6c                __fsym_list_mutex
                0x0800be78                __fsym___cmd_list_mutex
                0x0800be84                __fsym_list_mailbox
                0x0800be90                __fsym___cmd_list_mailbox
                0x0800be9c                __fsym_list_msgqueue
                0x0800bea8                __fsym___cmd_list_msgqueue
                0x0800beb4                __fsym_list_mempool
                0x0800bec0                __fsym___cmd_list_mempool
                0x0800becc                __fsym_list_timer
                0x0800bed8                __fsym___cmd_list_timer
                0x0800bee4                __fsym_list_device
                0x0800bef0                __fsym___cmd_list_device
                0x0800befc                __fsym_list
 FSymTab        0x0800bf08       0x24 ./rt-thread/components/finsh/msh.o
                0x0800bf08                __fsym___cmd_help
                0x0800bf14                __fsym___cmd_ps
                0x0800bf20                __fsym___cmd_free
 FSymTab        0x0800bf2c       0x24 ./rt-thread/components/drivers/misc/pin.o
                0x0800bf2c                __fsym_pinMode
                0x0800bf38                __fsym_pinWrite
                0x0800bf44                __fsym_pinRead
 FSymTab        0x0800bf50        0xc ./drivers/drv_common.o
                0x0800bf50                __fsym___cmd_reboot
                0x0800bf5c                __fsymtab_end = .
                0x0800bf5c                . = ALIGN (0x4)
                0x0800bf5c                __vsymtab_start = .
 *(VSymTab)
                0x0800bf5c                __vsymtab_end = .
                0x0800bf5c                . = ALIGN (0x4)
                0x0800bf5c                __rt_utest_tc_tab_start = .
 *(UtestTcTab)
                0x0800bf5c                __rt_utest_tc_tab_end = .
                0x0800bf5c                . = ALIGN (0x4)
                0x0800bf5c                __rtatcmdtab_start = .
 *(RtAtCmdTab)
                0x0800bf5c                __rtatcmdtab_end = .
                0x0800bf5c                . = ALIGN (0x4)
                0x0800bf5c                . = ALIGN (0x4)
                0x0800bf5c                __rt_init_start = .
 *(SORT(.rti_fn*))
 .rti_fn.0      0x0800bf5c        0x4 ./rt-thread/src/components.o
                0x0800bf5c                __rt_init_rti_start
 .rti_fn.0.end  0x0800bf60        0x4 ./rt-thread/src/components.o
                0x0800bf60                __rt_init_rti_board_start
 .rti_fn.1      0x0800bf64        0x4 ./drivers/board.o
                0x0800bf64                __rt_init_clock_information
 .rti_fn.1.end  0x0800bf68        0x4 ./rt-thread/src/components.o
                0x0800bf68                __rt_init_rti_board_end
 .rti_fn.6      0x0800bf6c        0x4 ./rt-thread/components/finsh/shell.o
                0x0800bf6c                __rt_init_finsh_system_init
 .rti_fn.6.end  0x0800bf70        0x4 ./rt-thread/src/components.o
                0x0800bf70                __rt_init_rti_end
                0x0800bf74                __rt_init_end = .
                0x0800bf74                . = ALIGN (0x4)
                [!provide]                PROVIDE (__ctors_start__, .)
 *(SORT(.init_array.*))
 .init_array.00000
                0x0800bf74        0x4 d:/rt-threadstudio/platform/env_released/env/tools/gnu_gcc/arm_gcc/mingw/bin/../lib/gcc/arm-none-eabi/5.4.1/../../../../arm-none-eabi/lib/armv7-m\libg.a(lib_a-__call_atexit.o)
 *(.init_array)
 .init_array    0x0800bf78        0x4 d:/rt-threadstudio/platform/env_released/env/tools/gnu_gcc/arm_gcc/mingw/bin/../lib/gcc/arm-none-eabi/5.4.1/armv7-m/crtbegin.o
                [!provide]                PROVIDE (__ctors_end__, .)
                0x0800bf7c                . = ALIGN (0x4)
                0x0800bf7c                _etext = .
                0x0800bf7c                __exidx_start = .

.vfp11_veneer   0x0800bf7c        0x0
 .vfp11_veneer  0x0800bf7c        0x0 linker stubs

.v4_bx          0x0800bf7c        0x0
 .v4_bx         0x0800bf7c        0x0 linker stubs

.init           0x0800bf7c        0x4
 .init          0x0800bf7c        0x4 d:/rt-threadstudio/platform/env_released/env/tools/gnu_gcc/arm_gcc/mingw/bin/../lib/gcc/arm-none-eabi/5.4.1/armv7-m/crti.o
                0x0800bf7c                _init

.fini           0x0800bf80        0x4
 .fini          0x0800bf80        0x4 d:/rt-threadstudio/platform/env_released/env/tools/gnu_gcc/arm_gcc/mingw/bin/../lib/gcc/arm-none-eabi/5.4.1/armv7-m/crti.o
                0x0800bf80                _fini

.iplt           0x0800bf84        0x0
 .iplt          0x0800bf84        0x0 d:/rt-threadstudio/platform/env_released/env/tools/gnu_gcc/arm_gcc/mingw/bin/../lib/gcc/arm-none-eabi/5.4.1/armv7-m/crtbegin.o

.eh_frame       0x0800bf84        0x0
 .eh_frame      0x0800bf84        0x0 d:/rt-threadstudio/platform/env_released/env/tools/gnu_gcc/arm_gcc/mingw/bin/../lib/gcc/arm-none-eabi/5.4.1/armv7-m/crtbegin.o

.rel.dyn        0x0800bf84        0x0
 .rel.iplt      0x0800bf84        0x0 d:/rt-threadstudio/platform/env_released/env/tools/gnu_gcc/arm_gcc/mingw/bin/../lib/gcc/arm-none-eabi/5.4.1/armv7-m/crtbegin.o

.ARM.exidx      0x0800bf84        0x0
 *(.ARM.exidx* .gnu.linkonce.armexidx.*)
                0x0800bf84                _sidata = .
                0x0800bf84                __exidx_end = .

.data           0x20000000      0x5a0 load address 0x0800bf84
                0x20000000                . = ALIGN (0x4)
                0x20000000                _sdata = .
 *(.data)
 *(.data.*)
 .data.rt_object_container
                0x20000000       0x90 ./rt-thread/src/object.o
 .data.uwTickPrio
                0x20000090        0x4 ./libraries/STM32F1xx_HAL_Driver/Src/stm32f1xx_hal.o
                0x20000090                uwTickPrio
 .data.uwTickFreq
                0x20000094        0x1 ./libraries/STM32F1xx_HAL_Driver/Src/stm32f1xx_hal.o
                0x20000094                uwTickFreq
 *fill*         0x20000095        0x3 
 .data.SystemCoreClock
                0x20000098        0x4 ./libraries/CMSIS/Device/ST/STM32F1xx/Source/Templates/system_stm32f1xx.o
                0x20000098                SystemCoreClock
 .data.pin_irq_hdr_tab
                0x2000009c       0xc0 ./drivers/drv_gpio.o
 .data.uart_config
                0x2000015c       0x1c ./drivers/drv_usart.o
 .data.impure_data
                0x20000178      0x428 d:/rt-threadstudio/platform/env_released/env/tools/gnu_gcc/arm_gcc/mingw/bin/../lib/gcc/arm-none-eabi/5.4.1/../../../../arm-none-eabi/lib/armv7-m\libg.a(lib_a-impure.o)
 *(.gnu.linkonce.d*)
                [!provide]                PROVIDE (__dtors_start__, .)
 *(SORT(.dtors.*))
 *(.dtors)
                [!provide]                PROVIDE (__dtors_end__, .)
                0x200005a0                . = ALIGN (0x4)
                0x200005a0                _edata = .

.jcr            0x200005a0        0x0 load address 0x0800c524
 .jcr           0x200005a0        0x0 d:/rt-threadstudio/platform/env_released/env/tools/gnu_gcc/arm_gcc/mingw/bin/../lib/gcc/arm-none-eabi/5.4.1/armv7-m/crtbegin.o

.igot.plt       0x200005a0        0x0 load address 0x0800c524
 .igot.plt      0x200005a0        0x0 d:/rt-threadstudio/platform/env_released/env/tools/gnu_gcc/arm_gcc/mingw/bin/../lib/gcc/arm-none-eabi/5.4.1/armv7-m/crtbegin.o

.stack          0x200005a0      0x200 load address 0x0800c524
                0x200005a0                . = ALIGN (0x4)
                0x200005a0                _sstack = .
                0x200007a0                . = (. + _system_stack_size)
 *fill*         0x200005a0      0x200 
                0x200007a0                . = ALIGN (0x4)
                0x200007a0                _estack = .
                0x200007a0                __bss_start = .

.bss            0x200007a0      0x8f8 load address 0x0800c724
                0x200007a0                . = ALIGN (0x4)
                0x200007a0                _sbss = .
 *(.bss)
 .bss           0x200007a0       0x1c d:/rt-threadstudio/platform/env_released/env/tools/gnu_gcc/arm_gcc/mingw/bin/../lib/gcc/arm-none-eabi/5.4.1/armv7-m/crtbegin.o
 *(.bss.*)
 .bss.rt_tick   0x200007bc        0x4 ./rt-thread/src/clock.o
 .bss.idle      0x200007c0       0x80 ./rt-thread/src/idle.o
 .bss.rt_thread_stack
                0x20000840      0x100 ./rt-thread/src/idle.o
 .bss.idle_hook_list
                0x20000940       0x10 ./rt-thread/src/idle.o
 .bss.rt_interrupt_enter_hook
                0x20000950        0x4 ./rt-thread/src/irq.o
 .bss.rt_interrupt_leave_hook
                0x20000954        0x4 ./rt-thread/src/irq.o
 .bss.rt_interrupt_nest
                0x20000958        0x1 ./rt-thread/src/irq.o
                0x20000958                rt_interrupt_nest
 *fill*         0x20000959        0x3 
 .bss.__rt_errno
                0x2000095c        0x4 ./rt-thread/src/kservice.o
 .bss._console_device
                0x20000960        0x4 ./rt-thread/src/kservice.o
 .bss.rt_log_buf.5536
                0x20000964      0x100 ./rt-thread/src/kservice.o
 .bss.rt_malloc_hook
                0x20000a64        0x4 ./rt-thread/src/mem.o
 .bss.rt_free_hook
                0x20000a68        0x4 ./rt-thread/src/mem.o
 .bss.heap_ptr  0x20000a6c        0x4 ./rt-thread/src/mem.o
 .bss.heap_end  0x20000a70        0x4 ./rt-thread/src/mem.o
 .bss.lfree     0x20000a74        0x4 ./rt-thread/src/mem.o
 .bss.heap_sem  0x20000a78       0x20 ./rt-thread/src/mem.o
 .bss.mem_size_aligned
                0x20000a98        0x4 ./rt-thread/src/mem.o
 .bss.used_mem  0x20000a9c        0x4 ./rt-thread/src/mem.o
 .bss.max_mem   0x20000aa0        0x4 ./rt-thread/src/mem.o
 .bss.rt_object_attach_hook
                0x20000aa4        0x4 ./rt-thread/src/object.o
 .bss.rt_object_detach_hook
                0x20000aa8        0x4 ./rt-thread/src/object.o
 .bss.rt_scheduler_lock_nest
                0x20000aac        0x2 ./rt-thread/src/scheduler.o
 *fill*         0x20000aae        0x2 
 .bss.rt_scheduler_hook
                0x20000ab0        0x4 ./rt-thread/src/scheduler.o
 .bss.rt_thread_suspend_hook
                0x20000ab4        0x4 ./rt-thread/src/thread.o
 .bss.rt_thread_resume_hook
                0x20000ab8        0x4 ./rt-thread/src/thread.o
 .bss.rt_thread_inited_hook
                0x20000abc        0x4 ./rt-thread/src/thread.o
 .bss.rt_timer_list
                0x20000ac0        0x8 ./rt-thread/src/timer.o
 .bss.rt_soft_timer_list
                0x20000ac8        0x8 ./rt-thread/src/timer.o
 .bss.timer_thread
                0x20000ad0       0x80 ./rt-thread/src/timer.o
 .bss.timer_thread_stack
                0x20000b50      0x200 ./rt-thread/src/timer.o
 .bss.rt_timer_enter_hook
                0x20000d50        0x4 ./rt-thread/src/timer.o
 .bss.rt_timer_exit_hook
                0x20000d54        0x4 ./rt-thread/src/timer.o
 .bss.random_nr.5332
                0x20000d58        0x4 ./rt-thread/src/timer.o
 .bss.rt_exception_hook
                0x20000d5c        0x4 ./rt-thread/libcpu/arm/cortex-m3/cpuport.o
 .bss._syscall_table_begin
                0x20000d60        0x4 ./rt-thread/components/finsh/shell.o
                0x20000d60                _syscall_table_begin
 .bss._syscall_table_end
                0x20000d64        0x4 ./rt-thread/components/finsh/shell.o
                0x20000d64                _syscall_table_end
 .bss._sysvar_table_begin
                0x20000d68        0x4 ./rt-thread/components/finsh/shell.o
                0x20000d68                _sysvar_table_begin
 .bss._sysvar_table_end
                0x20000d6c        0x4 ./rt-thread/components/finsh/shell.o
                0x20000d6c                _sysvar_table_end
 .bss.finsh_prompt_custom
                0x20000d70        0x4 ./rt-thread/components/finsh/shell.o
 .bss.finsh_prompt.5535
                0x20000d74      0x101 ./rt-thread/components/finsh/shell.o
 *fill*         0x20000e75        0x3 
 .bss.already_output.5689
                0x20000e78        0x4 ./rt-thread/components/drivers/serial/serial.o
 .bss._hw_pin   0x20000e7c       0x44 ./rt-thread/components/drivers/misc/pin.o
 .bss.pin_irq_enable_mask
                0x20000ec0        0x4 ./drivers/drv_gpio.o
 .bss.uart_obj  0x20000ec4       0x9c ./drivers/drv_usart.o
 *(COMMON)
 COMMON         0x20000f60        0x4 ./rt-thread/src/kservice.o
                0x20000f60                rt_assert_hook
 COMMON         0x20000f64        0xc ./rt-thread/src/object.o
                0x20000f64                rt_object_put_hook
                0x20000f68                rt_object_take_hook
                0x20000f6c                rt_object_trytake_hook
 COMMON         0x20000f70      0x114 ./rt-thread/src/scheduler.o
                0x20000f70                rt_thread_priority_table
                0x20001070                rt_current_priority
                0x20001074                rt_current_thread
                0x20001078                rt_thread_ready_priority_group
                0x2000107c                rt_thread_defunct
 COMMON         0x20001084        0xc ./rt-thread/libcpu/arm/cortex-m3/cpuport.o
                0x20001084                rt_interrupt_to_thread
                0x20001088                rt_interrupt_from_thread
                0x2000108c                rt_thread_switch_interrupt_flag
 COMMON         0x20001090        0x4 ./rt-thread/components/finsh/shell.o
                0x20001090                shell
 COMMON         0x20001094        0x4 ./libraries/STM32F1xx_HAL_Driver/Src/stm32f1xx_hal.o
                0x20001094                uwTick
                0x20001098                . = ALIGN (0x4)
                0x20001098                _ebss = .
 *(.bss.init)
                0x20001098                __bss_end = .
                0x20001098                _end = .

.stab
 *(.stab)

.stabstr
 *(.stabstr)

.stab.excl
 *(.stab.excl)

.stab.exclstr
 *(.stab.exclstr)

.stab.index
 *(.stab.index)

.stab.indexstr
 *(.stab.indexstr)

.comment        0x00000000       0x6e
 *(.comment)
 .comment       0x00000000       0x6e ./rt-thread/src/clock.o
                                 0x6f (size before relaxing)
 .comment       0x0000006e       0x6f ./rt-thread/src/components.o
 .comment       0x0000006e       0x6f ./rt-thread/src/device.o
 .comment       0x0000006e       0x6f ./rt-thread/src/idle.o
 .comment       0x0000006e       0x6f ./rt-thread/src/ipc.o
 .comment       0x0000006e       0x6f ./rt-thread/src/irq.o
 .comment       0x0000006e       0x6f ./rt-thread/src/kservice.o
 .comment       0x0000006e       0x6f ./rt-thread/src/mem.o
 .comment       0x0000006e       0x6f ./rt-thread/src/object.o
 .comment       0x0000006e       0x6f ./rt-thread/src/scheduler.o
 .comment       0x0000006e       0x6f ./rt-thread/src/thread.o
 .comment       0x0000006e       0x6f ./rt-thread/src/timer.o
 .comment       0x0000006e       0x6f ./rt-thread/libcpu/arm/cortex-m3/cpuport.o
 .comment       0x0000006e       0x6f ./rt-thread/components/libc/compilers/minilibc/stdlib.o
 .comment       0x0000006e       0x6f ./rt-thread/components/libc/compilers/minilibc/string.o
 .comment       0x0000006e       0x6f ./rt-thread/components/finsh/cmd.o
 .comment       0x0000006e       0x6f ./rt-thread/components/finsh/msh.o
 .comment       0x0000006e       0x6f ./rt-thread/components/finsh/shell.o
 .comment       0x0000006e       0x6f ./rt-thread/components/drivers/src/completion.o
 .comment       0x0000006e       0x6f ./rt-thread/components/drivers/serial/serial.o
 .comment       0x0000006e       0x6f ./rt-thread/components/drivers/misc/pin.o
 .comment       0x0000006e       0x6f ./libraries/STM32F1xx_HAL_Driver/Src/stm32f1xx_hal.o
 .comment       0x0000006e       0x6f ./libraries/STM32F1xx_HAL_Driver/Src/stm32f1xx_hal_cortex.o
 .comment       0x0000006e       0x6f ./libraries/STM32F1xx_HAL_Driver/Src/stm32f1xx_hal_dma.o
 .comment       0x0000006e       0x6f ./libraries/STM32F1xx_HAL_Driver/Src/stm32f1xx_hal_gpio.o
 .comment       0x0000006e       0x6f ./libraries/STM32F1xx_HAL_Driver/Src/stm32f1xx_hal_rcc.o
 .comment       0x0000006e       0x6f ./libraries/STM32F1xx_HAL_Driver/Src/stm32f1xx_hal_uart.o
 .comment       0x0000006e       0x6f ./libraries/CMSIS/Device/ST/STM32F1xx/Source/Templates/system_stm32f1xx.o
 .comment       0x0000006e       0x6f ./drivers/board.o
 .comment       0x0000006e       0x6f ./drivers/drv_common.o
 .comment       0x0000006e       0x6f ./drivers/drv_gpio.o
 .comment       0x0000006e       0x6f ./drivers/drv_usart.o
 .comment       0x0000006e       0x6f ./applications/main.o

.ARM.attributes
                0x00000000       0x29
 .ARM.attributes
                0x00000000       0x1d d:/rt-threadstudio/platform/env_released/env/tools/gnu_gcc/arm_gcc/mingw/bin/../lib/gcc/arm-none-eabi/5.4.1/armv7-m/crti.o
 .ARM.attributes
                0x0000001d       0x2d d:/rt-threadstudio/platform/env_released/env/tools/gnu_gcc/arm_gcc/mingw/bin/../lib/gcc/arm-none-eabi/5.4.1/armv7-m/crtbegin.o
 .ARM.attributes
                0x0000004a       0x33 ./rt-thread/src/clock.o
 .ARM.attributes
                0x0000007d       0x33 ./rt-thread/src/components.o
 .ARM.attributes
                0x000000b0       0x33 ./rt-thread/src/device.o
 .ARM.attributes
                0x000000e3       0x33 ./rt-thread/src/idle.o
 .ARM.attributes
                0x00000116       0x33 ./rt-thread/src/ipc.o
 .ARM.attributes
                0x00000149       0x33 ./rt-thread/src/irq.o
 .ARM.attributes
                0x0000017c       0x33 ./rt-thread/src/kservice.o
 .ARM.attributes
                0x000001af       0x33 ./rt-thread/src/mem.o
 .ARM.attributes
                0x000001e2       0x33 ./rt-thread/src/object.o
 .ARM.attributes
                0x00000215       0x33 ./rt-thread/src/scheduler.o
 .ARM.attributes
                0x00000248       0x33 ./rt-thread/src/thread.o
 .ARM.attributes
                0x0000027b       0x33 ./rt-thread/src/timer.o
 .ARM.attributes
                0x000002ae       0x21 ./rt-thread/libcpu/arm/cortex-m3/context_gcc.o
 .ARM.attributes
                0x000002cf       0x33 ./rt-thread/libcpu/arm/cortex-m3/cpuport.o
 .ARM.attributes
                0x00000302       0x33 ./rt-thread/components/libc/compilers/minilibc/stdlib.o
 .ARM.attributes
                0x00000335       0x33 ./rt-thread/components/libc/compilers/minilibc/string.o
 .ARM.attributes
                0x00000368       0x33 ./rt-thread/components/finsh/cmd.o
 .ARM.attributes
                0x0000039b       0x33 ./rt-thread/components/finsh/msh.o
 .ARM.attributes
                0x000003ce       0x33 ./rt-thread/components/finsh/shell.o
 .ARM.attributes
                0x00000401       0x33 ./rt-thread/components/drivers/src/completion.o
 .ARM.attributes
                0x00000434       0x33 ./rt-thread/components/drivers/serial/serial.o
 .ARM.attributes
                0x00000467       0x33 ./rt-thread/components/drivers/misc/pin.o
 .ARM.attributes
                0x0000049a       0x33 ./libraries/STM32F1xx_HAL_Driver/Src/stm32f1xx_hal.o
 .ARM.attributes
                0x000004cd       0x33 ./libraries/STM32F1xx_HAL_Driver/Src/stm32f1xx_hal_cortex.o
 .ARM.attributes
                0x00000500       0x33 ./libraries/STM32F1xx_HAL_Driver/Src/stm32f1xx_hal_dma.o
 .ARM.attributes
                0x00000533       0x33 ./libraries/STM32F1xx_HAL_Driver/Src/stm32f1xx_hal_gpio.o
 .ARM.attributes
                0x00000566       0x33 ./libraries/STM32F1xx_HAL_Driver/Src/stm32f1xx_hal_rcc.o
 .ARM.attributes
                0x00000599       0x33 ./libraries/STM32F1xx_HAL_Driver/Src/stm32f1xx_hal_uart.o
 .ARM.attributes
                0x000005cc       0x21 ./libraries/CMSIS/Device/ST/STM32F1xx/Source/Templates/gcc/startup_stm32f103xb.o
 .ARM.attributes
                0x000005ed       0x33 ./libraries/CMSIS/Device/ST/STM32F1xx/Source/Templates/system_stm32f1xx.o
 .ARM.attributes
                0x00000620       0x33 ./drivers/board.o
 .ARM.attributes
                0x00000653       0x33 ./drivers/drv_common.o
 .ARM.attributes
                0x00000686       0x33 ./drivers/drv_gpio.o
 .ARM.attributes
                0x000006b9       0x33 ./drivers/drv_usart.o
 .ARM.attributes
                0x000006ec       0x33 ./applications/main.o
 .ARM.attributes
                0x0000071f       0x2d d:/rt-threadstudio/platform/env_released/env/tools/gnu_gcc/arm_gcc/mingw/bin/../lib/gcc/arm-none-eabi/5.4.1/../../../../arm-none-eabi/lib/armv7-m\libg.a(lib_a-impure.o)
 .ARM.attributes
                0x0000074c       0x2d d:/rt-threadstudio/platform/env_released/env/tools/gnu_gcc/arm_gcc/mingw/bin/../lib/gcc/arm-none-eabi/5.4.1/../../../../arm-none-eabi/lib/armv7-m\libg.a(lib_a-__call_atexit.o)
 .ARM.attributes
                0x00000779       0x2d d:/rt-threadstudio/platform/env_released/env/tools/gnu_gcc/arm_gcc/mingw/bin/../lib/gcc/arm-none-eabi/5.4.1/../../../../arm-none-eabi/lib/armv7-m\libg.a(lib_a-atexit.o)
 .ARM.attributes
                0x000007a6       0x2d d:/rt-threadstudio/platform/env_released/env/tools/gnu_gcc/arm_gcc/mingw/bin/../lib/gcc/arm-none-eabi/5.4.1/../../../../arm-none-eabi/lib/armv7-m\libg.a(lib_a-fini.o)
 .ARM.attributes
                0x000007d3       0x2d d:/rt-threadstudio/platform/env_released/env/tools/gnu_gcc/arm_gcc/mingw/bin/../lib/gcc/arm-none-eabi/5.4.1/../../../../arm-none-eabi/lib/armv7-m\libg.a(lib_a-__atexit.o)

.debug
 *(.debug)

.line
 *(.line)

.debug_srcinfo
 *(.debug_srcinfo)

.debug_sfnames
 *(.debug_sfnames)

.debug_aranges  0x00000000     0x1398
 *(.debug_aranges)
 .debug_aranges
                0x00000000       0x40 ./rt-thread/src/clock.o
 .debug_aranges
                0x00000040       0x68 ./rt-thread/src/components.o
 .debug_aranges
                0x000000a8       0x88 ./rt-thread/src/device.o
 .debug_aranges
                0x00000130       0x58 ./rt-thread/src/idle.o
 .debug_aranges
                0x00000188      0x188 ./rt-thread/src/ipc.o
 .debug_aranges
                0x00000310       0x40 ./rt-thread/src/irq.o
 .debug_aranges
                0x00000350      0x118 ./rt-thread/src/kservice.o
 .debug_aranges
                0x00000468       0x68 ./rt-thread/src/mem.o
 .debug_aranges
                0x000004d0       0x98 ./rt-thread/src/object.o
 .debug_aranges
                0x00000568       0x90 ./rt-thread/src/scheduler.o
 .debug_aranges
                0x000005f8       0xd8 ./rt-thread/src/thread.o
 .debug_aranges
                0x000006d0       0xc8 ./rt-thread/src/timer.o
 .debug_aranges
                0x00000798       0x20 ./rt-thread/libcpu/arm/cortex-m3/context_gcc.o
 .debug_aranges
                0x000007b8       0x68 ./rt-thread/libcpu/arm/cortex-m3/cpuport.o
 .debug_aranges
                0x00000820       0x48 ./rt-thread/components/libc/compilers/minilibc/stdlib.o
 .debug_aranges
                0x00000868       0xf0 ./rt-thread/components/libc/compilers/minilibc/string.o
 .debug_aranges
                0x00000958       0xa8 ./rt-thread/components/finsh/cmd.o
 .debug_aranges
                0x00000a00       0x68 ./rt-thread/components/finsh/msh.o
 .debug_aranges
                0x00000a68       0xa0 ./rt-thread/components/finsh/shell.o
 .debug_aranges
                0x00000b08       0x48 ./rt-thread/components/drivers/src/completion.o
 .debug_aranges
                0x00000b50       0x80 ./rt-thread/components/drivers/serial/serial.o
 .debug_aranges
                0x00000bd0       0x68 ./rt-thread/components/drivers/misc/pin.o
 .debug_aranges
                0x00000c38       0xe0 ./libraries/STM32F1xx_HAL_Driver/Src/stm32f1xx_hal.o
 .debug_aranges
                0x00000d18      0x100 ./libraries/STM32F1xx_HAL_Driver/Src/stm32f1xx_hal_cortex.o
 .debug_aranges
                0x00000e18       0x80 ./libraries/STM32F1xx_HAL_Driver/Src/stm32f1xx_hal_dma.o
 .debug_aranges
                0x00000e98       0x58 ./libraries/STM32F1xx_HAL_Driver/Src/stm32f1xx_hal_gpio.o
 .debug_aranges
                0x00000ef0       0x90 ./libraries/STM32F1xx_HAL_Driver/Src/stm32f1xx_hal_rcc.o
 .debug_aranges
                0x00000f80      0x1d0 ./libraries/STM32F1xx_HAL_Driver/Src/stm32f1xx_hal_uart.o
 .debug_aranges
                0x00001150       0x28 ./libraries/CMSIS/Device/ST/STM32F1xx/Source/Templates/gcc/startup_stm32f103xb.o
 .debug_aranges
                0x00001178       0x28 ./libraries/CMSIS/Device/ST/STM32F1xx/Source/Templates/system_stm32f1xx.o
 .debug_aranges
                0x000011a0       0x28 ./drivers/board.o
 .debug_aranges
                0x000011c8       0x70 ./drivers/drv_common.o
 .debug_aranges
                0x00001238       0xb0 ./drivers/drv_gpio.o
 .debug_aranges
                0x000012e8       0x90 ./drivers/drv_usart.o
 .debug_aranges
                0x00001378       0x20 ./applications/main.o

.debug_pubnames
 *(.debug_pubnames)

.debug_info     0x00000000    0x144e9
 *(.debug_info .gnu.linkonce.wi.*)
 .debug_info    0x00000000      0x439 ./rt-thread/src/clock.o
 .debug_info    0x00000439      0x54b ./rt-thread/src/components.o
 .debug_info    0x00000984      0x96d ./rt-thread/src/device.o
 .debug_info    0x000012f1      0x630 ./rt-thread/src/idle.o
 .debug_info    0x00001921     0x1b93 ./rt-thread/src/ipc.o
 .debug_info    0x000034b4      0x1b4 ./rt-thread/src/irq.o
 .debug_info    0x00003668     0x1248 ./rt-thread/src/kservice.o
 .debug_info    0x000048b0      0x786 ./rt-thread/src/mem.o
 .debug_info    0x00005036      0x796 ./rt-thread/src/object.o
 .debug_info    0x000057cc      0x7e8 ./rt-thread/src/scheduler.o
 .debug_info    0x00005fb4      0xc5b ./rt-thread/src/thread.o
 .debug_info    0x00006c0f      0xb28 ./rt-thread/src/timer.o
 .debug_info    0x00007737       0x78 ./rt-thread/libcpu/arm/cortex-m3/context_gcc.o
 .debug_info    0x000077af      0x429 ./rt-thread/libcpu/arm/cortex-m3/cpuport.o
 .debug_info    0x00007bd8      0x1e8 ./rt-thread/components/libc/compilers/minilibc/stdlib.o
 .debug_info    0x00007dc0      0xb29 ./rt-thread/components/libc/compilers/minilibc/string.o
 .debug_info    0x000088e9     0x1ab2 ./rt-thread/components/finsh/cmd.o
 .debug_info    0x0000a39b      0x634 ./rt-thread/components/finsh/msh.o
 .debug_info    0x0000a9cf      0xdd0 ./rt-thread/components/finsh/shell.o
 .debug_info    0x0000b79f      0x58e ./rt-thread/components/drivers/src/completion.o
 .debug_info    0x0000bd2d      0xd6a ./rt-thread/components/drivers/serial/serial.o
 .debug_info    0x0000ca97      0xb08 ./rt-thread/components/drivers/misc/pin.o
 .debug_info    0x0000d59f      0x739 ./libraries/STM32F1xx_HAL_Driver/Src/stm32f1xx_hal.o
 .debug_info    0x0000dcd8      0xb7f ./libraries/STM32F1xx_HAL_Driver/Src/stm32f1xx_hal_cortex.o
 .debug_info    0x0000e857      0x75e ./libraries/STM32F1xx_HAL_Driver/Src/stm32f1xx_hal_dma.o
 .debug_info    0x0000efb5      0x622 ./libraries/STM32F1xx_HAL_Driver/Src/stm32f1xx_hal_gpio.o
 .debug_info    0x0000f5d7      0x85d ./libraries/STM32F1xx_HAL_Driver/Src/stm32f1xx_hal_rcc.o
 .debug_info    0x0000fe34     0x1295 ./libraries/STM32F1xx_HAL_Driver/Src/stm32f1xx_hal_uart.o
 .debug_info    0x000110c9       0x96 ./libraries/CMSIS/Device/ST/STM32F1xx/Source/Templates/gcc/startup_stm32f103xb.o
 .debug_info    0x0001115f      0x40a ./libraries/CMSIS/Device/ST/STM32F1xx/Source/Templates/system_stm32f1xx.o
 .debug_info    0x00011569      0x26a ./drivers/board.o
 .debug_info    0x000117d3      0x598 ./drivers/drv_common.o
 .debug_info    0x00011d6b      0xe92 ./drivers/drv_gpio.o
 .debug_info    0x00012bfd     0x1818 ./drivers/drv_usart.o
 .debug_info    0x00014415       0xd4 ./applications/main.o

.debug_abbrev   0x00000000     0x3dff